ARM Linker, 4.1 [Build 894] [Professional (MDK + RL-ARM)]

==============================================================================

Section Cross References

    misc.o(i.NVIC_Init) refers to bsp.o(i.assert_failed) for assert_failed
    misc.o(i.NVIC_PriorityGroupConfig) refers to bsp.o(i.assert_failed) for assert_failed
    misc.o(i.NVIC_SetVectorTable) refers to bsp.o(i.assert_failed) for assert_failed
    misc.o(i.NVIC_SystemLPConfig) refers to bsp.o(i.assert_failed) for assert_failed
    misc.o(i.SysTick_CLKSourceConfig) refers to bsp.o(i.assert_failed) for assert_failed
    stm32f10x_rcc.o(i.RCC_ADCCLKConfig) refers to bsp.o(i.assert_failed) for assert_failed
    stm32f10x_rcc.o(i.RCC_AHBPeriphClockCmd) refers to bsp.o(i.assert_failed) for assert_failed
    stm32f10x_rcc.o(i.RCC_APB1PeriphClockCmd) refers to bsp.o(i.assert_failed) for assert_failed
    stm32f10x_rcc.o(i.RCC_APB1PeriphResetCmd) refers to bsp.o(i.assert_failed) for assert_failed
    stm32f10x_rcc.o(i.RCC_APB2PeriphClockCmd) refers to bsp.o(i.assert_failed) for assert_failed
    stm32f10x_rcc.o(i.RCC_APB2PeriphResetCmd) refers to bsp.o(i.assert_failed) for assert_failed
    stm32f10x_rcc.o(i.RCC_AdjustHSICalibrationValue) refers to bsp.o(i.assert_failed) for assert_failed
    stm32f10x_rcc.o(i.RCC_BackupResetCmd) refers to bsp.o(i.assert_failed) for assert_failed
    stm32f10x_rcc.o(i.RCC_ClearITPendingBit) refers to bsp.o(i.assert_failed) for assert_failed
    stm32f10x_rcc.o(i.RCC_ClockSecuritySystemCmd) refers to bsp.o(i.assert_failed) for assert_failed
    stm32f10x_rcc.o(i.RCC_GetClocksFreq) refers to stm32f10x_rcc.o(.data) for .data
    stm32f10x_rcc.o(i.RCC_GetFlagStatus) refers to bsp.o(i.assert_failed) for assert_failed
    stm32f10x_rcc.o(i.RCC_GetITStatus) refers to bsp.o(i.assert_failed) for assert_failed
    stm32f10x_rcc.o(i.RCC_HCLKConfig) refers to bsp.o(i.assert_failed) for assert_failed
    stm32f10x_rcc.o(i.RCC_HSEConfig) refers to bsp.o(i.assert_failed) for assert_failed
    stm32f10x_rcc.o(i.RCC_HSICmd) refers to bsp.o(i.assert_failed) for assert_failed
    stm32f10x_rcc.o(i.RCC_ITConfig) refers to bsp.o(i.assert_failed) for assert_failed
    stm32f10x_rcc.o(i.RCC_LSEConfig) refers to bsp.o(i.assert_failed) for assert_failed
    stm32f10x_rcc.o(i.RCC_LSICmd) refers to bsp.o(i.assert_failed) for assert_failed
    stm32f10x_rcc.o(i.RCC_MCOConfig) refers to bsp.o(i.assert_failed) for assert_failed
    stm32f10x_rcc.o(i.RCC_PCLK1Config) refers to bsp.o(i.assert_failed) for assert_failed
    stm32f10x_rcc.o(i.RCC_PCLK2Config) refers to bsp.o(i.assert_failed) for assert_failed
    stm32f10x_rcc.o(i.RCC_PLLCmd) refers to bsp.o(i.assert_failed) for assert_failed
    stm32f10x_rcc.o(i.RCC_PLLConfig) refers to bsp.o(i.assert_failed) for assert_failed
    stm32f10x_rcc.o(i.RCC_RTCCLKCmd) refers to bsp.o(i.assert_failed) for assert_failed
    stm32f10x_rcc.o(i.RCC_RTCCLKConfig) refers to bsp.o(i.assert_failed) for assert_failed
    stm32f10x_rcc.o(i.RCC_SYSCLKConfig) refers to bsp.o(i.assert_failed) for assert_failed
    stm32f10x_rcc.o(i.RCC_USBCLKConfig) refers to bsp.o(i.assert_failed) for assert_failed
    stm32f10x_rcc.o(i.RCC_WaitForHSEStartUp) refers to stm32f10x_rcc.o(i.RCC_GetFlagStatus) for RCC_GetFlagStatus
    stm32f10x_gpio.o(i.GPIO_AFIODeInit) refers to stm32f10x_rcc.o(i.RCC_APB2PeriphResetCmd) for RCC_APB2PeriphResetCmd
    stm32f10x_gpio.o(i.GPIO_DeInit) refers to bsp.o(i.assert_failed) for assert_failed
    stm32f10x_gpio.o(i.GPIO_DeInit) refers to stm32f10x_rcc.o(i.RCC_APB2PeriphResetCmd) for RCC_APB2PeriphResetCmd
    stm32f10x_gpio.o(i.GPIO_ETH_MediaInterfaceConfig) refers to bsp.o(i.assert_failed) for assert_failed
    stm32f10x_gpio.o(i.GPIO_EXTILineConfig) refers to bsp.o(i.assert_failed) for assert_failed
    stm32f10x_gpio.o(i.GPIO_EventOutputCmd) refers to bsp.o(i.assert_failed) for assert_failed
    stm32f10x_gpio.o(i.GPIO_EventOutputConfig) refers to bsp.o(i.assert_failed) for assert_failed
    stm32f10x_gpio.o(i.GPIO_Init) refers to bsp.o(i.assert_failed) for assert_failed
    stm32f10x_gpio.o(i.GPIO_PinLockConfig) refers to bsp.o(i.assert_failed) for assert_failed
    stm32f10x_gpio.o(i.GPIO_PinRemapConfig) refers to bsp.o(i.assert_failed) for assert_failed
    stm32f10x_gpio.o(i.GPIO_ReadInputData) refers to bsp.o(i.assert_failed) for assert_failed
    stm32f10x_gpio.o(i.GPIO_ReadInputDataBit) refers to bsp.o(i.assert_failed) for assert_failed
    stm32f10x_gpio.o(i.GPIO_ReadOutputData) refers to bsp.o(i.assert_failed) for assert_failed
    stm32f10x_gpio.o(i.GPIO_ReadOutputDataBit) refers to bsp.o(i.assert_failed) for assert_failed
    stm32f10x_gpio.o(i.GPIO_ResetBits) refers to bsp.o(i.assert_failed) for assert_failed
    stm32f10x_gpio.o(i.GPIO_SetBits) refers to bsp.o(i.assert_failed) for assert_failed
    stm32f10x_gpio.o(i.GPIO_Write) refers to bsp.o(i.assert_failed) for assert_failed
    stm32f10x_gpio.o(i.GPIO_WriteBit) refers to bsp.o(i.assert_failed) for assert_failed
[...]
    EXTI2_IRQHandler                         0x0800411b   Thumb Code     0  startup_stm32f10x_md.o(.text)
    EXTI3_IRQHandler                         0x0800411b   Thumb Code     0  startup_stm32f10x_md.o(.text)
    EXTI4_IRQHandler                         0x0800411b   Thumb Code     0  startup_stm32f10x_md.o(.text)
    EXTI9_5_IRQHandler                       0x0800411b   Thumb Code     0  startup_stm32f10x_md.o(.text)
    FLASH_IRQHandler                         0x0800411b   Thumb Code     0  startup_stm32f10x_md.o(.text)
    I2C1_ER_IRQHandler                       0x0800411b   Thumb Code     0  startup_stm32f10x_md.o(.text)
    I2C1_EV_IRQHandler                       0x0800411b   Thumb Code     0  startup_stm32f10x_md.o(.text)
    I2C2_ER_IRQHandler                       0x0800411b   Thumb Code     0  startup_stm32f10x_md.o(.text)
    I2C2_EV_IRQHandler                       0x0800411b   Thumb Code     0  startup_stm32f10x_md.o(.text)
    PVD_IRQHandler                           0x0800411b   Thumb Code     0  startup_stm32f10x_md.o(.text)
    RCC_IRQHandler                           0x0800411b   Thumb Code     0  startup_stm32f10x_md.o(.text)
    RTCAlarm_IRQHandler                      0x0800411b   Thumb Code     0  startup_stm32f10x_md.o(.text)
    RTC_IRQHandler                           0x0800411b   Thumb Code     0  startup_stm32f10x_md.o(.text)
    SPI1_IRQHandler                          0x0800411b   Thumb Code     0  startup_stm32f10x_md.o(.text)
    SPI2_IRQHandler                          0x0800411b   Thumb Code     0  startup_stm32f10x_md.o(.text)
    TAMPER_IRQHandler                        0x0800411b   Thumb Code     0  startup_stm32f10x_md.o(.text)
    TIM1_BRK_IRQHandler                      0x0800411b   Thumb Code     0  startup_stm32f10x_md.o(.text)
    TIM1_CC_IRQHandler                       0x0800411b   Thumb Code     0  startup_stm32f10x_md.o(.text)
    TIM1_TRG_COM_IRQHandler                  0x0800411b   Thumb Code     0  startup_stm32f10x_md.o(.text)
    TIM1_UP_IRQHandler                       0x0800411b   Thumb Code     0  startup_stm32f10x_md.o(.text)
    TIM2_IRQHandler                          0x0800411b   Thumb Code     0  startup_stm32f10x_md.o(.text)
    TIM3_IRQHandler                          0x0800411b   Thumb Code     0  startup_stm32f10x_md.o(.text)
    TIM4_IRQHandler                          0x0800411b   Thumb Code     0  startup_stm32f10x_md.o(.text)
    USBWakeUp_IRQHandler                     0x0800411b   Thumb Code     0  startup_stm32f10x_md.o(.text)
    WWDG_IRQHandler                          0x0800411b   Thumb Code     0  startup_stm32f10x_md.o(.text)
    __aeabi_uldivmod                         0x08004125   Thumb Code    98  uldiv.o(.text)
    __aeabi_memcpy                           0x08004187   Thumb Code    36  memcpya.o(.text)
    __aeabi_memcpy4                          0x08004187   Thumb Code     0  memcpya.o(.text)
    __aeabi_memcpy8                          0x08004187   Thumb Code     0  memcpya.o(.text)
    __aeabi_memset                           0x080041ab   Thumb Code    14  memseta.o(.text)
    __aeabi_memset4                          0x080041ab   Thumb Code     0  memseta.o(.text)
    __aeabi_memset8                          0x080041ab   Thumb Code     0  memseta.o(.text)
    __aeabi_memclr                           0x080041b9   Thumb Code     4  memseta.o(.text)
    __aeabi_memclr4                          0x080041b9   Thumb Code     0  memseta.o(.text)
    __aeabi_memclr8                          0x080041b9   Thumb Code     0  memseta.o(.text)
    _memset$wrapper                          0x080041bd   Thumb Code    20  memseta.o(.text)
    strstr                                   0x080041d1   Thumb Code    44  strstr.o(.text)
    strncpy                                  0x080041fd   Thumb Code    24  strncpy.o(.text)
    strlen                                   0x08004215   Thumb Code    16  strlen.o(.text)
    strrchr                                  0x08004225   Thumb Code    32  strrchr.o(.text)
    strtol                                   0x08004245   Thumb Code   112  strtol.o(.text)
    __aeabi_fadd                             0x080042b5   Thumb Code   164  fadd.o(.text)
    __aeabi_fsub                             0x08004359   Thumb Code     6  fadd.o(.text)
    __aeabi_frsub                            0x0800435f   Thumb Code     6  fadd.o(.text)
    __aeabi_dadd                             0x08004365   Thumb Code   320  dadd.o(.text)
    __aeabi_dsub                             0x080044a5   Thumb Code     6  dadd.o(.text)
    __aeabi_drsub                            0x080044ab   Thumb Code     6  dadd.o(.text)
    __aeabi_dmul                             0x080044b1   Thumb Code   224  dmul.o(.text)
    __aeabi_ddiv                             0x08004591   Thumb Code   222  ddiv.o(.text)
    __aeabi_ui2f                             0x0800466f   Thumb Code    10  ffltui.o(.text)
    __aeabi_ui2d                             0x08004679   Thumb Code    26  dfltui.o(.text)
    __aeabi_d2uiz                            0x08004693   Thumb Code    46  dfixui.o(.text)
    __aeabi_f2d                              0x080046c1   Thumb Code    44  f2d.o(.text)
    __aeabi_cfcmpeq                          0x080046ed   Thumb Code     0  cfcmple.o(.text)
    __aeabi_cfcmple                          0x080046ed   Thumb Code    20  cfcmple.o(.text)
    __aeabi_cfrcmple                         0x08004701   Thumb Code    20  cfrcmple.o(.text)
    __aeabi_llsl                             0x08004715   Thumb Code    30  llshl.o(.text)
    _ll_shift_l                              0x08004715   Thumb Code     0  llshl.o(.text)
    __aeabi_llsr                             0x08004733   Thumb Code    32  llushr.o(.text)
    _ll_ushift_r                             0x08004733   Thumb Code     0  llushr.o(.text)
    __aeabi_lasr                             0x08004753   Thumb Code    36  llsshr.o(.text)
    _ll_sshift_r                             0x08004753   Thumb Code     0  llsshr.o(.text)
    __rt_ctype_table                         0x08004779   Thumb Code     4  ctype_o.o(.text)
    _strtoul                                 0x08004781   Thumb Code   158  _strtoul.o(.text)
    __I$use$fp                               0x0800481f   Thumb Code     0  iusefp.o(.text)
    _float_round                             0x0800481f   Thumb Code    18  fepilogue.o(.text)
    _float_epilogue                          0x08004831   Thumb Code    90  fepilogue.o(.text)
    _double_round                            0x0800488b   Thumb Code    26  depilogue.o(.text)
    _double_epilogue                         0x080048a5   Thumb Code   164  depilogue.o(.text)
    __scatterload                            0x08004949   Thumb Code    28  init.o(.text)
    __scatterload_rt2                        0x08004949   Thumb Code     0  init.o(.text)
    _chval                                   0x0800496d   Thumb Code    28  _chval.o(.text)
    __decompress                             0x08004989   Thumb Code     0  __dczerorl2.o(.text)
    __decompress1                            0x08004989   Thumb Code    92  __dczerorl2.o(.text)
    AppInit                                  0x080049e5   Thumb Code   176  application.o(i.AppInit)
    BKP_TamperPinCmd                         0x08004b01   Thumb Code    24  stm32f10x_bkp.o(i.BKP_TamperPinCmd)
    BSP_Init                                 0x08004b3d   Thumb Code    28  os_global.o(i.BSP_Init)
    Bot_Abort                                0x08004b85   Thumb Code    50  usb_bot.o(i.Bot_Abort)
    BusFault_Handler                         0x08004bb7   Thumb Code     2  stm32f10x_it.o(i.BusFault_Handler)
    ByteSwap                                 0x08004bb9   Thumb Code    10  usb_regs.o(i.ByteSwap)
    CBW_Decode                               0x08004bc5   Thumb Code   390  usb_bot.o(i.CBW_Decode)
    CTR_HP                                   0x08004d5d   Thumb Code   100  usb_int.o(i.CTR_HP)
    CTR_LP                                   0x08004dd5   Thumb Code   292  usb_int.o(i.CTR_LP)
    ClearDTOG_RX                             0x08004f4d   Thumb Code    32  usb_regs.o(i.ClearDTOG_RX)
    ClearDTOG_TX                             0x08004f71   Thumb Code    32  usb_regs.o(i.ClearDTOG_TX)
    Clear_Status_Out                         0x08004f95   Thumb Code    26  usb_regs.o(i.Clear_Status_Out)
    DHT_Init                                 0x08004fb5   Thumb Code    88  dht11.o(i.DHT_Init)
    DHT_Start                                0x08005129   Thumb Code    54  dht11.o(i.DHT_Start)
    DebugMon_Handler                         0x0800546d   Thumb Code     2  stm32f10x_it.o(i.DebugMon_Handler)
    EP1_IN_Callback                          0x0800546f   Thumb Code     4  usb_endp.o(i.EP1_IN_Callback)
    EP2_OUT_Callback                         0x08005473   Thumb Code     4  usb_endp.o(i.EP2_OUT_Callback)
    F10X_FLASH_WriteAppAttr                  0x08005479   Thumb Code   146  f10x_flash_if.o(i.F10X_FLASH_WriteAppAttr)
    FILE_FormatDisk                          0x080055cd   Thumb Code   390  fatfs_demo.o(i.FILE_FormatDisk)
    FILE_GetSensorTotalItems                 0x08005959   Thumb Code   206  fatfs_demo.o(i.FILE_GetSensorTotalItems)
    FILE_Open                                0x08005b11   Thumb Code   224  fatfs_demo.o(i.FILE_Open)
    FILE_Scan                                0x08005ca9   Thumb Code   160  fatfs_demo.o(i.FILE_Scan)
    FILE_Write                               0x08005db5   Thumb Code    82  fatfs_demo.o(i.FILE_Write)
    FLASH_PrefetchBufferCmd                  0x08005e61   Thumb Code    38  stm32f10x_flash.o(i.FLASH_PrefetchBufferCmd)
    FLASH_SetLatency                         0x08005eb1   Thumb Code    38  stm32f10x_flash.o(i.FLASH_SetLatency)
    FatFs_Demo                               0x08005f01   Thumb Code     4  fatfs_demo.o(i.FatFs_Demo)
    GPIO_Init                                0x08005f05   Thumb Code   288  stm32f10x_gpio.o(i.GPIO_Init)
    GPIO_ReadInputDataBit                    0x08006061   Thumb Code   162  stm32f10x_gpio.o(i.GPIO_ReadInputDataBit)
    GPIO_ResetBits                           0x08006141   Thumb Code    74  stm32f10x_gpio.o(i.GPIO_ResetBits)
    GPIO_SetBits                             0x080061c9   Thumb Code    74  stm32f10x_gpio.o(i.GPIO_SetBits)
    GPIO_WriteBit                            0x08006251   Thumb Code   174  stm32f10x_gpio.o(i.GPIO_WriteBit)
    GetEPRxAddr                              0x0800633d   Thumb Code    22  usb_regs.o(i.GetEPRxAddr)
    GetEPRxCount                             0x0800635d   Thumb Code    24  usb_regs.o(i.GetEPRxCount)
    GetEPRxStatus                            0x0800637d   Thumb Code    14  usb_regs.o(i.GetEPRxStatus)
    GetEPTxAddr                              0x08006391   Thumb Code    20  usb_regs.o(i.GetEPTxAddr)
    Get_Max_Lun                              0x080063ad   Thumb Code    18  usb_prop.o(i.Get_Max_Lun)
    Get_SerialNum                            0x080063c9   Thumb Code    44  hw_config.o(i.Get_SerialNum)
    HCHO_CheckSum                            0x080063fd   Thumb Code    44  pm25sensor.o(i.HCHO_CheckSum)
    HCHO_DisplayInit                         0x08006429   Thumb Code   128  pm25sensor.o(i.HCHO_DisplayInit)
    HCHO_Receive                             0x080065ad   Thumb Code    58  pm25sensor.o(i.HCHO_Receive)
    HCHO_UART_IRQHandler                     0x080065f1   Thumb Code   114  pm25sensor.o(i.HCHO_UART_IRQHandler)
    HardFault_Handler                        0x08006671   Thumb Code     2  stm32f10x_it.o(i.HardFault_Handler)
    In0_Process                              0x08006675   Thumb Code    80  usb_core.o(i.In0_Process)
    JumpToBootloader                         0x08006709   Thumb Code    26  os_global.o(i.JumpToBootloader)
    LCD1602_ClearScreen                      0x0800672d   Thumb Code    30  lcd1602_drv.o(i.LCD1602_ClearScreen)
    LCD1602_HardwareInit                     0x0800674d   Thumb Code   144  lcd1602_drv.o(i.LCD1602_HardwareInit)
    LCD1602_Init                             0x080067e5   Thumb Code   254  lcd1602_drv.o(i.LCD1602_Init)
    LCD1602_SetXY                            0x080068e9   Thumb Code    14  lcd1602_drv.o(i.LCD1602_SetXY)
    LCD1602_WriteCmd                         0x080068f9   Thumb Code   150  lcd1602_drv.o(i.LCD1602_WriteCmd)
    LCD1602_WriteData                        0x08006999   Thumb Code   154  lcd1602_drv.o(i.LCD1602_WriteData)
    LCD1602_WriteInteger                     0x08006a3d   Thumb Code   154  lcd1602_drv.o(i.LCD1602_WriteInteger)
    LCD1602_WriteString                      0x08006add   Thumb Code    24  lcd1602_drv.o(i.LCD1602_WriteString)
    LED_AllSet                               0x08006c29   Thumb Code    32  led_drv.o(i.LED_AllSet)
    LED_AqiIndicate                          0x08006c49   Thumb Code   172  led_drv.o(i.LED_AqiIndicate)
    LED_Config                               0x08006d01   Thumb Code    64  led_drv.o(i.LED_Config)
    LED_Flash                                0x08006d49   Thumb Code    42  led_drv.o(i.LED_Flash)
    LED_IndicateColorOfHCHO                  0x08006d81   Thumb Code    40  pm25sensor.o(i.LED_IndicateColorOfHCHO)
    LED_Init                                 0x08006dad   Thumb Code    90  led_drv.o(i.LED_Init)
    LED_StopAqiIndicate                      0x08006e11   Thumb Code     2  led_drv.o(i.LED_StopAqiIndicate)
    MAL_GetStatus                            0x08006ebd   Thumb Code    40  mass_mal.o(i.MAL_GetStatus)
    MAL_Init                                 0x08006eed   Thumb Code    16  mass_mal.o(i.MAL_Init)
    MAL_Read                                 0x08006efd   Thumb Code    22  mass_mal.o(i.MAL_Read)
    MAL_Write                                0x08006f13   Thumb Code    22  mass_mal.o(i.MAL_Write)
    MASS_Data_Setup                          0x08006f29   Thumb Code    54  usb_prop.o(i.MASS_Data_Setup)
    MASS_GetConfigDescriptor                 0x08006f69   Thumb Code     6  usb_prop.o(i.MASS_GetConfigDescriptor)
    MASS_GetDeviceDescriptor                 0x08006f75   Thumb Code     6  usb_prop.o(i.MASS_GetDeviceDescriptor)
    MASS_GetStringDescriptor                 0x08006f81   Thumb Code    24  usb_prop.o(i.MASS_GetStringDescriptor)
    MASS_Get_Interface_Setting               0x08006fa1   Thumb Code    10  usb_prop.o(i.MASS_Get_Interface_Setting)
    MASS_NoData_Setup                        0x08006fad   Thumb Code    62  usb_prop.o(i.MASS_NoData_Setup)
    MASS_Reset                               0x08006ffd   Thumb Code   192  usb_prop.o(i.MASS_Reset)
    MASS_Status_In                           0x080070dd   Thumb Code     2  usb_prop.o(i.MASS_Status_In)
    MASS_Status_Out                          0x080070df   Thumb Code     2  usb_prop.o(i.MASS_Status_Out)
    MASS_init                                0x080070e1   Thumb Code    28  usb_prop.o(i.MASS_init)
    Mass_Storage_ClearFeature                0x08007105   Thumb Code    18  usb_prop.o(i.Mass_Storage_ClearFeature)
    Mass_Storage_In                          0x08007121   Thumb Code   114  usb_bot.o(i.Mass_Storage_In)
    Mass_Storage_Out                         0x080071a1   Thumb Code   104  usb_bot.o(i.Mass_Storage_Out)
    Mass_Storage_SetConfiguration            0x08007215   Thumb Code    38  usb_prop.o(i.Mass_Storage_SetConfiguration)
    Mass_Storage_SetDeviceAddress            0x08007249   Thumb Code     8  usb_prop.o(i.Mass_Storage_SetDeviceAddress)
    MemManage_Handler                        0x08007255   Thumb Code     2  stm32f10x_it.o(i.MemManage_Handler)
    NMI_Handler                              0x08007257   Thumb Code     2  stm32f10x_it.o(i.NMI_Handler)
    NOP_Process                              0x08007259   Thumb Code     2  usb_core.o(i.NOP_Process)
    NVIC_Configuration                       0x0800725b   Thumb Code    10  application.o(i.NVIC_Configuration)
    NVIC_Init                                0x08007265   Thumb Code   138  misc.o(i.NVIC_Init)
    NVIC_PriorityGroupConfig                 0x08007311   Thumb Code    52  misc.o(i.NVIC_PriorityGroupConfig)
    NVIC_SetVectorTable                      0x08007365   Thumb Code    52  misc.o(i.NVIC_SetVectorTable)
    OS_GetSysTick                            0x08007491   Thumb Code     6  timermanager.o(i.OS_GetSysTick)
    OS_IsTimeout                             0x0800749d   Thumb Code    20  os_global.o(i.OS_IsTimeout)
    OS_SetTimeout                            0x080074b1   Thumb Code    12  os_global.o(i.OS_SetTimeout)
    OS_TimerCheck                            0x080074bd   Thumb Code    60  os_timer.o(i.OS_TimerCheck)
    OS_TimerInit                             0x080074fd   Thumb Code    26  os_timer.o(i.OS_TimerInit)
    OS_TimerStart                            0x08007519   Thumb Code    44  os_timer.o(i.OS_TimerStart)
    OS_TimerStop                             0x08007549   Thumb Code    26  os_timer.o(i.OS_TimerStop)
    Out0_Process                             0x08007569   Thumb Code    62  usb_core.o(i.Out0_Process)
    PM25_Display_Init                        0x080076c5   Thumb Code   126  pm25sensor.o(i.PM25_Display_Init)
    PM25_Init                                0x080077d1   Thumb Code    46  pm25sensor.o(i.PM25_Init)
    PM25_Receive                             0x0800780d   Thumb Code   116  pm25sensor.o(i.PM25_Receive)
    PM25_UART_IRQHandler                     0x08007889   Thumb Code   112  pm25sensor.o(i.PM25_UART_IRQHandler)
    PMAToUserBufferCopy                      0x08007905   Thumb Code    24  usb_mem.o(i.PMAToUserBufferCopy)
    PWR_BackupAccessCmd                      0x08007921   Thumb Code    24  stm32f10x_pwr.o(i.PWR_BackupAccessCmd)
    PendSV_Handler                           0x0800795d   Thumb Code     2  stm32f10x_it.o(i.PendSV_Handler)
    Post0_Process                            0x08007961   Thumb Code    52  usb_core.o(i.Post0_Process)
    PowerOn                                  0x080079a5   Thumb Code    36  usb_pwr.o(i.PowerOn)
    Queue_UART_IRQHandler                    0x080079d1   Thumb Code   126  uart_queue.o(i.Queue_UART_IRQHandler)
    RCC_APB1PeriphClockCmd                   0x08007a59   Thumb Code    56  stm32f10x_rcc.o(i.RCC_APB1PeriphClockCmd)
    RCC_APB1PeriphResetCmd                   0x08007ab9   Thumb Code    56  stm32f10x_rcc.o(i.RCC_APB1PeriphResetCmd)
    RCC_APB2PeriphClockCmd                   0x08007b19   Thumb Code    56  stm32f10x_rcc.o(i.RCC_APB2PeriphClockCmd)
    RCC_APB2PeriphResetCmd                   0x08007b79   Thumb Code    56  stm32f10x_rcc.o(i.RCC_APB2PeriphResetCmd)
    RCC_DeInit                               0x08007bd9   Thumb Code    50  stm32f10x_rcc.o(i.RCC_DeInit)
    RCC_GetClocksFreq                        0x08007c19   Thumb Code   134  stm32f10x_rcc.o(i.RCC_GetClocksFreq)
    RCC_GetFlagStatus                        0x08007cb1   Thumb Code   100  stm32f10x_rcc.o(i.RCC_GetFlagStatus)
    RCC_GetSYSCLKSource                      0x08007d39   Thumb Code    10  stm32f10x_rcc.o(i.RCC_GetSYSCLKSource)
    RCC_HCLKConfig                           0x08007d49   Thumb Code    62  stm32f10x_rcc.o(i.RCC_HCLKConfig)
    RCC_HSICmd                               0x08007dad   Thumb Code    26  stm32f10x_rcc.o(i.RCC_HSICmd)
    RCC_LSEConfig                            0x08007ded   Thumb Code    54  stm32f10x_rcc.o(i.RCC_LSEConfig)
    RCC_PCLK1Config                          0x08007e49   Thumb Code    54  stm32f10x_rcc.o(i.RCC_PCLK1Config)
    RCC_PCLK2Config                          0x08007ea5   Thumb Code    56  stm32f10x_rcc.o(i.RCC_PCLK2Config)
    RCC_PLLCmd                               0x08007f01   Thumb Code    26  stm32f10x_rcc.o(i.RCC_PLLCmd)
    RCC_PLLConfig                            0x08007f41   Thumb Code   142  stm32f10x_rcc.o(i.RCC_PLLConfig)
    RCC_SYSCLKConfig                         0x08007ff5   Thumb Code    38  stm32f10x_rcc.o(i.RCC_SYSCLKConfig)
    RCC_USBCLKConfig                         0x08008041   Thumb Code    26  stm32f10x_rcc.o(i.RCC_USBCLKConfig)
    Read_Memory                              0x08008081   Thumb Code   212  memory.o(i.Read_Memory)
    SCSI_Address_Management                  0x08008169   Thumb Code    98  usb_scsi.o(i.SCSI_Address_Management)
    SCSI_Format_Cmd                          0x080081dd   Thumb Code    42  usb_scsi.o(i.SCSI_Format_Cmd)
    SCSI_Inquiry_Cmd                         0x0800820d   Thumb Code    34  usb_scsi.o(i.SCSI_Inquiry_Cmd)
    SCSI_Invalid_Cmd                         0x08008241   Thumb Code    46  usb_scsi.o(i.SCSI_Invalid_Cmd)
    SCSI_ModeSense10_Cmd                     0x08008275   Thumb Code     8  usb_scsi.o(i.SCSI_ModeSense10_Cmd)
    SCSI_ModeSense6_Cmd                      0x08008281   Thumb Code     8  usb_scsi.o(i.SCSI_ModeSense6_Cmd)
    SCSI_Read10_Cmd                          0x0800828d   Thumb Code    96  usb_scsi.o(i.SCSI_Read10_Cmd)
    SCSI_ReadCapacity10_Cmd                  0x080082f5   Thumb Code    96  usb_scsi.o(i.SCSI_ReadCapacity10_Cmd)
    SCSI_ReadFormatCapacity_Cmd              0x08008365   Thumb Code    90  usb_scsi.o(i.SCSI_ReadFormatCapacity_Cmd)
    SCSI_RequestSense_Cmd                    0x080083d1   Thumb Code    16  usb_scsi.o(i.SCSI_RequestSense_Cmd)
    SCSI_Start_Stop_Unit_Cmd                 0x080083e9   Thumb Code     8  usb_scsi.o(i.SCSI_Start_Stop_Unit_Cmd)
    SCSI_TestUnitReady_Cmd                   0x080083f1   Thumb Code    50  usb_scsi.o(i.SCSI_TestUnitReady_Cmd)
    SCSI_Verify10_Cmd                        0x08008429   Thumb Code    48  usb_scsi.o(i.SCSI_Verify10_Cmd)
    SCSI_Write10_Cmd                         0x0800845d   Thumb Code    94  usb_scsi.o(i.SCSI_Write10_Cmd)
    SDRR_Init                                0x080084c5   Thumb Code    30  sdrr.o(i.SDRR_Init)
    SDRR_SaveSensorPoint                     0x08008509   Thumb Code   106  sdrr.o(i.SDRR_SaveSensorPoint)
    SDRR_SensorPointToString                 0x080085b9   Thumb Code   216  sdrr.o(i.SDRR_SensorPointToString)
    SDRR_WriteRecordToFile                   0x08008715   Thumb Code   124  sdrr.o(i.SDRR_WriteRecordToFile)
    SPI_CalculateCRC                         0x0800879d   Thumb Code    68  stm32f10x_spi.o(i.SPI_CalculateCRC)
    SPI_Cmd                                  0x0800880d   Thumb Code    68  stm32f10x_spi.o(i.SPI_Cmd)
    SPI_I2S_DeInit                           0x0800887d   Thumb Code    98  stm32f10x_spi.o(i.SPI_I2S_DeInit)
    SPI_I2S_GetFlagStatus                    0x0800890d   Thumb Code    90  stm32f10x_spi.o(i.SPI_I2S_GetFlagStatus)
    SPI_Init                                 0x08008995   Thumb Code   270  stm32f10x_spi.o(i.SPI_Init)
    SVC_Handler                              0x08008ad1   Thumb Code     2  stm32f10x_it.o(i.SVC_Handler)
    SetBTABLE                                0x08008ad5   Thumb Code    10  usb_regs.o(i.SetBTABLE)
    SetDeviceAddress                         0x08008ae5   Thumb Code    58  usb_core.o(i.SetDeviceAddress)
    SetEPRxAddr                              0x08008b29   Thumb Code    24  usb_regs.o(i.SetEPRxAddr)
    SetEPRxCount                             0x08008b49   Thumb Code    56  usb_regs.o(i.SetEPRxCount)
    SetEPRxStatus                            0x08008b89   Thumb Code    44  usb_regs.o(i.SetEPRxStatus)
    SetEPRxValid                             0x08008bb9   Thumb Code    30  usb_regs.o(i.SetEPRxValid)
    SetEPTxAddr                              0x08008bdd   Thumb Code    22  usb_regs.o(i.SetEPTxAddr)
    SetEPTxCount                             0x08008bfd   Thumb Code    20  usb_regs.o(i.SetEPTxCount)
    SetEPTxStatus                            0x08008c19   Thumb Code    44  usb_regs.o(i.SetEPTxStatus)
    SetEPType                                0x08008c49   Thumb Code    22  usb_regs.o(i.SetEPType)
    Set_CSW                                  0x08008cf9   Thumb Code    50  usb_bot.o(i.Set_CSW)
    Set_Scsi_Sense_Data                      0x08008d39   Thumb Code     8  usb_scsi.o(i.Set_Scsi_Sense_Data)
    Setup0_Process                           0x08008d45   Thumb Code    92  usb_core.o(i.Setup0_Process)
    Standard_ClearFeature                    0x08008dad   Thumb Code   216  usb_core.o(i.Standard_ClearFeature)
    Standard_GetConfiguration                0x08008e99   Thumb Code    30  usb_core.o(i.Standard_GetConfiguration)
    Standard_GetDescriptorData               0x08008ec1   Thumb Code    24  usb_core.o(i.Standard_GetDescriptorData)
    Standard_GetInterface                    0x08008edd   Thumb Code    30  usb_core.o(i.Standard_GetInterface)
    Standard_GetStatus                       0x08008f05   Thumb Code   128  usb_core.o(i.Standard_GetStatus)
    Standard_SetConfiguration                0x08008f95   Thumb Code    42  usb_core.o(i.Standard_SetConfiguration)
    Standard_SetDeviceFeature                0x08008fcd   Thumb Code    26  usb_core.o(i.Standard_SetDeviceFeature)
    Standard_SetEndPointFeature              0x08008ff1   Thumb Code   116  usb_core.o(i.Standard_SetEndPointFeature)
    Standard_SetInterface                    0x08009075   Thumb Code    60  usb_core.o(i.Standard_SetInterface)
    SysTick_Handler                          0x0800912d   Thumb Code     4  stm32f10x_it.o(i.SysTick_Handler)
    SysTick_Increment                        0x08009131   Thumb Code    14  timermanager.o(i.SysTick_Increment)
    SysTick_Init                             0x08009145   Thumb Code    46  timermanager.o(i.SysTick_Init)
    Sys_GenSum32                             0x0800917d   Thumb Code    22  os_global.o(i.Sys_GenSum32)
    Sys_IsBigEndian                          0x08009193   Thumb Code    14  os_global.o(i.Sys_IsBigEndian)
    SystemInit                               0x080091a1   Thumb Code    64  system_stm32f10x.o(i.SystemInit)
    TIM_Cmd                                  0x080091f1   Thumb Code   152  stm32f10x_tim.o(i.TIM_Cmd)
    TIM_TimeBaseInit                         0x080092e9   Thumb Code   280  stm32f10x_tim.o(i.TIM_TimeBaseInit)
    TIM_TimeBaseStructInit                   0x08009461   Thumb Code    18  stm32f10x_tim.o(i.TIM_TimeBaseStructInit)
    Transfer_Data_Request                    0x080099ad   Thumb Code    42  usb_bot.o(i.Transfer_Data_Request)
    USART1_IRQHandler                        0x080099e1   Thumb Code     4  uart_drv.o(i.USART1_IRQHandler)
    USART2_IRQHandler                        0x080099e5   Thumb Code     4  uart_drv.o(i.USART2_IRQHandler)
    USART2_Init                              0x080099e9   Thumb Code   144  uart_drv.o(i.USART2_Init)
    USART3_IRQHandler                        0x08009a81   Thumb Code     4  uart_drv.o(i.USART3_IRQHandler)
    USART3_Init                              0x08009a85   Thumb Code   148  uart_drv.o(i.USART3_Init)
    USART_ClearFlag                          0x08009b21   Thumb Code   102  stm32f10x_usart.o(i.USART_ClearFlag)
    USART_Cmd                                0x08009bc1   Thumb Code    80  stm32f10x_usart.o(i.USART_Cmd)
    USART_GetITStatus                        0x08009c49   Thumb Code   220  stm32f10x_usart.o(i.USART_GetITStatus)
    USART_ITConfig                           0x08009d5d   Thumb Code   208  stm32f10x_usart.o(i.USART_ITConfig)
    USART_Init                               0x08009e65   Thumb Code   380  stm32f10x_usart.o(i.USART_Init)
    USART_ReceiveData                        0x0800a01d   Thumb Code    52  stm32f10x_usart.o(i.USART_ReceiveData)
    USART_SendData                           0x0800a089   Thumb Code    70  stm32f10x_usart.o(i.USART_SendData)
    USBSet_System                            0x0800a109   Thumb Code     6  hw_config.o(i.USBSet_System)
    USBSet_USBClock                          0x0800a10f   Thumb Code    20  hw_config.o(i.USBSet_USBClock)
    USB_Cable_Config                         0x0800a125   Thumb Code    20  hw_config.o(i.USB_Cable_Config)
    USB_HP_CAN1_TX_IRQHandler                0x0800a13d   Thumb Code     4  stm32f10x_it.o(i.USB_HP_CAN1_TX_IRQHandler)
    USB_Init                                 0x0800a141   Thumb Code    22  usb_init.o(i.USB_Init)
    USB_Interrupts_Config                    0x0800a169   Thumb Code    66  hw_config.o(i.USB_Interrupts_Config)
    USB_Istr                                 0x0800a1ad   Thumb Code    54  usb_istr.o(i.USB_Istr)
    USB_LP_CAN1_RX0_IRQHandler               0x0800a1f5   Thumb Code     4  stm32f10x_it.o(i.USB_LP_CAN1_RX0_IRQHandler)
    USB_SIL_Init                             0x0800a1f9   Thumb Code    24  usb_sil.o(i.USB_SIL_Init)
    USB_SIL_Read                             0x0800a219   Thumb Code    36  usb_sil.o(i.USB_SIL_Read)
    USB_SIL_Write                            0x0800a23d   Thumb Code    40  usb_sil.o(i.USB_SIL_Write)
    Uart_Q_Init                              0x0800a291   Thumb Code    36  uart_queue.o(i.Uart_Q_Init)
    UsageFault_Handler                       0x0800a2f5   Thumb Code     2  stm32f10x_it.o(i.UsageFault_Handler)
    UserToPMABufferCopy                      0x0800a2f9   Thumb Code    34  usb_mem.o(i.UserToPMABufferCopy)
    Write_Memory                             0x0800a321   Thumb Code   238  memory.o(i.Write_Memory)
    __0printf$8                              0x0800a42d   Thumb Code    22  printf8.o(i.__0printf$8)
    __1printf$8                              0x0800a42d   Thumb Code     0  printf8.o(i.__0printf$8)
    __2printf                                0x0800a42d   Thumb Code     0  printf8.o(i.__0printf$8)
    __0snprintf$8                            0x0800a44d   Thumb Code    36  printf8.o(i.__0snprintf$8)
    __1snprintf$8                            0x0800a44d   Thumb Code     0  printf8.o(i.__0snprintf$8)
    __2snprintf                              0x0800a44d   Thumb Code     0  printf8.o(i.__0snprintf$8)
    __aeabi_errno_addr                       0x0800a475   Thumb Code     4  errno.o(i.__aeabi_errno_addr)
    __rt_errno_addr                          0x0800a475   Thumb Code     0  errno.o(i.__aeabi_errno_addr)
    __scatterload_copy                       0x0800a47d   Thumb Code    14  handlers.o(i.__scatterload_copy)
    __scatterload_null                       0x0800a48b   Thumb Code     2  handlers.o(i.__scatterload_null)
    __scatterload_zeroinit                   0x0800a48d   Thumb Code    14  handlers.o(i.__scatterload_zeroinit)
    _init_ms                                 0x0800a49d   Thumb Code    74  delay.o(i._init_ms)
    _init_us                                 0x0800a4ed   Thumb Code    72  delay.o(i._init_us)
    _stop_timer                              0x0800a9c9   Thumb Code    24  delay.o(i._stop_timer)
    assert_failed                            0x0800aae1   Thumb Code    12  bsp.o(i.assert_failed)
    clust2sect                               0x0800ac2b   Thumb Code    28  ff.o(i.clust2sect)
    delay_ms                                 0x0800af09   Thumb Code    30  delay.o(i.delay_ms)
    delay_us                                 0x0800af27   Thumb Code    30  delay.o(i.delay_us)
    disk_initialize                          0x0800b4ff   Thumb Code    22  diskio.o(i.disk_initialize)
    disk_ioctl                               0x0800b515   Thumb Code    10  diskio.o(i.disk_ioctl)
    disk_read                                0x0800b51f   Thumb Code    18  diskio.o(i.disk_read)
    disk_status                              0x0800b531   Thumb Code     4  diskio.o(i.disk_status)
    disk_write                               0x0800b535   Thumb Code    18  diskio.o(i.disk_write)
    exf_getfree                              0x0800b549   Thumb Code    62  fatfs_demo.o(i.exf_getfree)
    f_close                                  0x0800b59d   Thumb Code    38  ff.o(i.f_close)
    f_closedir                               0x0800b5c3   Thumb Code    32  ff.o(i.f_closedir)
    f_getfree                                0x0800b5e3   Thumb Code   196  ff.o(i.f_getfree)
    f_lseek                                  0x0800b6a7   Thumb Code   422  ff.o(i.f_lseek)
    f_mkdir                                  0x0800b84d   Thumb Code   372  ff.o(i.f_mkdir)
    f_mkfs                                   0x0800b9c5   Thumb Code  1332  ff.o(i.f_mkfs)
    f_mount                                  0x0800bef9   Thumb Code    92  ff.o(i.f_mount)
    f_open                                   0x0800bf59   Thumb Code   410  ff.o(i.f_open)
    f_opendir                                0x0800c0f9   Thumb Code   140  ff.o(i.f_opendir)
    f_read                                   0x0800c189   Thumb Code   298  ff.o(i.f_read)
    f_readdir                                0x0800c2b5   Thumb Code    82  ff.o(i.f_readdir)
    f_sync                                   0x0800c30d   Thumb Code   124  ff.o(i.f_sync)
    f_unlink                                 0x0800c389   Thumb Code   164  ff.o(i.f_unlink)
    f_write                                  0x0800c431   Thumb Code   398  ff.o(i.f_write)
    ff_convert                               0x0800c5c1   Thumb Code    50  ccsbcs.o(i.ff_convert)
    ff_wtoupper                              0x0800c5f9   Thumb Code    28  ccsbcs.o(i.ff_wtoupper)
    flash_disk_read                          0x0800c859   Thumb Code    60  spi_flash_interface.o(i.flash_disk_read)
    flash_disk_write                         0x0800c895   Thumb Code    42  spi_flash_interface.o(i.flash_disk_write)
    flash_initialize                         0x0800c8e1   Thumb Code    28  spi_flash_interface.o(i.flash_initialize)
    flash_ioctl                              0x0800c925   Thumb Code    40  spi_flash_interface.o(i.flash_ioctl)
    flash_mal_read                           0x0800c94d   Thumb Code    44  spi_flash_interface.o(i.flash_mal_read)
    flash_mal_write                          0x0800c995   Thumb Code   142  spi_flash_interface.o(i.flash_mal_write)
    fputc                                    0x0800caad   Thumb Code    24  uart_drv.o(i.fputc)
    get_fat                                  0x0800cb4d   Thumb Code   188  ff.o(i.get_fat)
    get_fattime                              0x0800cc09   Thumb Code     4  diskio.o(i.get_fattime)
    key_get_cur_display_mode                 0x0800cfc9   Thumb Code     6  key_drv.o(i.key_get_cur_display_mode)
    key_gpio_init                            0x0800cfd5   Thumb Code    42  key_drv.o(i.key_gpio_init)
    key_process                              0x0800d009   Thumb Code   120  key_drv.o(i.key_process)
    key_scan                                 0x0800d0f1   Thumb Code   140  key_drv.o(i.key_scan)
    main                                     0x0800d1a1   Thumb Code    46  main.o(i.main)
    os_timer_arm                             0x0800d295   Thumb Code    38  os_timer.o(i.os_timer_arm)
    put_fat                                  0x0800d385   Thumb Code   238  ff.o(i.put_fat)
    sfud_chip_erase                          0x0800d6b9   Thumb Code   116  sfud.o(i.sfud_chip_erase)
    sfud_device_init                         0x0800d72d   Thumb Code    22  sfud.o(i.sfud_device_init)
    sfud_erase                               0x0800d743   Thumb Code   228  sfud.o(i.sfud_erase)
    sfud_get_device_table                    0x0800d829   Thumb Code     4  sfud.o(i.sfud_get_device_table)
    sfud_init                                0x0800d831   Thumb Code    38  sfud.o(i.sfud_init)
    sfud_read                                0x0800d85d   Thumb Code   104  sfud.o(i.sfud_read)
    sfud_read_sfdp                           0x0800d8c5   Thumb Code   162  sfud_sfdp.o(i.sfud_read_sfdp)
    sfud_read_status                         0x0800d967   Thumb Code    24  sfud.o(i.sfud_read_status)
    sfud_sfdp_get_suitable_eraser            0x0800d97f   Thumb Code    56  sfud_sfdp.o(i.sfud_sfdp_get_suitable_eraser)
    sfud_spi_port_init                       0x0800d9b9   Thumb Code   180  sfud_port.o(i.sfud_spi_port_init)
    sfud_write                               0x0800da8d   Thumb Code    42  sfud.o(i.sfud_write)
    sfud_write_status                        0x0800dab7   Thumb Code    74  sfud.o(i.sfud_write_status)
    usb_main                                 0x0800dcbd   Thumb Code    52  usbapp.o(i.usb_main)
    MASS_DeviceDescriptor                    0x0800e06c   Data          18  usb_desc.o(.constdata)
    MASS_ConfigDescriptor                    0x0800e07e   Data          32  usb_desc.o(.constdata)
    MASS_StringLangID                        0x0800e09e   Data           4  usb_desc.o(.constdata)
    MASS_StringVendor                        0x0800e0a2   Data          38  usb_desc.o(.constdata)
    MASS_StringProduct                       0x0800e0c8   Data          38  usb_desc.o(.constdata)
    MASS_StringInterface                     0x0800e0ee   Data          16  usb_desc.o(.constdata)
    SensorNameItem                           0x0800e100   Data          58  fatfs_demo.o(.constdata)
    SensorUnitItem                           0x0800e13a   Data          48  fatfs_demo.o(.constdata)
    __ctype_table                            0x0800e768   Data         129  ctype_o.o(.constdata)
    Region$$Table$$Base                      0x0800e8c0   Number         0  anon$$obj.o(Region$$Table)
    Region$$Table$$Limit                     0x0800e8e0   Number         0  anon$$obj.o(Region$$Table)
    flag10ms                                 0x20000014   Data           1  timermanager.o(.data)
    gCpuIsBigEndian                          0x20000024   Data           1  os_global.o(.data)
    is_rgb_on                                0x20000052   Data           1  key_drv.o(.data)
    is_debug_on                              0x20000053   Data           1  key_drv.o(.data)
    tDHT                                     0x2000007c   Data           5  dht11.o(.data)
    SystemCoreClock                          0x20000084   Data           4  system_stm32f10x.o(.data)
    AHBPrescTable                            0x20000088   Data          16  system_stm32f10x.o(.data)
    Mass_Block_Size                          0x20000118   Data           4  mass_mal.o(.data)
    Mass_Block_Count                         0x2000011c   Data           4  mass_mal.o(.data)
    Mass_Memory_Size                         0x20000120   Data           8  mass_mal.o(.data)
    TransferState                            0x20000128   Data           1  memory.o(.data)
    USB_STATUS_REG                           0x20000129   Data           1  memory.o(.data)
    Block_Read_count                         0x2000012c   Data           4  memory.o(.data)
    Counter                                  0x20000130   Data           4  memory.o(.data)
    Block_offset                             0x20000134   Data           4  memory.o(.data)
    Idx                                      0x20000138   Data           4  memory.o(.data)
    Page00_Inquiry_Data                      0x20000160   Data           5  scsi_data.o(.data)
    Standard_Inquiry_Data                    0x20000165   Data          36  scsi_data.o(.data)
    Standard_Inquiry_Data2                   0x20000189   Data          36  scsi_data.o(.data)
    Mode_Sense6_data                         0x200001ad   Data           4  scsi_data.o(.data)
    Mode_Sense10_data                        0x200001b1   Data           8  scsi_data.o(.data)
    Scsi_Sense_Data                          0x200001b9   Data          18  scsi_data.o(.data)
    ReadCapacity10_Data                      0x200001cb   Data           8  scsi_data.o(.data)
    ReadFormatCapacity_Data                  0x200001d3   Data          12  scsi_data.o(.data)
    Bot_State                                0x200001e0   Data           1  usb_bot.o(.data)
    Data_Len                                 0x200001e2   Data           2  usb_bot.o(.data)
    SCSI_LBA                                 0x200001e4   Data           4  usb_bot.o(.data)
    SCSI_BlkLen                              0x200001e8   Data           4  usb_bot.o(.data)
    MASS_StringSerial                        0x200001ec   Data          26  usb_desc.o(.data)
    pEpInt_IN                                0x20000208   Data          28  usb_istr.o(.data)
    pEpInt_OUT                               0x20000224   Data          28  usb_istr.o(.data)
    wIstr                                    0x20000240   Data           2  usb_istr.o(.data)
    Max_Lun                                  0x20000244   Data           1  usb_prop.o(.data)
    Device_Descriptor                        0x20000248   Data           8  usb_prop.o(.data)
    Config_Descriptor                        0x20000250   Data           8  usb_prop.o(.data)
    Device_Property                          0x20000258   Data          48  usb_prop.o(.data)
    String_Descriptor                        0x20000288   Data          40  usb_prop.o(.data)
    Device_Table                             0x200002b0   Data           2  usb_prop.o(.data)
    User_Standard_Requests                   0x200002b4   Data          36  usb_prop.o(.data)
    bDeviceState                             0x200002d8   Data           4  usb_pwr.o(.data)
    Data_Mul_MaxPacketSize                   0x200002dc   Data           1  usb_core.o(.data)
    StatusInfo                               0x200002de   Data           2  usb_core.o(.data)
    EPindex                                  0x200002e0   Data           1  usb_init.o(.data)
    pInformation                             0x200002e4   Data           4  usb_init.o(.data)
    pProperty                                0x200002e8   Data           4  usb_init.o(.data)
    pUser_Standard_Requests                  0x200002ec   Data           4  usb_init.o(.data)
    wInterrupt_Mask                          0x200002f0   Data           2  usb_init.o(.data)
    SaveRState                               0x200002f2   Data           2  usb_int.o(.data)
    SaveTState                               0x200002f4   Data           2  usb_int.o(.data)
    FlashDiskPath                            0x200002f6   Data           8  fatfs_demo.o(.data)
    UpdateDirPath                            0x200002fe   Data          32  fatfs_demo.o(.data)
    __stdout                                 0x2000032c   Data           4  stdout.o(.data)
    sector_buf                               0x20000334   Data        4096  sdrr.o(.bss)
    spi_flash_buf                            0x200016c0   Data        4096  spi_flash_interface.o(.bss)
    Data_Buffer                              0x200026f8   Data        4096  memory.o(.bss)
    Bulk_Data_Buff                           0x200036f8   Data          64  usb_bot.o(.bss)
    CBW                                      0x20003738   Data          32  usb_bot.o(.bss)
    CSW                                      0x20003758   Data          16  usb_bot.o(.bss)
    Device_Info                              0x20003768   Data          28  usb_init.o(.bss)
    FlashDiskFatFs                           0x20003784   Data        4144  fatfs_demo.o(.bss)
    Lfname                                   0x200047f4   Data          51  fatfs_demo.o(.bss)
    fileFIL                                  0x20004828   Data          44  fatfs_demo.o(.bss)
    __initial_sp                             0x20004ce0   Data           0  startup_stm32f10x_md.o(STACK)



==============================================================================

Memory Map of the image

  Image Entry point : 0x080040ed

  Load Region LR_IROM1 (Base: 0x08004000, Size: 0x0000ac14, Max: 0x00010000, ABSOLUTE, COMPRESSED[0x0000a9dc])

    Execution Region ER_IROM1 (Base: 0x08004000, Size: 0x0000a8e0, Max: 0x00010000, ABSOLUTE)

    Base Addr    Size         Type   Attr      Idx    E Section Name        Object

    0x08004000   0x000000ec   Data   RO         3624    RESET               startup_stm32f10x_md.o
    0x080040ec   0x00000000   Code   RO         5478  * .ARM.Collect$$$$00000000  mc_w.l(entry.o)
    0x080040ec   0x00000004   Code   RO         5780    .ARM.Collect$$$$00000001  mc_w.l(entry2.o)
    0x080040f0   0x00000004   Code   RO         5783    .ARM.Collect$$$$00000004  mc_w.l(entry5.o)
    0x080040f4   0x00000000   Code   RO         5785    .ARM.Collect$$$$00000008  mc_w.l(entry7b.o)
    0x080040f4   0x00000008   Code   RO         5786    .ARM.Collect$$$$00000009  mc_w.l(entry8.o)
    0x080040fc   0x00000004   Code   RO         5781    .ARM.Collect$$$$00002712  mc_w.l(entry2.o)
    0x08004100   0x00000024   Code   RO         3625    .text               startup_stm32f10x_md.o
    0x08004124   0x00000062   Code   RO         5481    .text               mc_w.l(uldiv.o)
    0x08004186   0x00000024   Code   RO         5483    .text               mc_w.l(memcpya.o)
    0x080041aa   0x00000026   Code   RO         5485    .text               mc_w.l(memseta.o)
    0x080041d0   0x0000002c   Code   RO         5487    .text               mc_w.l(strstr.o)
    0x080041fc   0x00000018   Code   RO         5489    .text               mc_w.l(strncpy.o)
    0x08004214   0x00000010   Code   RO         5491    .text               mc_w.l(strlen.o)
    0x08004224   0x00000020   Code   RO         5493    .text               mc_w.l(strrchr.o)
    0x08004244   0x00000070   Code   RO         5758    .text               mc_w.l(strtol.o)
    0x080042b4   0x000000b0   Code   RO         5760    .text               mf_w.l(fadd.o)
    0x08004364   0x0000014c   Code   RO         5762    .text               mf_w.l(dadd.o)
    0x080044b0   0x000000e0   Code   RO         5764    .text               mf_w.l(dmul.o)
    0x08004590   0x000000de   Code   RO         5766    .text               mf_w.l(ddiv.o)
    0x0800466e   0x0000000a   Code   RO         5768    .text               mf_w.l(ffltui.o)
    0x08004678   0x0000001a   Code   RO         5770    .text               mf_w.l(dfltui.o)
    0x08004692   0x0000002e   Code   RO         5772    .text               mf_w.l(dfixui.o)
    0x080046c0   0x0000002c   Code   RO         5774    .text               mf_w.l(f2d.o)
    0x080046ec   0x00000014   Code   RO         5776    .text               mf_w.l(cfcmple.o)
    0x08004700   0x00000014   Code   RO         5778    .text               mf_w.l(cfrcmple.o)
    0x08004714   0x0000001e   Code   RO         5790    .text               mc_w.l(llshl.o)
    0x08004732   0x00000020   Code   RO         5792    .text               mc_w.l(llushr.o)
    0x08004752   0x00000024   Code   RO         5794    .text               mc_w.l(llsshr.o)
    0x08004776   0x00000002   PAD
    0x08004778   0x00000008   Code   RO         5796    .text               mc_w.l(ctype_o.o)
    0x08004780   0x0000009e   Code   RO         5831    .text               mc_w.l(_strtoul.o)
    0x0800481e   0x00000000   Code   RO         5833    .text               mc_w.l(iusefp.o)
    0x0800481e   0x0000006c   Code   RO         5834    .text               mf_w.l(fepilogue.o)
    0x0800488a   0x000000be   Code   RO         5836    .text               mf_w.l(depilogue.o)
    0x08004948   0x00000024   Code   RO         5842    .text               mc_w.l(init.o)
    0x0800496c   0x0000001c   Code   RO         5844    .text               mc_w.l(_chval.o)
    0x08004988   0x0000005c   Code   RO         5854    .text               mc_w.l(__dczerorl2.o)
    0x080049e4   0x0000011c   Code   RO         2580    i.AppInit           application.o
    0x08004b00   0x0000003c   Code   RO         1908    i.BKP_TamperPinCmd  stm32f10x_bkp.o
    0x08004b3c   0x00000048   Code   RO         2878    i.BSP_Init          os_global.o
    0x08004b84   0x00000032   Code   RO         4092    i.Bot_Abort         usb_bot.o
    0x08004bb6   0x00000002   Code   RO         2466    i.BusFault_Handler  stm32f10x_it.o
    0x08004bb8   0x0000000a   Code   RO         4643    i.ByteSwap          usb_regs.o
    0x08004bc2   0x00000002   PAD
    0x08004bc4   0x00000198   Code   RO         4093    i.CBW_Decode        usb_bot.o
    0x08004d5c   0x00000078   Code   RO         4595    i.CTR_HP            usb_int.o
    0x08004dd4   0x0000013c   Code   RO         4596    i.CTR_LP            usb_int.o
    0x08004f10   0x0000003c   Code   RO         2986    i.CalculateHchoAver  pm25sensor.o
    0x08004f4c   0x00000024   Code   RO         4644    i.ClearDTOG_RX      usb_regs.o
    0x08004f70   0x00000024   Code   RO         4645    i.ClearDTOG_TX      usb_regs.o
    0x08004f94   0x00000020   Code   RO         4650    i.Clear_Status_Out  usb_regs.o
    0x08004fb4   0x00000068   Code   RO         3507    i.DHT_Init          dht11.o
    0x0800501c   0x000000e4   Code   RO         3508    i.DHT_RxByte        dht11.o
    0x08005100   0x00000028   Code   RO         3509    i.DHT_SetIODir      dht11.o
    0x08005128   0x00000044   Code   RO         3510    i.DHT_Start         dht11.o
    0x0800516c   0x000000bc   Code   RO         4450    i.DataStageIn       usb_core.o
    0x08005228   0x000000a8   Code   RO         4451    i.DataStageOut      usb_core.o
    0x080052d0   0x0000019c   Code   RO         4452    i.Data_Setup0       usb_core.o
    0x0800546c   0x00000002   Code   RO         2467    i.DebugMon_Handler  stm32f10x_it.o
    0x0800546e   0x00000004   Code   RO         4157    i.EP1_IN_Callback   usb_endp.o
    0x08005472   0x00000004   Code   RO         4158    i.EP2_OUT_Callback  usb_endp.o
    0x08005476   0x00000002   PAD
    0x08005478   0x00000154   Code   RO         2727    i.F10X_FLASH_WriteAppAttr  f10x_flash_if.o
    0x080055cc   0x0000038c   Code   RO         5069    i.FILE_FormatDisk   fatfs_demo.o
    0x08005958   0x000001b8   Code   RO         5070    i.FILE_GetSensorTotalItems  fatfs_demo.o
    0x08005b10   0x00000198   Code   RO         5071    i.FILE_Open         fatfs_demo.o
    0x08005ca8   0x0000010c   Code   RO         5072    i.FILE_Scan         fatfs_demo.o
    0x08005db4   0x000000ac   Code   RO         5073    i.FILE_Write        fatfs_demo.o
    0x08005e60   0x00000050   Code   RO         1336    i.FLASH_PrefetchBufferCmd  stm32f10x_flash.o
    0x08005eb0   0x00000050   Code   RO         1341    i.FLASH_SetLatency  stm32f10x_flash.o
    0x08005f00   0x00000004   Code   RO         5074    i.FatFs_Demo        fatfs_demo.o
    0x08005f04   0x0000015c   Code   RO          313    i.GPIO_Init         stm32f10x_gpio.o
    0x08006060   0x000000e0   Code   RO          317    i.GPIO_ReadInputDataBit  stm32f10x_gpio.o
    0x08006140   0x00000088   Code   RO          320    i.GPIO_ResetBits    stm32f10x_gpio.o
    0x080061c8   0x00000088   Code   RO          321    i.GPIO_SetBits      stm32f10x_gpio.o
    0x08006250   0x000000ec   Code   RO          324    i.GPIO_WriteBit     stm32f10x_gpio.o
    0x0800633c   0x00000020   Code   RO         4662    i.GetEPRxAddr       usb_regs.o
    0x0800635c   0x00000020   Code   RO         4663    i.GetEPRxCount      usb_regs.o
    0x0800637c   0x00000014   Code   RO         4664    i.GetEPRxStatus     usb_regs.o
    0x08006390   0x0000001c   Code   RO         4665    i.GetEPTxAddr       usb_regs.o
    0x080063ac   0x0000001c   Code   RO         4196    i.Get_Max_Lun       usb_prop.o
    0x080063c8   0x00000034   Code   RO         3919    i.Get_SerialNum     hw_config.o
    0x080063fc   0x0000002c   Code   RO         2987    i.HCHO_CheckSum     pm25sensor.o
    0x08006428   0x000000b0   Code   RO         2988    i.HCHO_DisplayInit  pm25sensor.o
    0x080064d8   0x0000006a   Code   RO         2989    i.HCHO_DisplayMassFract  pm25sensor.o
    0x08006542   0x0000006a   Code   RO         2990    i.HCHO_DisplayPPM   pm25sensor.o
    0x080065ac   0x00000044   Code   RO         2993    i.HCHO_Receive      pm25sensor.o
    0x080065f0   0x00000080   Code   RO         2997    i.HCHO_UART_IRQHandler  pm25sensor.o
    0x08006670   0x00000002   Code   RO         2468    i.HardFault_Handler  stm32f10x_it.o
    0x08006672   0x00000002   PAD
    0x08006674   0x0000005c   Code   RO         4453    i.In0_Process       usb_core.o
    0x080066d0   0x00000036   Code   RO         3920    i.IntToUnicode      hw_config.o
    0x08006706   0x00000002   PAD
    0x08006708   0x00000024   Code   RO         2879    i.JumpToBootloader  os_global.o
    0x0800672c   0x0000001e   Code   RO         2800    i.LCD1602_ClearScreen  lcd1602_drv.o
    0x0800674a   0x00000002   PAD
    0x0800674c   0x00000098   Code   RO         2801    i.LCD1602_HardwareInit  lcd1602_drv.o
    0x080067e4   0x00000104   Code   RO         2802    i.LCD1602_Init      lcd1602_drv.o
    0x080068e8   0x0000000e   Code   RO         2803    i.LCD1602_SetXY     lcd1602_drv.o
    0x080068f6   0x00000002   PAD
    0x080068f8   0x000000a0   Code   RO         2804    i.LCD1602_WriteCmd  lcd1602_drv.o
    0x08006998   0x000000a4   Code   RO         2805    i.LCD1602_WriteData  lcd1602_drv.o
    0x08006a3c   0x000000a0   Code   RO         2806    i.LCD1602_WriteInteger  lcd1602_drv.o
    0x08006adc   0x00000018   Code   RO         2807    i.LCD1602_WriteString  lcd1602_drv.o
    0x08006af4   0x00000060   Code   RO         2998    i.LCD_Display_AQI   pm25sensor.o
    0x08006b54   0x00000064   Code   RO         2999    i.LCD_Display_CC    pm25sensor.o
    0x08006bb8   0x0000001c   Code   RO         2808    i.LCD_enable_wait   lcd1602_drv.o
    0x08006bd4   0x0000002c   Code   RO         2809    i.LCD_enable_write  lcd1602_drv.o
    0x08006c00   0x00000028   Code   RO         2810    i.LCD_set_data_dir  lcd1602_drv.o
    0x08006c28   0x00000020   Code   RO         3169    i.LED_AllSet        led_drv.o
    0x08006c48   0x000000b8   Code   RO         3170    i.LED_AqiIndicate   led_drv.o
    0x08006d00   0x00000048   Code   RO         3171    i.LED_Config        led_drv.o
    0x08006d48   0x00000038   Code   RO         3172    i.LED_Flash         led_drv.o
    0x08006d80   0x0000002c   Code   RO         3000    i.LED_IndicateColorOfHCHO  pm25sensor.o
    0x08006dac   0x00000064   Code   RO         3173    i.LED_Init          led_drv.o
    0x08006e10   0x00000002   Code   RO         3174    i.LED_StopAqiIndicate  led_drv.o
    0x08006e12   0x00000002   PAD
    0x08006e14   0x00000048   Code   RO         3175    i.LedFlashTimer_CallBack  led_drv.o
    0x08006e5c   0x00000060   Code   RO         3176    i.LedTimer_CallBack  led_drv.o
    0x08006ebc   0x00000030   Code   RO         3992    i.MAL_GetStatus     mass_mal.o
    0x08006eec   0x00000010   Code   RO         3993    i.MAL_Init          mass_mal.o
    0x08006efc   0x00000016   Code   RO         3994    i.MAL_Read          mass_mal.o
    0x08006f12   0x00000016   Code   RO         3995    i.MAL_Write         mass_mal.o
    0x08006f28   0x00000040   Code   RO         4197    i.MASS_Data_Setup   usb_prop.o
    0x08006f68   0x0000000c   Code   RO         4198    i.MASS_GetConfigDescriptor  usb_prop.o
    0x08006f74   0x0000000c   Code   RO         4199    i.MASS_GetDeviceDescriptor  usb_prop.o
    0x08006f80   0x00000020   Code   RO         4200    i.MASS_GetStringDescriptor  usb_prop.o
    0x08006fa0   0x0000000a   Code   RO         4201    i.MASS_Get_Interface_Setting  usb_prop.o
    0x08006faa   0x00000002   PAD
    0x08006fac   0x00000050   Code   RO         4202    i.MASS_NoData_Setup  usb_prop.o
    0x08006ffc   0x000000e0   Code   RO         4203    i.MASS_Reset        usb_prop.o
    0x080070dc   0x00000002   Code   RO         4204    i.MASS_Status_In    usb_prop.o
    0x080070de   0x00000002   Code   RO         4205    i.MASS_Status_Out   usb_prop.o
    0x080070e0   0x00000024   Code   RO         4206    i.MASS_init         usb_prop.o
    0x08007104   0x0000001c   Code   RO         4207    i.Mass_Storage_ClearFeature  usb_prop.o
    0x08007120   0x00000080   Code   RO         4094    i.Mass_Storage_In   usb_bot.o
    0x080071a0   0x00000074   Code   RO         4095    i.Mass_Storage_Out  usb_bot.o
    0x08007214   0x00000034   Code   RO         4208    i.Mass_Storage_SetConfiguration  usb_prop.o
    0x08007248   0x0000000c   Code   RO         4209    i.Mass_Storage_SetDeviceAddress  usb_prop.o
    0x08007254   0x00000002   Code   RO         2469    i.MemManage_Handler  stm32f10x_it.o
    0x08007256   0x00000002   Code   RO         2470    i.NMI_Handler       stm32f10x_it.o
    0x08007258   0x00000002   Code   RO         4454    i.NOP_Process       usb_core.o
    0x0800725a   0x0000000a   Code   RO         2581    i.NVIC_Configuration  application.o
    0x08007264   0x000000ac   Code   RO            1    i.NVIC_Init         misc.o
    0x08007310   0x00000054   Code   RO            2    i.NVIC_PriorityGroupConfig  misc.o
    0x08007364   0x00000058   Code   RO            3    i.NVIC_SetVectorTable  misc.o
    0x080073bc   0x000000d4   Code   RO         4455    i.NoData_Setup0     usb_core.o
    0x08007490   0x0000000c   Code   RO         2655    i.OS_GetSysTick     timermanager.o
    0x0800749c   0x00000014   Code   RO         2880    i.OS_IsTimeout      os_global.o
    0x080074b0   0x0000000c   Code   RO         2881    i.OS_SetTimeout     os_global.o
    0x080074bc   0x00000040   Code   RO         2936    i.OS_TimerCheck     os_timer.o
    0x080074fc   0x0000001a   Code   RO         2937    i.OS_TimerInit      os_timer.o
    0x08007516   0x00000002   PAD
    0x08007518   0x00000030   Code   RO         2939    i.OS_TimerStart     os_timer.o
    0x08007548   0x00000020   Code   RO         2940    i.OS_TimerStop      os_timer.o
    0x08007568   0x00000048   Code   RO         4456    i.Out0_Process      usb_core.o
    0x080075b0   0x00000114   Code   RO         3001    i.PM25_AqiCalculate  pm25sensor.o
    0x080076c4   0x0000009c   Code   RO         3002    i.PM25_Display_Init  pm25sensor.o
    0x08007760   0x00000070   Code   RO         3003    i.PM25_Display_Value  pm25sensor.o
    0x080077d0   0x0000003c   Code   RO         3004    i.PM25_Init         pm25sensor.o
    0x0800780c   0x0000007c   Code   RO         3005    i.PM25_Receive      pm25sensor.o
    0x08007888   0x0000007c   Code   RO         3006    i.PM25_UART_IRQHandler  pm25sensor.o
    0x08007904   0x0000001c   Code   RO         4625    i.PMAToUserBufferCopy  usb_mem.o
    0x08007920   0x0000003c   Code   RO         1259    i.PWR_BackupAccessCmd  stm32f10x_pwr.o
    0x0800795c   0x00000002   Code   RO         2471    i.PendSV_Handler    stm32f10x_it.o
    0x0800795e   0x00000002   PAD
    0x08007960   0x00000044   Code   RO         4457    i.Post0_Process     usb_core.o
    0x080079a4   0x0000002c   Code   RO         4304    i.PowerOn           usb_pwr.o
    0x080079d0   0x00000088   Code   RO         3229    i.Queue_UART_IRQHandler  uart_queue.o
    0x08007a58   0x00000060   Code   RO          109    i.RCC_APB1PeriphClockCmd  stm32f10x_rcc.o
    0x08007ab8   0x00000060   Code   RO          110    i.RCC_APB1PeriphResetCmd  stm32f10x_rcc.o
    0x08007b18   0x00000060   Code   RO          111    i.RCC_APB2PeriphClockCmd  stm32f10x_rcc.o
    0x08007b78   0x00000060   Code   RO          112    i.RCC_APB2PeriphResetCmd  stm32f10x_rcc.o
    0x08007bd8   0x00000040   Code   RO          118    i.RCC_DeInit        stm32f10x_rcc.o
    0x08007c18   0x00000098   Code   RO          119    i.RCC_GetClocksFreq  stm32f10x_rcc.o
    0x08007cb0   0x00000088   Code   RO          120    i.RCC_GetFlagStatus  stm32f10x_rcc.o
    0x08007d38   0x00000010   Code   RO          122    i.RCC_GetSYSCLKSource  stm32f10x_rcc.o
    0x08007d48   0x00000064   Code   RO          123    i.RCC_HCLKConfig    stm32f10x_rcc.o
    0x08007dac   0x00000040   Code   RO          125    i.RCC_HSICmd        stm32f10x_rcc.o
    0x08007dec   0x0000005c   Code   RO          127    i.RCC_LSEConfig     stm32f10x_rcc.o
    0x08007e48   0x0000005c   Code   RO          130    i.RCC_PCLK1Config   stm32f10x_rcc.o
    0x08007ea4   0x0000005c   Code   RO          131    i.RCC_PCLK2Config   stm32f10x_rcc.o
    0x08007f00   0x00000040   Code   RO          132    i.RCC_PLLCmd        stm32f10x_rcc.o
    0x08007f40   0x000000b4   Code   RO          133    i.RCC_PLLConfig     stm32f10x_rcc.o
    0x08007ff4   0x0000004c   Code   RO          136    i.RCC_SYSCLKConfig  stm32f10x_rcc.o
    0x08008040   0x00000040   Code   RO          137    i.RCC_USBCLKConfig  stm32f10x_rcc.o
    0x08008080   0x000000e8   Code   RO         4036    i.Read_Memory       memory.o
    0x08008168   0x00000074   Code   RO         4348    i.SCSI_Address_Management  usb_scsi.o
    0x080081dc   0x00000030   Code   RO         4349    i.SCSI_Format_Cmd   usb_scsi.o
    0x0800820c   0x00000034   Code   RO         4350    i.SCSI_Inquiry_Cmd  usb_scsi.o
    0x08008240   0x00000034   Code   RO         4351    i.SCSI_Invalid_Cmd  usb_scsi.o
    0x08008274   0x0000000c   Code   RO         4352    i.SCSI_ModeSense10_Cmd  usb_scsi.o
    0x08008280   0x0000000c   Code   RO         4353    i.SCSI_ModeSense6_Cmd  usb_scsi.o
    0x0800828c   0x00000068   Code   RO         4354    i.SCSI_Read10_Cmd   usb_scsi.o
    0x080082f4   0x00000070   Code   RO         4355    i.SCSI_ReadCapacity10_Cmd  usb_scsi.o
    0x08008364   0x0000006c   Code   RO         4356    i.SCSI_ReadFormatCapacity_Cmd  usb_scsi.o
    0x080083d0   0x00000018   Code   RO         4357    i.SCSI_RequestSense_Cmd  usb_scsi.o
    0x080083e8   0x00000008   Code   RO         4358    i.SCSI_Start_Stop_Unit_Cmd  usb_scsi.o
    0x080083f0   0x00000038   Code   RO         4359    i.SCSI_TestUnitReady_Cmd  usb_scsi.o
    0x08008428   0x00000034   Code   RO         4361    i.SCSI_Verify10_Cmd  usb_scsi.o
    0x0800845c   0x00000068   Code   RO         4362    i.SCSI_Write10_Cmd  usb_scsi.o
    0x080084c4   0x00000044   Code   RO         2689    i.SDRR_Init         sdrr.o
    0x08008508   0x000000b0   Code   RO         2690    i.SDRR_SaveSensorPoint  sdrr.o
    0x080085b8   0x0000015c   Code   RO         2691    i.SDRR_SensorPointToString  sdrr.o
    0x08008714   0x00000088   Code   RO         2692    i.SDRR_WriteRecordToFile  sdrr.o
    0x0800879c   0x00000070   Code   RO         1537    i.SPI_CalculateCRC  stm32f10x_spi.o
    0x0800880c   0x00000070   Code   RO         1538    i.SPI_Cmd           stm32f10x_spi.o
    0x0800887c   0x00000090   Code   RO         1545    i.SPI_I2S_DeInit    stm32f10x_spi.o
    0x0800890c   0x00000088   Code   RO         1546    i.SPI_I2S_GetFlagStatus  stm32f10x_spi.o
    0x08008994   0x0000013c   Code   RO         1551    i.SPI_Init          stm32f10x_spi.o
    0x08008ad0   0x00000002   Code   RO         2472    i.SVC_Handler       stm32f10x_it.o
    0x08008ad2   0x00000002   PAD
    0x08008ad4   0x00000010   Code   RO         4673    i.SetBTABLE         usb_regs.o
    0x08008ae4   0x00000044   Code   RO         4458    i.SetDeviceAddress  usb_core.o
    0x08008b28   0x00000020   Code   RO         4687    i.SetEPRxAddr       usb_regs.o
    0x08008b48   0x00000040   Code   RO         4688    i.SetEPRxCount      usb_regs.o
    0x08008b88   0x00000030   Code   RO         4689    i.SetEPRxStatus     usb_regs.o
    0x08008bb8   0x00000024   Code   RO         4690    i.SetEPRxValid      usb_regs.o
    0x08008bdc   0x00000020   Code   RO         4691    i.SetEPTxAddr       usb_regs.o
    0x08008bfc   0x0000001c   Code   RO         4692    i.SetEPTxCount      usb_regs.o
    0x08008c18   0x00000030   Code   RO         4693    i.SetEPTxStatus     usb_regs.o
    0x08008c48   0x0000001c   Code   RO         4695    i.SetEPType         usb_regs.o
    0x08008c64   0x00000094   Code   RO         3593    i.SetSysClockTo72   system_stm32f10x.o
    0x08008cf8   0x00000040   Code   RO         4096    i.Set_CSW           usb_bot.o
    0x08008d38   0x0000000c   Code   RO         4363    i.Set_Scsi_Sense_Data  usb_scsi.o
    0x08008d44   0x00000068   Code   RO         4459    i.Setup0_Process    usb_core.o
    0x08008dac   0x000000ec   Code   RO         4460    i.Standard_ClearFeature  usb_core.o
    0x08008e98   0x00000028   Code   RO         4461    i.Standard_GetConfiguration  usb_core.o
    0x08008ec0   0x0000001c   Code   RO         4462    i.Standard_GetDescriptorData  usb_core.o
    0x08008edc   0x00000028   Code   RO         4463    i.Standard_GetInterface  usb_core.o
    0x08008f04   0x00000090   Code   RO         4464    i.Standard_GetStatus  usb_core.o
    0x08008f94   0x00000038   Code   RO         4465    i.Standard_SetConfiguration  usb_core.o
    0x08008fcc   0x00000024   Code   RO         4466    i.Standard_SetDeviceFeature  usb_core.o
    0x08008ff0   0x00000084   Code   RO         4467    i.Standard_SetEndPointFeature  usb_core.o
    0x08009074   0x00000048   Code   RO         4468    i.Standard_SetInterface  usb_core.o
    0x080090bc   0x00000070   Code   RO         2583    i.SysClockConfig    application.o
    0x0800912c   0x00000004   Code   RO         2473    i.SysTick_Handler   stm32f10x_it.o
    0x08009130   0x00000014   Code   RO         2656    i.SysTick_Increment  timermanager.o
    0x08009144   0x00000038   Code   RO         2657    i.SysTick_Init      timermanager.o
    0x0800917c   0x00000016   Code   RO         2882    i.Sys_GenSum32      os_global.o
    0x08009192   0x0000000e   Code   RO         2883    i.Sys_IsBigEndian   os_global.o
    0x080091a0   0x00000050   Code   RO         3595    i.SystemInit        system_stm32f10x.o
    0x080091f0   0x000000f8   Code   RO          735    i.TIM_Cmd           stm32f10x_tim.o
    0x080092e8   0x00000178   Code   RO          806    i.TIM_TimeBaseInit  stm32f10x_tim.o
    0x08009460   0x00000012   Code   RO          807    i.TIM_TimeBaseStructInit  stm32f10x_tim.o
    0x08009472   0x00000060   Code   RO         3007    i.TempHumi_Display  pm25sensor.o
    0x080094d2   0x00000002   PAD
    0x080094d4   0x00000164   Code   RO         3008    i.TimerCalculator_CallBack  pm25sensor.o
    0x08009638   0x000000f0   Code   RO         3009    i.TimerCheckPM25_CallBack  pm25sensor.o
    0x08009728   0x0000022c   Code   RO         3511    i.TimerDHT_CallBack  dht11.o
    0x08009954   0x00000058   Code   RO         3512    i.TimerGetTempHumi_CallBack  dht11.o
    0x080099ac   0x00000034   Code   RO         4097    i.Transfer_Data_Request  usb_bot.o
    0x080099e0   0x00000004   Code   RO         3330    i.USART1_IRQHandler  uart_drv.o
    0x080099e4   0x00000004   Code   RO         3332    i.USART2_IRQHandler  uart_drv.o
    0x080099e8   0x00000098   Code   RO         3333    i.USART2_Init       uart_drv.o
    0x08009a80   0x00000004   Code   RO         3334    i.USART3_IRQHandler  uart_drv.o
    0x08009a84   0x0000009c   Code   RO         3335    i.USART3_Init       uart_drv.o
    0x08009b20   0x000000a0   Code   RO          541    i.USART_ClearFlag   stm32f10x_usart.o
    0x08009bc0   0x00000088   Code   RO          545    i.USART_Cmd         stm32f10x_usart.o
    0x08009c48   0x00000114   Code   RO          549    i.USART_GetITStatus  stm32f10x_usart.o
    0x08009d5c   0x00000108   Code   RO          551    i.USART_ITConfig    stm32f10x_usart.o
    0x08009e64   0x000001b8   Code   RO          552    i.USART_Init        stm32f10x_usart.o
    0x0800a01c   0x0000006c   Code   RO          559    i.USART_ReceiveData  stm32f10x_usart.o
    0x0800a088   0x00000080   Code   RO          562    i.USART_SendData    stm32f10x_usart.o
    0x0800a108   0x00000006   Code   RO         3923    i.USBSet_System     hw_config.o
    0x0800a10e   0x00000014   Code   RO         3924    i.USBSet_USBClock   hw_config.o
    0x0800a122   0x00000002   PAD
    0x0800a124   0x00000018   Code   RO         3925    i.USB_Cable_Config  hw_config.o
    0x0800a13c   0x00000004   Code   RO         2474    i.USB_HP_CAN1_TX_IRQHandler  stm32f10x_it.o
    0x0800a140   0x00000028   Code   RO         4569    i.USB_Init          usb_init.o
    0x0800a168   0x00000042   Code   RO         3926    i.USB_Interrupts_Config  hw_config.o
    0x0800a1aa   0x00000002   PAD
    0x0800a1ac   0x00000048   Code   RO         4175    i.USB_Istr          usb_istr.o
    0x0800a1f4   0x00000004   Code   RO         2475    i.USB_LP_CAN1_RX0_IRQHandler  stm32f10x_it.o
    0x0800a1f8   0x00000020   Code   RO         5003    i.USB_SIL_Init      usb_sil.o
    0x0800a218   0x00000024   Code   RO         5004    i.USB_SIL_Read      usb_sil.o
    0x0800a23c   0x00000028   Code   RO         5005    i.USB_SIL_Write     usb_sil.o
    0x0800a264   0x0000002c   Code   RO         3232    i.Uart_DisableTxInterrupt  uart_queue.o
    0x0800a290   0x0000002c   Code   RO         3235    i.Uart_Q_Init       uart_queue.o
    0x0800a2bc   0x00000038   Code   RO         3244    i.Uart_TxQueueOut   uart_queue.o
    0x0800a2f4   0x00000002   Code   RO         2476    i.UsageFault_Handler  stm32f10x_it.o
    0x0800a2f6   0x00000002   PAD
    0x0800a2f8   0x00000028   Code   RO         4626    i.UserToPMABufferCopy  usb_mem.o
    0x0800a320   0x0000010c   Code   RO         4037    i.Write_Memory      memory.o
    0x0800a42c   0x00000020   Code   RO         5704    i.__0printf$8       mc_w.l(printf8.o)
    0x0800a44c   0x00000028   Code   RO         5705    i.__0snprintf$8     mc_w.l(printf8.o)
    0x0800a474   0x00000008   Code   RO         5824    i.__aeabi_errno_addr  mc_w.l(errno.o)
    0x0800a47c   0x0000000e   Code   RO         5848    i.__scatterload_copy  mc_w.l(handlers.o)
    0x0800a48a   0x00000002   Code   RO         5849    i.__scatterload_null  mc_w.l(handlers.o)
    0x0800a48c   0x0000000e   Code   RO         5850    i.__scatterload_zeroinit  mc_w.l(handlers.o)
    0x0800a49a   0x00000002   PAD
    0x0800a49c   0x00000050   Code   RO         2764    i._init_ms          delay.o
    0x0800a4ec   0x00000050   Code   RO         2765    i._init_us          delay.o
    0x0800a53c   0x00000420   Code   RO         5711    i._printf_core      mc_w.l(printf8.o)
    0x0800a95c   0x00000026   Code   RO         5712    i._printf_post_padding  mc_w.l(printf8.o)
    0x0800a982   0x00000030   Code   RO         5713    i._printf_pre_padding  mc_w.l(printf8.o)
    0x0800a9b2   0x00000016   Code   RO         5714    i._snputc           mc_w.l(printf8.o)
    0x0800a9c8   0x00000018   Code   RO         2766    i._stop_timer       delay.o
    0x0800a9e0   0x00000100   Code   RO         3719    i.aai_write         sfud.o
    0x0800aae0   0x00000028   Code   RO         3629    i.assert_failed     bsp.o
    0x0800ab08   0x00000060   Code   RO         5128    i.check_fs          ff.o
    0x0800ab68   0x00000010   Code   RO         5129    i.chk_chr           ff.o
    0x0800ab78   0x00000064   Code   RO         5130    i.chk_lock          ff.o
    0x0800abdc   0x00000024   Code   RO         5131    i.clear_lock        ff.o
    0x0800ac00   0x0000002a   Code   RO         5132    i.clmt_clust        ff.o
    0x0800ac2a   0x0000001c   Code   RO         5133    i.clust2sect        ff.o
    0x0800ac46   0x000000a4   Code   RO         5134    i.create_chain      ff.o
    0x0800acea   0x00000002   PAD
    0x0800acec   0x000001e0   Code   RO         5135    i.create_name       ff.o
    0x0800aecc   0x0000003c   Code   RO         5136    i.dec_lock          ff.o
    0x0800af08   0x0000001e   Code   RO         2767    i.delay_ms          delay.o
    0x0800af26   0x0000001e   Code   RO         2768    i.delay_us          delay.o
    0x0800af44   0x0000012c   Code   RO         5137    i.dir_find          ff.o
    0x0800b070   0x00000100   Code   RO         5138    i.dir_next          ff.o
    0x0800b170   0x000000fc   Code   RO         5139    i.dir_read          ff.o
    0x0800b26c   0x000001ac   Code   RO         5140    i.dir_register      ff.o
    0x0800b418   0x00000066   Code   RO         5141    i.dir_remove        ff.o
    0x0800b47e   0x00000080   Code   RO         5142    i.dir_sdi           ff.o
    0x0800b4fe   0x00000016   Code   RO         5027    i.disk_initialize   diskio.o
    0x0800b514   0x0000000a   Code   RO         5028    i.disk_ioctl        diskio.o
    0x0800b51e   0x00000012   Code   RO         5029    i.disk_read         diskio.o
    0x0800b530   0x00000004   Code   RO         5030    i.disk_status       diskio.o
    0x0800b534   0x00000012   Code   RO         5031    i.disk_write        diskio.o
    0x0800b546   0x00000002   PAD
    0x0800b548   0x00000054   Code   RO         5075    i.exf_getfree       fatfs_demo.o
    0x0800b59c   0x00000026   Code   RO         5144    i.f_close           ff.o
    0x0800b5c2   0x00000020   Code   RO         5145    i.f_closedir        ff.o
    0x0800b5e2   0x000000c4   Code   RO         5146    i.f_getfree         ff.o
    0x0800b6a6   0x000001a6   Code   RO         5148    i.f_lseek           ff.o
    0x0800b84c   0x00000178   Code   RO         5149    i.f_mkdir           ff.o
    0x0800b9c4   0x00000534   Code   RO         5150    i.f_mkfs            ff.o
    0x0800bef8   0x00000060   Code   RO         5151    i.f_mount           ff.o
    0x0800bf58   0x000001a0   Code   RO         5152    i.f_open            ff.o
    0x0800c0f8   0x00000090   Code   RO         5153    i.f_opendir         ff.o
    0x0800c188   0x0000012a   Code   RO         5157    i.f_read            ff.o
    0x0800c2b2   0x00000002   PAD
    0x0800c2b4   0x00000058   Code   RO         5158    i.f_readdir         ff.o
    0x0800c30c   0x0000007c   Code   RO         5161    i.f_sync            ff.o
    0x0800c388   0x000000a8   Code   RO         5163    i.f_unlink          ff.o
    0x0800c430   0x0000018e   Code   RO         5165    i.f_write           ff.o
    0x0800c5be   0x00000002   PAD
    0x0800c5c0   0x00000038   Code   RO         5449    i.ff_convert        ccsbcs.o
    0x0800c5f8   0x00000024   Code   RO         5450    i.ff_wtoupper       ccsbcs.o
    0x0800c61c   0x0000023c   Code   RO         5166    i.find_volume       ff.o
    0x0800c858   0x0000003c   Code   RO         3453    i.flash_disk_read   spi_flash_interface.o
    0x0800c894   0x0000004c   Code   RO         3454    i.flash_disk_write  spi_flash_interface.o
    0x0800c8e0   0x00000044   Code   RO         3455    i.flash_initialize  spi_flash_interface.o
    0x0800c924   0x00000028   Code   RO         3456    i.flash_ioctl       spi_flash_interface.o
    0x0800c94c   0x00000048   Code   RO         3457    i.flash_mal_read    spi_flash_interface.o
    0x0800c994   0x000000b0   Code   RO         3458    i.flash_mal_write   spi_flash_interface.o
    0x0800ca44   0x00000066   Code   RO         5167    i.follow_path       ff.o
    0x0800caaa   0x00000002   PAD
    0x0800caac   0x0000001c   Code   RO         3336    i.fputc             uart_drv.o
    0x0800cac8   0x00000084   Code   RO         5168    i.gen_numname       ff.o
    0x0800cb4c   0x000000bc   Code   RO         5169    i.get_fat           ff.o
    0x0800cc08   0x00000004   Code   RO         5032    i.get_fattime       diskio.o
    0x0800cc0c   0x000000b6   Code   RO         5170    i.get_fileinfo      ff.o
    0x0800ccc2   0x0000003c   Code   RO         5171    i.get_ldnumber      ff.o
    0x0800ccfe   0x00000002   PAD
    0x0800cd00   0x00000094   Code   RO         3657    i.gpio_configuration  sfud_port.o
    0x0800cd94   0x000001a0   Code   RO         3720    i.hardware_init     sfud.o
    0x0800cf34   0x00000094   Code   RO         5172    i.inc_lock          ff.o
    0x0800cfc8   0x0000000c   Code   RO         3132    i.key_get_cur_display_mode  key_drv.o
    0x0800cfd4   0x00000034   Code   RO         3133    i.key_gpio_init     key_drv.o
    0x0800d008   0x000000e8   Code   RO         3134    i.key_process       key_drv.o
    0x0800d0f0   0x00000098   Code   RO         3135    i.key_scan          key_drv.o
    0x0800d188   0x00000016   Code   RO         5173    i.ld_clust          ff.o
    0x0800d19e   0x00000002   PAD
    0x0800d1a0   0x00000074   Code   RO         2414    i.main              main.o
    0x0800d214   0x0000002a   Code   RO         3721    i.make_adress_byte_array  sfud.o
    0x0800d23e   0x00000010   Code   RO         5174    i.mem_cpy           ff.o
    0x0800d24e   0x0000000e   Code   RO         5175    i.mem_set           ff.o
    0x0800d25c   0x00000038   Code   RO         5176    i.move_window       ff.o
    0x0800d294   0x00000026   Code   RO         2942    i.os_timer_arm      os_timer.o
    0x0800d2ba   0x000000ca   Code   RO         3722    i.page256_or_1_byte_write  sfud.o
    0x0800d384   0x000000ee   Code   RO         5177    i.put_fat           ff.o
    0x0800d472   0x00000166   Code   RO         3838    i.read_basic_table  sfud_sfdp.o
    0x0800d5d8   0x0000002e   Code   RO         3839    i.read_sfdp_data    sfud_sfdp.o
    0x0800d606   0x00000066   Code   RO         5179    i.remove_chain      ff.o
    0x0800d66c   0x00000008   Code   RO         3658    i.retry_delay_100us  sfud_port.o
    0x0800d674   0x00000044   Code   RO         3723    i.set_write_enabled  sfud.o
    0x0800d6b8   0x00000074   Code   RO         3724    i.sfud_chip_erase   sfud.o
    0x0800d72c   0x00000016   Code   RO         3725    i.sfud_device_init  sfud.o
    0x0800d742   0x000000e4   Code   RO         3726    i.sfud_erase        sfud.o
    0x0800d826   0x00000002   PAD
    0x0800d828   0x00000008   Code   RO         3730    i.sfud_get_device_table  sfud.o
    0x0800d830   0x0000002c   Code   RO         3731    i.sfud_init         sfud.o
    0x0800d85c   0x00000068   Code   RO         3732    i.sfud_read         sfud.o
    0x0800d8c4   0x000000a2   Code   RO         3840    i.sfud_read_sfdp    sfud_sfdp.o
    0x0800d966   0x00000018   Code   RO         3733    i.sfud_read_status  sfud.o
    0x0800d97e   0x00000038   Code   RO         3841    i.sfud_sfdp_get_suitable_eraser  sfud_sfdp.o
    0x0800d9b6   0x00000002   PAD
    0x0800d9b8   0x000000d4   Code   RO         3661    i.sfud_spi_port_init  sfud_port.o
    0x0800da8c   0x0000002a   Code   RO         3734    i.sfud_write        sfud.o
    0x0800dab6   0x0000004a   Code   RO         3735    i.sfud_write_status  sfud.o
    0x0800db00   0x00000004   Code   RO         3662    i.spi_lock          sfud_port.o
    0x0800db04   0x00000004   Code   RO         3663    i.spi_unlock        sfud_port.o
    0x0800db08   0x00000090   Code   RO         3664    i.spi_write_read    sfud_port.o
    0x0800db98   0x00000010   Code   RO         5180    i.st_clust          ff.o
    0x0800dba8   0x0000001a   Code   RO         5181    i.sum_sfn           ff.o
    0x0800dbc2   0x000000a8   Code   RO         5182    i.sync_fs           ff.o
    0x0800dc6a   0x00000052   Code   RO         5183    i.sync_window       ff.o
    0x0800dcbc   0x00000050   Code   RO         3882    i.usb_main          usbapp.o
    0x0800dd0c   0x00000026   Code   RO         5184    i.validate          ff.o
    0x0800dd32   0x0000002a   Code   RO         3736    i.wait_busy         sfud.o
    0x0800dd5c   0x00000041   Data   RO         2584    .constdata          application.o
    0x0800dd9d   0x000000fc   Data   RO         3011    .constdata          pm25sensor.o
    0x0800de99   0x00000003   PAD
    0x0800de9c   0x00000050   Data   RO         3514    .constdata          dht11.o
    0x0800deec   0x00000180   Data   RO         3737    .constdata          sfud.o
    0x0800e06c   0x00000012   Data   RO         4139    .constdata          usb_desc.o
    0x0800e07e   0x00000020   Data   RO         4140    .constdata          usb_desc.o
    0x0800e09e   0x00000004   Data   RO         4141    .constdata          usb_desc.o
    0x0800e0a2   0x00000026   Data   RO         4142    .constdata          usb_desc.o
    0x0800e0c8   0x00000026   Data   RO         4143    .constdata          usb_desc.o
    0x0800e0ee   0x00000010   Data   RO         4144    .constdata          usb_desc.o
    0x0800e0fe   0x00000002   PAD
    0x0800e100   0x000000ed   Data   RO         5077    .constdata          fatfs_demo.o
    0x0800e1ed   0x00000001   PAD
    0x0800e1ee   0x000000ba   Data   RO         5186    .constdata          ff.o
    0x0800e2a8   0x000004c0   Data   RO         5451    .constdata          ccsbcs.o
    0x0800e768   0x00000081   Data   RO         5797    .constdata          mc_w.l(ctype_o.o)
    0x0800e7e9   0x00000003   PAD
    0x0800e7ec   0x00000004   Data   RO         5798    .constdata          mc_w.l(ctype_o.o)
    0x0800e7f0   0x000000ce   Data   RO         3738    .conststring        sfud.o
    0x0800e8be   0x00000002   PAD
    0x0800e8c0   0x00000020   Data   RO         5846    Region$$Table       anon$$obj.o


    Execution Region RW_IRAM1 (Base: 0x20000000, Size: 0x00004ce0, Max: 0x00005000, ABSOLUTE, COMPRESSED[0x000000fc])

    Base Addr    Size         Type   Attr      Idx    E Section Name        Object

    0x20000000   0x00000014   Data   RW          139    .data               stm32f10x_rcc.o
    0x20000014   0x00000008   Data   RW         2658    .data               timermanager.o
    0x2000001c   0x00000008   Data   RW         2694    .data               sdrr.o
    0x20000024   0x00000001   Data   RW         2885    .data               os_global.o
    0x20000025   0x00000003   PAD
    0x20000028   0x00000008   Data   RW         2943    .data               os_timer.o
    0x20000030   0x00000021   Data   RW         3012    .data               pm25sensor.o
    0x20000051   0x00000006   Data   RW         3136    .data               key_drv.o
    0x20000057   0x00000001   PAD
    0x20000058   0x00000004   Data   RW         3178    .data               led_drv.o
    0x2000005c   0x00000014   Data   RW         3246    .data               uart_queue.o
    0x20000070   0x00000011   Data   RW         3515    .data               dht11.o
    0x20000081   0x00000003   PAD
    0x20000084   0x00000014   Data   RW         3596    .data               system_stm32f10x.o
    0x20000098   0x0000000c   Data   RW         3666    .data               sfud_port.o
    0x200000a4   0x00000074   Data   RW         3739    .data               sfud.o
    0x20000118   0x00000010   Data   RW         3996    .data               mass_mal.o
    0x20000128   0x00000038   Data   RW         4039    .data               memory.o
    0x20000160   0x00000005   Data   RW         4069    .data               scsi_data.o
    0x20000165   0x00000024   Data   RW         4070    .data               scsi_data.o
    0x20000189   0x00000024   Data   RW         4071    .data               scsi_data.o
    0x200001ad   0x00000004   Data   RW         4072    .data               scsi_data.o
    0x200001b1   0x00000008   Data   RW         4073    .data               scsi_data.o
    0x200001b9   0x00000012   Data   RW         4074    .data               scsi_data.o
    0x200001cb   0x00000008   Data   RW         4075    .data               scsi_data.o
    0x200001d3   0x0000000c   Data   RW         4076    .data               scsi_data.o
    0x200001df   0x00000001   PAD
    0x200001e0   0x0000000c   Data   RW         4099    .data               usb_bot.o
    0x200001ec   0x0000001a   Data   RW         4145    .data               usb_desc.o
    0x20000206   0x00000002   PAD
    0x20000208   0x0000001c   Data   RW         4177    .data               usb_istr.o
    0x20000224   0x0000001c   Data   RW         4178    .data               usb_istr.o
    0x20000240   0x00000002   Data   RW         4179    .data               usb_istr.o
    0x20000242   0x00000002   PAD
    0x20000244   0x0000006c   Data   RW         4210    .data               usb_prop.o
    0x200002b0   0x00000002   Data   RW         4211    .data               usb_prop.o
    0x200002b2   0x00000002   PAD
    0x200002b4   0x00000024   Data   RW         4212    .data               usb_prop.o
    0x200002d8   0x00000004   Data   RW         4309    .data               usb_pwr.o
    0x200002dc   0x00000004   Data   RW         4469    .data               usb_core.o
    0x200002e0   0x00000001   Data   RW         4571    .data               usb_init.o
    0x200002e1   0x00000003   PAD
    0x200002e4   0x0000000c   Data   RW         4572    .data               usb_init.o
    0x200002f0   0x00000002   Data   RW         4574    .data               usb_init.o
    0x200002f2   0x00000004   Data   RW         4597    .data               usb_int.o
    0x200002f6   0x00000028   Data   RW         5078    .data               fatfs_demo.o
    0x2000031e   0x00000002   PAD
    0x20000320   0x0000000c   Data   RW         5187    .data               ff.o
    0x2000032c   0x00000004   Data   RW         5787    .data               mc_w.l(stdout.o)
    0x20000330   0x00000004   Data   RW         5827    .data               mc_w.l(errno.o)
    0x20000334   0x00001016   Zero   RW         2693    .bss                sdrr.o
    0x2000134a   0x00000002   PAD
    0x2000134c   0x000000fc   Zero   RW         3010    .bss                pm25sensor.o
    0x20001448   0x00000038   Zero   RW         3177    .bss                led_drv.o
    0x20001480   0x00000240   Zero   RW         3245    .bss                uart_queue.o
    0x200016c0   0x00001000   Zero   RW         3459    .bss                spi_flash_interface.o
    0x200026c0   0x00000038   Zero   RW         3513    .bss                dht11.o
    0x200026f8   0x00001000   Zero   RW         4038    .bss                memory.o
    0x200036f8   0x00000070   Zero   RW         4098    .bss                usb_bot.o
    0x20003768   0x0000001c   Zero   RW         4570    .bss                usb_init.o
    0x20003784   0x000010d0   Zero   RW         5076    .bss                fatfs_demo.o
    0x20004854   0x0000008a   Zero   RW         5185    .bss                ff.o
    0x200048de   0x00000002   PAD
    0x200048e0   0x00000400   Zero   RW         3622    STACK               startup_stm32f10x_md.o


==============================================================================

Image component sizes


      Code (inc. data)   RO Data    RW Data    ZI Data      Debug   Object Name

       406        118         65          0          0       4695   application.o
        40         28          0          0          0       1992   bsp.o
        92         14       1216          0          0       2119   ccsbcs.o
         0          0          0          0          0         32   core_cm3.o
       244         14          0          0          0       2710   delay.o
      1084        256         80         17         56       5336   dht11.o
        76          0          0          0          0       3688   diskio.o
       340        194          0          0          0       6826   f10x_flash_if.o
      2284       1156        237         40       4304       9695   fatfs_demo.o
      8778        174        186         12        138      45015   ff.o
       222         12          0          0          0       3482   hw_config.o
       448        140          0          6          0       2448   key_drv.o
      1076         54          0          0          0       6456   lcd1602_drv.o
       614         72          0          4         56       4469   led_drv.o
       116         70          0          0          0       7949   main.o
       108          8          0         16          0       3078   mass_mal.o
       500         50          0         56       4096       3618   memory.o
       344        102          0          0          0     259641   misc.o
       176         54          0          1          0      18519   os_global.o
       208         14          0          8          0       3081   os_timer.o
      2472        342        252         33        252      13553   pm25sensor.o
         0          0          0          0          0        732   rom_flash_interface.o
         0          0          0        127          0        990   scsi_data.o
       728        258          0          8       4118       3704   sdrr.o
      1688         16        590        116          0      18344   sfud.o
       520         52          0         12          0       8721   sfud_port.o
       622          0          0          0          0       4305   sfud_sfdp.o
       492        136          0          0       4096       4993   spi_flash_interface.o
        36          8        236          0       1024        756   startup_stm32f10x_md.o
        60         36          0          0          0        487   stm32f10x_bkp.o
       160         84          0          0          0       1033   stm32f10x_flash.o
      1080        308          0          0          0       4456   stm32f10x_gpio.o
        28          0          0          0          0       7419   stm32f10x_it.o
        60         36          0          0          0        490   stm32f10x_pwr.o
      1576        574          0         20          0      11728   stm32f10x_rcc.o
       820        226          0          0          0       4017   stm32f10x_spi.o
       642        192          0          0          0       2622   stm32f10x_tim.o
      1512        400          0          0          0       6473   stm32f10x_usart.o
       228         26          0         20          0       1685   system_stm32f10x.o
        88         22          0          8          0      16925   timermanager.o
       348         20          0          0          0       3040   uart_drv.o
       280         32          0         20        576       3001   uart_queue.o
       818         78          0         12        112       4923   usb_bot.o
      2170        280          0          4          0      13847   usb_core.o
         0          0        146         26          0        892   usb_desc.o
         8          0          0          0          0        805   usb_endp.o
        40         18          0         15         28       3922   usb_init.o
       436         44          0          4          0       2081   usb_int.o
        72         18          0         58          0       1260   usb_istr.o
        68         10          0          0          0       1656   usb_mem.o
       594        126          0        146          0      10594   usb_prop.o
        44          8          0          4          0       1897   usb_pwr.o
       558        106          0          0          0       8718   usb_regs.o
       872        130          0          0          0       9079   usb_scsi.o
       108          8          0          0          0       1930   usb_sil.o
        80         28          0          0          0        479   usbapp.o

    ----------------------------------------------------------------------
     36512       6152       3048        812      18860     576406   Object Totals
         0          0         32          0          0          0   (incl. Generated)
        48          0          8         19          4          0   (incl. Padding)

    ----------------------------------------------------------------------

      Code (inc. data)   RO Data    RW Data    ZI Data      Debug   Library Member Name

        92          0          0          0          0          0   __dczerorl2.o
        28          0          0          0          0         68   _chval.o
       158          0          0          0          0         92   _strtoul.o
         8          4        133          0          0         68   ctype_o.o
         0          0          0          0          0          0   entry.o
         8          4          0          0          0          0   entry2.o
         4          0          0          0          0          0   entry5.o
         0          0          0          0          0          0   entry7b.o
         8          4          0          0          0          0   entry8.o
         8          4          0          4          0         68   errno.o
        30          0          0          0          0          0   handlers.o
        36          8          0          0          0         68   init.o
         0          0          0          0          0          0   iusefp.o
        30          0          0          0          0         68   llshl.o
        36          0          0          0          0         68   llsshr.o
        32          0          0          0          0         68   llushr.o
        36          0          0          0          0         68   memcpya.o
        38          0          0          0          0        108   memseta.o
      1236         60          0          0          0        504   printf8.o
         0          0          0          4          0          0   stdout.o
        16          0          0          0          0         68   strlen.o
        24          0          0          0          0         76   strncpy.o
        32          0          0          0          0         68   strrchr.o
        44          0          0          0          0         80   strstr.o
       112          0          0          0          0         88   strtol.o
        98          0          0          0          0         92   uldiv.o
        20          0          0          0          0         68   cfcmple.o
        20          0          0          0          0         68   cfrcmple.o
       332          0          0          0          0        148   dadd.o
       222          0          0          0          0        100   ddiv.o
       190          0          0          0          0        176   depilogue.o
        46          0          0          0          0         68   dfixui.o
        26          0          0          0          0         76   dfltui.o
       224          0          0          0          0         96   dmul.o
        44          0          0          0          0         68   f2d.o
       176          0          0          0          0        140   fadd.o
       108          0          0          0          0        168   fepilogue.o
        10          0          0          0          0         68   ffltui.o

    ----------------------------------------------------------------------
      3536         84        136          8          0       2964   Library Totals
         4          0          3          0          0          0   (incl. Padding)

    ----------------------------------------------------------------------

      Code (inc. data)   RO Data    RW Data    ZI Data      Debug   Library Name

      2114         84        133          8          0       1720   mc_w.l
      1418          0          0          0          0       1244   mf_w.l

    ----------------------------------------------------------------------
      3536         84        136          8          0       2964   Library Totals

    ----------------------------------------------------------------------

==============================================================================


      Code (inc. data)   RO Data    RW Data    ZI Data      Debug   

     40048       6236       3184        820      18860     560546   Grand Totals
     40048       6236       3184        252      18860     560546   ELF Image Totals (compressed)
     40048       6236       3184        252          0          0   ROM Totals

==============================================================================

    Total RO  Size (Code + RO Data)                43232 (  42.22kB)
    Total RW  Size (RW Data + ZI Data)             19680 (  19.22kB)
    Total ROM Size (Code + RO Data + RW Data)      43484 (  42.46kB)

==============================================================================

