ARM Linker, 4.1 [Build 894] [Professional (MDK + RL-ARM)]

==============================================================================

Section Cross References

    misc.o(i.NVIC_Init) refers to bsp.o(i.assert_failed) for assert_failed
    misc.o(i.NVIC_PriorityGroupConfig) refers to bsp.o(i.assert_failed) for assert_failed
    misc.o(i.NVIC_SetVectorTable) refers to bsp.o(i.assert_failed) for assert_failed
    misc.o(i.NVIC_SystemLPConfig) refers to bsp.o(i.assert_failed) for assert_failed
    misc.o(i.SysTick_CLKSourceConfig) refers to bsp.o(i.assert_failed) for assert_failed
    stm32f10x_rcc.o(i.RCC_ADCCLKConfig) refers to bsp.o(i.assert_failed) for assert_failed
    stm32f10x_rcc.o(i.RCC_AHBPeriphClockCmd) refers to bsp.o(i.assert_failed) for assert_failed
    stm32f10x_rcc.o(i.RCC_APB1PeriphClockCmd) refers to bsp.o(i.assert_failed) for assert_failed
    stm32f10x_rcc.o(i.RCC_APB1PeriphResetCmd) refers to bsp.o(i.assert_failed) for assert_failed
    stm32f10x_rcc.o(i.RCC_APB2PeriphClockCmd) refers to bsp.o(i.assert_failed) for assert_failed
    stm32f10x_rcc.o(i.RCC_APB2PeriphResetCmd) refers to bsp.o(i.assert_failed) for assert_failed
    stm32f10x_rcc.o(i.RCC_AdjustHSICalibrationValue) refers to bsp.o(i.assert_failed) for assert_failed
    stm32f10x_rcc.o(i.RCC_BackupResetCmd) refers to bsp.o(i.assert_failed) for assert_failed
    stm32f10x_rcc.o(i.RCC_ClearITPendingBit) refers to bsp.o(i.assert_failed) for assert_failed
    stm32f10x_rcc.o(i.RCC_ClockSecuritySystemCmd) refers to bsp.o(i.assert_failed) for assert_failed
    stm32f10x_rcc.o(i.RCC_GetClocksFreq) refers to stm32f10x_rcc.o(.data) for .data
    stm32f10x_rcc.o(i.RCC_GetFlagStatus) refers to bsp.o(i.assert_failed) for assert_failed
    stm32f10x_rcc.o(i.RCC_GetITStatus) refers to bsp.o(i.assert_failed) for assert_failed
    stm32f10x_rcc.o(i.RCC_HCLKConfig) refers to bsp.o(i.assert_failed) for assert_failed
    stm32f10x_rcc.o(i.RCC_HSEConfig) refers to bsp.o(i.assert_failed) for assert_failed
    stm32f10x_rcc.o(i.RCC_HSICmd) refers to bsp.o(i.assert_failed) for assert_failed
    stm32f10x_rcc.o(i.RCC_ITConfig) refers to bsp.o(i.assert_failed) for assert_failed
    stm32f10x_rcc.o(i.RCC_LSEConfig) refers to bsp.o(i.assert_failed) for assert_failed
    stm32f10x_rcc.o(i.RCC_LSICmd) refers to bsp.o(i.assert_failed) for assert_failed
    stm32f10x_rcc.o(i.RCC_MCOConfig) refers to bsp.o(i.assert_failed) for assert_failed
    stm32f10x_rcc.o(i.RCC_PCLK1Config) refers to bsp.o(i.assert_failed) for assert_failed
    stm32f10x_rcc.o(i.RCC_PCLK2Config) refers to bsp.o(i.assert_failed) for assert_failed
    stm32f10x_rcc.o(i.RCC_PLLCmd) refers to bsp.o(i.assert_failed) for assert_failed
    stm32f10x_rcc.o(i.RCC_PLLConfig) refers to bsp.o(i.assert_failed) for assert_failed
    stm32f10x_rcc.o(i.RCC_RTCCLKCmd) refers to bsp.o(i.assert_failed) for assert_failed
    stm32f10x_rcc.o(i.RCC_RTCCLKConfig) refers to bsp.o(i.assert_failed) for assert_failed
    stm32f10x_rcc.o(i.RCC_SYSCLKConfig) refers to bsp.o(i.assert_failed) for assert_failed
    stm32f10x_rcc.o(i.RCC_USBCLKConfig) refers to bsp.o(i.assert_failed) for assert_failed
    stm32f10x_rcc.o(i.RCC_WaitForHSEStartUp) refers to stm32f10x_rcc.o(i.RCC_GetFlagStatus) for RCC_GetFlagStatus
    stm32f10x_gpio.o(i.GPIO_AFIODeInit) refers to stm32f10x_rcc.o(i.RCC_APB2PeriphResetCmd) for RCC_APB2PeriphResetCmd
    stm32f10x_gpio.o(i.GPIO_DeInit) refers to bsp.o(i.assert_failed) for assert_failed
    stm32f10x_gpio.o(i.GPIO_DeInit) refers to stm32f10x_rcc.o(i.RCC_APB2PeriphResetCmd) for RCC_APB2PeriphResetCmd
    stm32f10x_gpio.o(i.GPIO_ETH_MediaInterfaceConfig) refers to bsp.o(i.assert_failed) for assert_failed
    stm32f10x_gpio.o(i.GPIO_EXTILineConfig) refers to bsp.o(i.assert_failed) for assert_failed
    stm32f10x_gpio.o(i.GPIO_EventOutputCmd) refers to bsp.o(i.assert_failed) for assert_failed
    stm32f10x_gpio.o(i.GPIO_EventOutputConfig) refers to bsp.o(i.assert_failed) for assert_failed
    stm32f10x_gpio.o(i.GPIO_Init) refers to bsp.o(i.assert_failed) for assert_failed
    stm32f10x_gpio.o(i.GPIO_PinLockConfig) refers to bsp.o(i.assert_failed) for assert_failed
    stm32f10x_gpio.o(i.GPIO_PinRemapConfig) refers to bsp.o(i.assert_failed) for assert_failed
    stm32f10x_gpio.o(i.GPIO_ReadInputData) refers to bsp.o(i.assert_failed) for assert_failed
    stm32f10x_gpio.o(i.GPIO_ReadInputDataBit) refers to bsp.o(i.assert_failed) for assert_failed
    stm32f10x_gpio.o(i.GPIO_ReadOutputData) refers to bsp.o(i.assert_failed) for assert_failed
    stm32f10x_gpio.o(i.GPIO_ReadOutputDataBit) refers to bsp.o(i.assert_failed) for assert_failed
    stm32f10x_gpio.o(i.GPIO_ResetBits) refers to bsp.o(i.assert_failed) for assert_failed
    stm32f10x_gpio.o(i.GPIO_SetBits) refers to bsp.o(i.assert_failed) for assert_failed
    stm32f10x_gpio.o(i.GPIO_Write) refers to bsp.o(i.assert_failed) for assert_failed
    stm32f10x_gpio.o(i.GPIO_WriteBit) refers to bsp.o(i.assert_failed) for assert_failed
[...]
    I2C1_EV_IRQHandler                       0x0800411b   Thumb Code     0  startup_stm32f10x_md.o(.text)
    I2C2_ER_IRQHandler                       0x0800411b   Thumb Code     0  startup_stm32f10x_md.o(.text)
    I2C2_EV_IRQHandler                       0x0800411b   Thumb Code     0  startup_stm32f10x_md.o(.text)
    PVD_IRQHandler                           0x0800411b   Thumb Code     0  startup_stm32f10x_md.o(.text)
    RCC_IRQHandler                           0x0800411b   Thumb Code     0  startup_stm32f10x_md.o(.text)
    RTCAlarm_IRQHandler                      0x0800411b   Thumb Code     0  startup_stm32f10x_md.o(.text)
    RTC_IRQHandler                           0x0800411b   Thumb Code     0  startup_stm32f10x_md.o(.text)
    SPI1_IRQHandler                          0x0800411b   Thumb Code     0  startup_stm32f10x_md.o(.text)
    SPI2_IRQHandler                          0x0800411b   Thumb Code     0  startup_stm32f10x_md.o(.text)
    TAMPER_IRQHandler                        0x0800411b   Thumb Code     0  startup_stm32f10x_md.o(.text)
    TIM1_BRK_IRQHandler                      0x0800411b   Thumb Code     0  startup_stm32f10x_md.o(.text)
    TIM1_CC_IRQHandler                       0x0800411b   Thumb Code     0  startup_stm32f10x_md.o(.text)
    TIM1_TRG_COM_IRQHandler                  0x0800411b   Thumb Code     0  startup_stm32f10x_md.o(.text)
    TIM1_UP_IRQHandler                       0x0800411b   Thumb Code     0  startup_stm32f10x_md.o(.text)
    TIM2_IRQHandler                          0x0800411b   Thumb Code     0  startup_stm32f10x_md.o(.text)
    TIM3_IRQHandler                          0x0800411b   Thumb Code     0  startup_stm32f10x_md.o(.text)
    TIM4_IRQHandler                          0x0800411b   Thumb Code     0  startup_stm32f10x_md.o(.text)
    USBWakeUp_IRQHandler                     0x0800411b   Thumb Code     0  startup_stm32f10x_md.o(.text)
    WWDG_IRQHandler                          0x0800411b   Thumb Code     0  startup_stm32f10x_md.o(.text)
    __aeabi_uldivmod                         0x08004125   Thumb Code    98  uldiv.o(.text)
    __aeabi_memcpy                           0x08004187   Thumb Code    36  memcpya.o(.text)
    __aeabi_memcpy4                          0x08004187   Thumb Code     0  memcpya.o(.text)
    __aeabi_memcpy8                          0x08004187   Thumb Code     0  memcpya.o(.text)
    __aeabi_memset                           0x080041ab   Thumb Code    14  memseta.o(.text)
    __aeabi_memset4                          0x080041ab   Thumb Code     0  memseta.o(.text)
    __aeabi_memset8                          0x080041ab   Thumb Code     0  memseta.o(.text)
    __aeabi_memclr                           0x080041b9   Thumb Code     4  memseta.o(.text)
    __aeabi_memclr4                          0x080041b9   Thumb Code     0  memseta.o(.text)
    __aeabi_memclr8                          0x080041b9   Thumb Code     0  memseta.o(.text)
    _memset$wrapper                          0x080041bd   Thumb Code    20  memseta.o(.text)
    strstr                                   0x080041d1   Thumb Code    44  strstr.o(.text)
    strncpy                                  0x080041fd   Thumb Code    24  strncpy.o(.text)
    strlen                                   0x08004215   Thumb Code    16  strlen.o(.text)
    strrchr                                  0x08004225   Thumb Code    32  strrchr.o(.text)
    strtol                                   0x08004245   Thumb Code   112  strtol.o(.text)
    __aeabi_fadd                             0x080042b5   Thumb Code   164  fadd.o(.text)
    __aeabi_fsub                             0x08004359   Thumb Code     6  fadd.o(.text)
    __aeabi_frsub                            0x0800435f   Thumb Code     6  fadd.o(.text)
    __aeabi_dadd                             0x08004365   Thumb Code   320  dadd.o(.text)
    __aeabi_dsub                             0x080044a5   Thumb Code     6  dadd.o(.text)
    __aeabi_drsub                            0x080044ab   Thumb Code     6  dadd.o(.text)
    __aeabi_dmul                             0x080044b1   Thumb Code   224  dmul.o(.text)
    __aeabi_ddiv                             0x08004591   Thumb Code   222  ddiv.o(.text)
    __aeabi_ui2f                             0x0800466f   Thumb Code    10  ffltui.o(.text)
    __aeabi_ui2d                             0x08004679   Thumb Code    26  dfltui.o(.text)
    __aeabi_d2uiz                            0x08004693   Thumb Code    46  dfixui.o(.text)
    __aeabi_f2d                              0x080046c1   Thumb Code    44  f2d.o(.text)
    __aeabi_cfcmpeq                          0x080046ed   Thumb Code     0  cfcmple.o(.text)
    __aeabi_cfcmple                          0x080046ed   Thumb Code    20  cfcmple.o(.text)
    __aeabi_cfrcmple                         0x08004701   Thumb Code    20  cfrcmple.o(.text)
    __aeabi_llsl                             0x08004715   Thumb Code    30  llshl.o(.text)
    _ll_shift_l                              0x08004715   Thumb Code     0  llshl.o(.text)
    __aeabi_llsr                             0x08004733   Thumb Code    32  llushr.o(.text)
    _ll_ushift_r                             0x08004733   Thumb Code     0  llushr.o(.text)
    __aeabi_lasr                             0x08004753   Thumb Code    36  llsshr.o(.text)
    _ll_sshift_r                             0x08004753   Thumb Code     0  llsshr.o(.text)
    __rt_ctype_table                         0x08004779   Thumb Code     4  ctype_o.o(.text)
    _strtoul                                 0x08004781   Thumb Code   158  _strtoul.o(.text)
    __I$use$fp                               0x0800481f   Thumb Code     0  iusefp.o(.text)
    _float_round                             0x0800481f   Thumb Code    18  fepilogue.o(.text)
    _float_epilogue                          0x08004831   Thumb Code    90  fepilogue.o(.text)
    _double_round                            0x0800488b   Thumb Code    26  depilogue.o(.text)
    _double_epilogue                         0x080048a5   Thumb Code   164  depilogue.o(.text)
    __scatterload                            0x08004949   Thumb Code    28  init.o(.text)
    __scatterload_rt2                        0x08004949   Thumb Code     0  init.o(.text)
    _chval                                   0x0800496d   Thumb Code    28  _chval.o(.text)
    __decompress                             0x08004989   Thumb Code     0  __dczerorl2.o(.text)
    __decompress1                            0x08004989   Thumb Code    92  __dczerorl2.o(.text)
    AppInit                                  0x080049e5   Thumb Code   216  application.o(i.AppInit)
    BKP_TamperPinCmd                         0x08004b0d   Thumb Code    24  stm32f10x_bkp.o(i.BKP_TamperPinCmd)
    BSP_Init                                 0x08004b49   Thumb Code    28  os_global.o(i.BSP_Init)
    Bot_Abort                                0x08004b91   Thumb Code    50  usb_bot.o(i.Bot_Abort)
    BusFault_Handler                         0x08004bc3   Thumb Code     2  stm32f10x_it.o(i.BusFault_Handler)
    ByteSwap                                 0x08004bc5   Thumb Code    10  usb_regs.o(i.ByteSwap)
    CBW_Decode                               0x08004bd1   Thumb Code   390  usb_bot.o(i.CBW_Decode)
    CTR_HP                                   0x08004d69   Thumb Code   100  usb_int.o(i.CTR_HP)
    CTR_LP                                   0x08004de1   Thumb Code   292  usb_int.o(i.CTR_LP)
    ClearDTOG_RX                             0x08004f59   Thumb Code    32  usb_regs.o(i.ClearDTOG_RX)
    ClearDTOG_TX                             0x08004f7d   Thumb Code    32  usb_regs.o(i.ClearDTOG_TX)
    Clear_Status_Out                         0x08004fa1   Thumb Code    26  usb_regs.o(i.Clear_Status_Out)
    DHT_Init                                 0x08004fc1   Thumb Code    88  dht11.o(i.DHT_Init)
    DHT_Start                                0x08005135   Thumb Code    54  dht11.o(i.DHT_Start)
    DebugMon_Handler                         0x08005479   Thumb Code     2  stm32f10x_it.o(i.DebugMon_Handler)
    EP1_IN_Callback                          0x0800547b   Thumb Code     4  usb_endp.o(i.EP1_IN_Callback)
    EP2_OUT_Callback                         0x0800547f   Thumb Code     4  usb_endp.o(i.EP2_OUT_Callback)
    F10X_FLASH_WriteAppAttr                  0x08005485   Thumb Code   146  f10x_flash_if.o(i.F10X_FLASH_WriteAppAttr)
    FILE_FormatDisk                          0x080055d9   Thumb Code   390  fatfs_demo.o(i.FILE_FormatDisk)
    FILE_GetSensorTotalItems                 0x08005965   Thumb Code   206  fatfs_demo.o(i.FILE_GetSensorTotalItems)
    FILE_Open                                0x08005b1d   Thumb Code   224  fatfs_demo.o(i.FILE_Open)
    FILE_Scan                                0x08005cb5   Thumb Code   160  fatfs_demo.o(i.FILE_Scan)
    FILE_Write                               0x08005dc1   Thumb Code    82  fatfs_demo.o(i.FILE_Write)
    FLASH_PrefetchBufferCmd                  0x08005e6d   Thumb Code    38  stm32f10x_flash.o(i.FLASH_PrefetchBufferCmd)
    FLASH_SetLatency                         0x08005ebd   Thumb Code    38  stm32f10x_flash.o(i.FLASH_SetLatency)
    FatFs_Demo                               0x08005f0d   Thumb Code     4  fatfs_demo.o(i.FatFs_Demo)
    GPIO_Init                                0x08005f11   Thumb Code   288  stm32f10x_gpio.o(i.GPIO_Init)
    GPIO_ReadInputDataBit                    0x0800606d   Thumb Code   162  stm32f10x_gpio.o(i.GPIO_ReadInputDataBit)
    GPIO_ResetBits                           0x0800614d   Thumb Code    74  stm32f10x_gpio.o(i.GPIO_ResetBits)
    GPIO_SetBits                             0x080061d5   Thumb Code    74  stm32f10x_gpio.o(i.GPIO_SetBits)
    GPIO_WriteBit                            0x0800625d   Thumb Code   174  stm32f10x_gpio.o(i.GPIO_WriteBit)
    GetEPRxAddr                              0x08006349   Thumb Code    22  usb_regs.o(i.GetEPRxAddr)
    GetEPRxCount                             0x08006369   Thumb Code    24  usb_regs.o(i.GetEPRxCount)
    GetEPRxStatus                            0x08006389   Thumb Code    14  usb_regs.o(i.GetEPRxStatus)
    GetEPTxAddr                              0x0800639d   Thumb Code    20  usb_regs.o(i.GetEPTxAddr)
    Get_Max_Lun                              0x080063b9   Thumb Code    18  usb_prop.o(i.Get_Max_Lun)
    Get_SerialNum                            0x080063d5   Thumb Code    44  hw_config.o(i.Get_SerialNum)
    HCHO_CaliSet                             0x08006409   Thumb Code    74  pm25sensor.o(i.HCHO_CaliSet)
    HCHO_CheckSum                            0x08006469   Thumb Code    44  pm25sensor.o(i.HCHO_CheckSum)
    HCHO_DisplayInit                         0x08006495   Thumb Code   130  pm25sensor.o(i.HCHO_DisplayInit)
    HCHO_Indicate                            0x08006671   Thumb Code    82  pm25sensor.o(i.HCHO_Indicate)
    HCHO_Receive                             0x080066ed   Thumb Code    58  pm25sensor.o(i.HCHO_Receive)
    HCHO_UART_IRQHandler                     0x08006731   Thumb Code   114  pm25sensor.o(i.HCHO_UART_IRQHandler)
    HardFault_Handler                        0x080067b1   Thumb Code     2  stm32f10x_it.o(i.HardFault_Handler)
    In0_Process                              0x080067b5   Thumb Code    80  usb_core.o(i.In0_Process)
    JumpToBootloader                         0x08006849   Thumb Code    26  os_global.o(i.JumpToBootloader)
    LCD1602_ClearScreen                      0x0800686d   Thumb Code    30  lcd1602_drv.o(i.LCD1602_ClearScreen)
    LCD1602_HardwareInit                     0x0800688d   Thumb Code   144  lcd1602_drv.o(i.LCD1602_HardwareInit)
    LCD1602_Init                             0x08006925   Thumb Code   254  lcd1602_drv.o(i.LCD1602_Init)
    LCD1602_SetXY                            0x08006a29   Thumb Code    14  lcd1602_drv.o(i.LCD1602_SetXY)
    LCD1602_WriteCmd                         0x08006a39   Thumb Code   150  lcd1602_drv.o(i.LCD1602_WriteCmd)
    LCD1602_WriteData                        0x08006ad9   Thumb Code   154  lcd1602_drv.o(i.LCD1602_WriteData)
    LCD1602_WriteInteger                     0x08006b7d   Thumb Code   154  lcd1602_drv.o(i.LCD1602_WriteInteger)
    LCD1602_WriteString                      0x08006c1d   Thumb Code    24  lcd1602_drv.o(i.LCD1602_WriteString)
    LED_AllSet                               0x08006d69   Thumb Code    32  led_drv.o(i.LED_AllSet)
    LED_AqiIndicate                          0x08006d89   Thumb Code   172  led_drv.o(i.LED_AqiIndicate)
    LED_Config                               0x08006e41   Thumb Code    64  led_drv.o(i.LED_Config)
    LED_Flash                                0x08006e89   Thumb Code    42  led_drv.o(i.LED_Flash)
    LED_IndicateColorOfHCHO                  0x08006ec1   Thumb Code    54  pm25sensor.o(i.LED_IndicateColorOfHCHO)
    LED_Init                                 0x08006efd   Thumb Code    90  led_drv.o(i.LED_Init)
    LED_StopAqiIndicate                      0x08006f61   Thumb Code     2  led_drv.o(i.LED_StopAqiIndicate)
    MAL_GetStatus                            0x0800700d   Thumb Code    40  mass_mal.o(i.MAL_GetStatus)
    MAL_Init                                 0x0800703d   Thumb Code    16  mass_mal.o(i.MAL_Init)
    MAL_Read                                 0x0800704d   Thumb Code    22  mass_mal.o(i.MAL_Read)
    MAL_Write                                0x08007063   Thumb Code    22  mass_mal.o(i.MAL_Write)
    MASS_Data_Setup                          0x08007079   Thumb Code    54  usb_prop.o(i.MASS_Data_Setup)
    MASS_GetConfigDescriptor                 0x080070b9   Thumb Code     6  usb_prop.o(i.MASS_GetConfigDescriptor)
    MASS_GetDeviceDescriptor                 0x080070c5   Thumb Code     6  usb_prop.o(i.MASS_GetDeviceDescriptor)
    MASS_GetStringDescriptor                 0x080070d1   Thumb Code    24  usb_prop.o(i.MASS_GetStringDescriptor)
    MASS_Get_Interface_Setting               0x080070f1   Thumb Code    10  usb_prop.o(i.MASS_Get_Interface_Setting)
    MASS_NoData_Setup                        0x080070fd   Thumb Code    62  usb_prop.o(i.MASS_NoData_Setup)
    MASS_Reset                               0x0800714d   Thumb Code   192  usb_prop.o(i.MASS_Reset)
    MASS_Status_In                           0x0800722d   Thumb Code     2  usb_prop.o(i.MASS_Status_In)
    MASS_Status_Out                          0x0800722f   Thumb Code     2  usb_prop.o(i.MASS_Status_Out)
    MASS_init                                0x08007231   Thumb Code    28  usb_prop.o(i.MASS_init)
    Mass_Storage_ClearFeature                0x08007255   Thumb Code    18  usb_prop.o(i.Mass_Storage_ClearFeature)
    Mass_Storage_In                          0x08007271   Thumb Code   114  usb_bot.o(i.Mass_Storage_In)
    Mass_Storage_Out                         0x080072f1   Thumb Code   104  usb_bot.o(i.Mass_Storage_Out)
    Mass_Storage_SetConfiguration            0x08007365   Thumb Code    38  usb_prop.o(i.Mass_Storage_SetConfiguration)
    Mass_Storage_SetDeviceAddress            0x08007399   Thumb Code     8  usb_prop.o(i.Mass_Storage_SetDeviceAddress)
    MemManage_Handler                        0x080073a5   Thumb Code     2  stm32f10x_it.o(i.MemManage_Handler)
    NMI_Handler                              0x080073a7   Thumb Code     2  stm32f10x_it.o(i.NMI_Handler)
    NOP_Process                              0x080073a9   Thumb Code     2  usb_core.o(i.NOP_Process)
    NVIC_Configuration                       0x080073ab   Thumb Code    10  application.o(i.NVIC_Configuration)
    NVIC_Init                                0x080073b5   Thumb Code   138  misc.o(i.NVIC_Init)
    NVIC_PriorityGroupConfig                 0x08007461   Thumb Code    52  misc.o(i.NVIC_PriorityGroupConfig)
    NVIC_SetVectorTable                      0x080074b5   Thumb Code    52  misc.o(i.NVIC_SetVectorTable)
    OS_GetSysTick                            0x080075e1   Thumb Code     6  timermanager.o(i.OS_GetSysTick)
    OS_IsTimeout                             0x080075ed   Thumb Code    20  os_global.o(i.OS_IsTimeout)
    OS_SetTimeout                            0x08007601   Thumb Code    12  os_global.o(i.OS_SetTimeout)
    OS_TimerCheck                            0x0800760d   Thumb Code    60  os_timer.o(i.OS_TimerCheck)
    OS_TimerInit                             0x0800764d   Thumb Code    26  os_timer.o(i.OS_TimerInit)
    OS_TimerStart                            0x08007669   Thumb Code    44  os_timer.o(i.OS_TimerStart)
    OS_TimerStop                             0x08007699   Thumb Code    26  os_timer.o(i.OS_TimerStop)
    Out0_Process                             0x080076b9   Thumb Code    62  usb_core.o(i.Out0_Process)
    PM25_Display_Init                        0x08007815   Thumb Code   126  pm25sensor.o(i.PM25_Display_Init)
    PM25_Init                                0x08007921   Thumb Code    78  pm25sensor.o(i.PM25_Init)
    PM25_Receive                             0x08007981   Thumb Code   116  pm25sensor.o(i.PM25_Receive)
    PM25_UART_IRQHandler                     0x080079fd   Thumb Code   112  pm25sensor.o(i.PM25_UART_IRQHandler)
    PMAToUserBufferCopy                      0x08007a79   Thumb Code    24  usb_mem.o(i.PMAToUserBufferCopy)
    PWR_BackupAccessCmd                      0x08007a95   Thumb Code    24  stm32f10x_pwr.o(i.PWR_BackupAccessCmd)
    PendSV_Handler                           0x08007ad1   Thumb Code     2  stm32f10x_it.o(i.PendSV_Handler)
    Post0_Process                            0x08007ad5   Thumb Code    52  usb_core.o(i.Post0_Process)
    PowerOn                                  0x08007b19   Thumb Code    36  usb_pwr.o(i.PowerOn)
    Queue_UART_IRQHandler                    0x08007b45   Thumb Code   126  uart_queue.o(i.Queue_UART_IRQHandler)
    RCC_APB1PeriphClockCmd                   0x08007bcd   Thumb Code    56  stm32f10x_rcc.o(i.RCC_APB1PeriphClockCmd)
    RCC_APB1PeriphResetCmd                   0x08007c2d   Thumb Code    56  stm32f10x_rcc.o(i.RCC_APB1PeriphResetCmd)
    RCC_APB2PeriphClockCmd                   0x08007c8d   Thumb Code    56  stm32f10x_rcc.o(i.RCC_APB2PeriphClockCmd)
    RCC_APB2PeriphResetCmd                   0x08007ced   Thumb Code    56  stm32f10x_rcc.o(i.RCC_APB2PeriphResetCmd)
    RCC_DeInit                               0x08007d4d   Thumb Code    50  stm32f10x_rcc.o(i.RCC_DeInit)
    RCC_GetClocksFreq                        0x08007d8d   Thumb Code   134  stm32f10x_rcc.o(i.RCC_GetClocksFreq)
    RCC_GetFlagStatus                        0x08007e25   Thumb Code   100  stm32f10x_rcc.o(i.RCC_GetFlagStatus)
    RCC_GetSYSCLKSource                      0x08007ead   Thumb Code    10  stm32f10x_rcc.o(i.RCC_GetSYSCLKSource)
    RCC_HCLKConfig                           0x08007ebd   Thumb Code    62  stm32f10x_rcc.o(i.RCC_HCLKConfig)
    RCC_HSICmd                               0x08007f21   Thumb Code    26  stm32f10x_rcc.o(i.RCC_HSICmd)
    RCC_LSEConfig                            0x08007f61   Thumb Code    54  stm32f10x_rcc.o(i.RCC_LSEConfig)
    RCC_PCLK1Config                          0x08007fbd   Thumb Code    54  stm32f10x_rcc.o(i.RCC_PCLK1Config)
    RCC_PCLK2Config                          0x08008019   Thumb Code    56  stm32f10x_rcc.o(i.RCC_PCLK2Config)
    RCC_PLLCmd                               0x08008075   Thumb Code    26  stm32f10x_rcc.o(i.RCC_PLLCmd)
    RCC_PLLConfig                            0x080080b5   Thumb Code   142  stm32f10x_rcc.o(i.RCC_PLLConfig)
    RCC_SYSCLKConfig                         0x08008169   Thumb Code    38  stm32f10x_rcc.o(i.RCC_SYSCLKConfig)
    RCC_USBCLKConfig                         0x080081b5   Thumb Code    26  stm32f10x_rcc.o(i.RCC_USBCLKConfig)
    Read_Memory                              0x080081f5   Thumb Code   212  memory.o(i.Read_Memory)
    SCSI_Address_Management                  0x080082dd   Thumb Code    98  usb_scsi.o(i.SCSI_Address_Management)
    SCSI_Format_Cmd                          0x08008351   Thumb Code    42  usb_scsi.o(i.SCSI_Format_Cmd)
    SCSI_Inquiry_Cmd                         0x08008381   Thumb Code    34  usb_scsi.o(i.SCSI_Inquiry_Cmd)
    SCSI_Invalid_Cmd                         0x080083b5   Thumb Code    46  usb_scsi.o(i.SCSI_Invalid_Cmd)
    SCSI_ModeSense10_Cmd                     0x080083e9   Thumb Code     8  usb_scsi.o(i.SCSI_ModeSense10_Cmd)
    SCSI_ModeSense6_Cmd                      0x080083f5   Thumb Code     8  usb_scsi.o(i.SCSI_ModeSense6_Cmd)
    SCSI_Read10_Cmd                          0x08008401   Thumb Code    96  usb_scsi.o(i.SCSI_Read10_Cmd)
    SCSI_ReadCapacity10_Cmd                  0x08008469   Thumb Code    96  usb_scsi.o(i.SCSI_ReadCapacity10_Cmd)
    SCSI_ReadFormatCapacity_Cmd              0x080084d9   Thumb Code    90  usb_scsi.o(i.SCSI_ReadFormatCapacity_Cmd)
    SCSI_RequestSense_Cmd                    0x08008545   Thumb Code    16  usb_scsi.o(i.SCSI_RequestSense_Cmd)
    SCSI_Start_Stop_Unit_Cmd                 0x0800855d   Thumb Code     8  usb_scsi.o(i.SCSI_Start_Stop_Unit_Cmd)
    SCSI_TestUnitReady_Cmd                   0x08008565   Thumb Code    50  usb_scsi.o(i.SCSI_TestUnitReady_Cmd)
    SCSI_Verify10_Cmd                        0x0800859d   Thumb Code    48  usb_scsi.o(i.SCSI_Verify10_Cmd)
    SCSI_Write10_Cmd                         0x080085d1   Thumb Code    94  usb_scsi.o(i.SCSI_Write10_Cmd)
    SDRR_Init                                0x08008639   Thumb Code    30  sdrr.o(i.SDRR_Init)
    SDRR_SaveSensorPoint                     0x0800867d   Thumb Code   126  sdrr.o(i.SDRR_SaveSensorPoint)
    SDRR_SensorPointToString                 0x08008745   Thumb Code   206  sdrr.o(i.SDRR_SensorPointToString)
    SDRR_WriteRecordToFile                   0x08008881   Thumb Code   124  sdrr.o(i.SDRR_WriteRecordToFile)
    SPI_CalculateCRC                         0x08008909   Thumb Code    68  stm32f10x_spi.o(i.SPI_CalculateCRC)
    SPI_Cmd                                  0x08008979   Thumb Code    68  stm32f10x_spi.o(i.SPI_Cmd)
    SPI_I2S_DeInit                           0x080089e9   Thumb Code    98  stm32f10x_spi.o(i.SPI_I2S_DeInit)
    SPI_I2S_GetFlagStatus                    0x08008a79   Thumb Code    90  stm32f10x_spi.o(i.SPI_I2S_GetFlagStatus)
    SPI_Init                                 0x08008b01   Thumb Code   270  stm32f10x_spi.o(i.SPI_Init)
    SVC_Handler                              0x08008c3d   Thumb Code     2  stm32f10x_it.o(i.SVC_Handler)
    SetBTABLE                                0x08008c41   Thumb Code    10  usb_regs.o(i.SetBTABLE)
    SetDeviceAddress                         0x08008c51   Thumb Code    58  usb_core.o(i.SetDeviceAddress)
    SetEPRxAddr                              0x08008c95   Thumb Code    24  usb_regs.o(i.SetEPRxAddr)
    SetEPRxCount                             0x08008cb5   Thumb Code    56  usb_regs.o(i.SetEPRxCount)
    SetEPRxStatus                            0x08008cf5   Thumb Code    44  usb_regs.o(i.SetEPRxStatus)
    SetEPRxValid                             0x08008d25   Thumb Code    30  usb_regs.o(i.SetEPRxValid)
    SetEPTxAddr                              0x08008d49   Thumb Code    22  usb_regs.o(i.SetEPTxAddr)
    SetEPTxCount                             0x08008d69   Thumb Code    20  usb_regs.o(i.SetEPTxCount)
    SetEPTxStatus                            0x08008d85   Thumb Code    44  usb_regs.o(i.SetEPTxStatus)
    SetEPType                                0x08008db5   Thumb Code    22  usb_regs.o(i.SetEPType)
    Set_CSW                                  0x08008e65   Thumb Code    50  usb_bot.o(i.Set_CSW)
    Set_Scsi_Sense_Data                      0x08008ea5   Thumb Code     8  usb_scsi.o(i.Set_Scsi_Sense_Data)
    Setup0_Process                           0x08008eb1   Thumb Code    92  usb_core.o(i.Setup0_Process)
    Standard_ClearFeature                    0x08008f19   Thumb Code   216  usb_core.o(i.Standard_ClearFeature)
    Standard_GetConfiguration                0x08009005   Thumb Code    30  usb_core.o(i.Standard_GetConfiguration)
    Standard_GetDescriptorData               0x0800902d   Thumb Code    24  usb_core.o(i.Standard_GetDescriptorData)
    Standard_GetInterface                    0x08009049   Thumb Code    30  usb_core.o(i.Standard_GetInterface)
    Standard_GetStatus                       0x08009071   Thumb Code   128  usb_core.o(i.Standard_GetStatus)
    Standard_SetConfiguration                0x08009101   Thumb Code    42  usb_core.o(i.Standard_SetConfiguration)
    Standard_SetDeviceFeature                0x08009139   Thumb Code    26  usb_core.o(i.Standard_SetDeviceFeature)
    Standard_SetEndPointFeature              0x0800915d   Thumb Code   116  usb_core.o(i.Standard_SetEndPointFeature)
    Standard_SetInterface                    0x080091e1   Thumb Code    60  usb_core.o(i.Standard_SetInterface)
    SysTick_Handler                          0x08009299   Thumb Code     4  stm32f10x_it.o(i.SysTick_Handler)
    SysTick_Increment                        0x0800929d   Thumb Code    14  timermanager.o(i.SysTick_Increment)
    SysTick_Init                             0x080092b1   Thumb Code    46  timermanager.o(i.SysTick_Init)
    Sys_GenSum32                             0x080092e9   Thumb Code    22  os_global.o(i.Sys_GenSum32)
    Sys_IsBigEndian                          0x080092ff   Thumb Code    14  os_global.o(i.Sys_IsBigEndian)
    SystemInit                               0x0800930d   Thumb Code    64  system_stm32f10x.o(i.SystemInit)
    TIM_Cmd                                  0x0800935d   Thumb Code   152  stm32f10x_tim.o(i.TIM_Cmd)
    TIM_TimeBaseInit                         0x08009455   Thumb Code   280  stm32f10x_tim.o(i.TIM_TimeBaseInit)
    TIM_TimeBaseStructInit                   0x080095cd   Thumb Code    18  stm32f10x_tim.o(i.TIM_TimeBaseStructInit)
    Transfer_Data_Request                    0x08009b89   Thumb Code    42  usb_bot.o(i.Transfer_Data_Request)
    USART1_IRQHandler                        0x08009bbd   Thumb Code     4  uart_drv.o(i.USART1_IRQHandler)
    USART2_IRQHandler                        0x08009bc1   Thumb Code     4  uart_drv.o(i.USART2_IRQHandler)
    USART2_Init                              0x08009bc5   Thumb Code   144  uart_drv.o(i.USART2_Init)
    USART3_IRQHandler                        0x08009c5d   Thumb Code     4  uart_drv.o(i.USART3_IRQHandler)
    USART3_Init                              0x08009c61   Thumb Code   148  uart_drv.o(i.USART3_Init)
    USART_ClearFlag                          0x08009cfd   Thumb Code   102  stm32f10x_usart.o(i.USART_ClearFlag)
    USART_Cmd                                0x08009d9d   Thumb Code    80  stm32f10x_usart.o(i.USART_Cmd)
    USART_GetITStatus                        0x08009e25   Thumb Code   220  stm32f10x_usart.o(i.USART_GetITStatus)
    USART_ITConfig                           0x08009f39   Thumb Code   208  stm32f10x_usart.o(i.USART_ITConfig)
    USART_Init                               0x0800a041   Thumb Code   380  stm32f10x_usart.o(i.USART_Init)
    USART_ReceiveData                        0x0800a1f9   Thumb Code    52  stm32f10x_usart.o(i.USART_ReceiveData)
    USART_SendData                           0x0800a265   Thumb Code    70  stm32f10x_usart.o(i.USART_SendData)
    USBSet_System                            0x0800a2e5   Thumb Code     6  hw_config.o(i.USBSet_System)
    USBSet_USBClock                          0x0800a2eb   Thumb Code    20  hw_config.o(i.USBSet_USBClock)
    USB_Cable_Config                         0x0800a301   Thumb Code    20  hw_config.o(i.USB_Cable_Config)
    USB_HP_CAN1_TX_IRQHandler                0x0800a319   Thumb Code     4  stm32f10x_it.o(i.USB_HP_CAN1_TX_IRQHandler)
    USB_Init                                 0x0800a31d   Thumb Code    22  usb_init.o(i.USB_Init)
    USB_Interrupts_Config                    0x0800a345   Thumb Code    66  hw_config.o(i.USB_Interrupts_Config)
    USB_Istr                                 0x0800a389   Thumb Code    54  usb_istr.o(i.USB_Istr)
    USB_LP_CAN1_RX0_IRQHandler               0x0800a3d1   Thumb Code     4  stm32f10x_it.o(i.USB_LP_CAN1_RX0_IRQHandler)
    USB_SIL_Init                             0x0800a3d5   Thumb Code    24  usb_sil.o(i.USB_SIL_Init)
    USB_SIL_Read                             0x0800a3f5   Thumb Code    36  usb_sil.o(i.USB_SIL_Read)
    USB_SIL_Write                            0x0800a419   Thumb Code    40  usb_sil.o(i.USB_SIL_Write)
    Uart_Q_Init                              0x0800a46d   Thumb Code    36  uart_queue.o(i.Uart_Q_Init)
    UsageFault_Handler                       0x0800a4d1   Thumb Code     2  stm32f10x_it.o(i.UsageFault_Handler)
    UserToPMABufferCopy                      0x0800a4d5   Thumb Code    34  usb_mem.o(i.UserToPMABufferCopy)
    Write_Memory                             0x0800a4fd   Thumb Code   238  memory.o(i.Write_Memory)
    __0printf$8                              0x0800a609   Thumb Code    22  printf8.o(i.__0printf$8)
    __1printf$8                              0x0800a609   Thumb Code     0  printf8.o(i.__0printf$8)
    __2printf                                0x0800a609   Thumb Code     0  printf8.o(i.__0printf$8)
    __0snprintf$8                            0x0800a629   Thumb Code    36  printf8.o(i.__0snprintf$8)
    __1snprintf$8                            0x0800a629   Thumb Code     0  printf8.o(i.__0snprintf$8)
    __2snprintf                              0x0800a629   Thumb Code     0  printf8.o(i.__0snprintf$8)
    __aeabi_errno_addr                       0x0800a651   Thumb Code     4  errno.o(i.__aeabi_errno_addr)
    __rt_errno_addr                          0x0800a651   Thumb Code     0  errno.o(i.__aeabi_errno_addr)
    __scatterload_copy                       0x0800a659   Thumb Code    14  handlers.o(i.__scatterload_copy)
    __scatterload_null                       0x0800a667   Thumb Code     2  handlers.o(i.__scatterload_null)
    __scatterload_zeroinit                   0x0800a669   Thumb Code    14  handlers.o(i.__scatterload_zeroinit)
    _init_ms                                 0x0800a679   Thumb Code    74  delay.o(i._init_ms)
    _init_us                                 0x0800a6c9   Thumb Code    72  delay.o(i._init_us)
    _stop_timer                              0x0800aba5   Thumb Code    24  delay.o(i._stop_timer)
    assert_failed                            0x0800acbd   Thumb Code    12  bsp.o(i.assert_failed)
    clust2sect                               0x0800ae07   Thumb Code    28  ff.o(i.clust2sect)
    delay_ms                                 0x0800b0e5   Thumb Code    30  delay.o(i.delay_ms)
    delay_us                                 0x0800b103   Thumb Code    30  delay.o(i.delay_us)
    disk_initialize                          0x0800b6db   Thumb Code    22  diskio.o(i.disk_initialize)
    disk_ioctl                               0x0800b6f1   Thumb Code    10  diskio.o(i.disk_ioctl)
    disk_read                                0x0800b6fb   Thumb Code    18  diskio.o(i.disk_read)
    disk_status                              0x0800b70d   Thumb Code     4  diskio.o(i.disk_status)
    disk_write                               0x0800b711   Thumb Code    18  diskio.o(i.disk_write)
    exf_getfree                              0x0800b725   Thumb Code    62  fatfs_demo.o(i.exf_getfree)
    f_close                                  0x0800b779   Thumb Code    38  ff.o(i.f_close)
    f_closedir                               0x0800b79f   Thumb Code    32  ff.o(i.f_closedir)
    f_getfree                                0x0800b7bf   Thumb Code   196  ff.o(i.f_getfree)
    f_lseek                                  0x0800b883   Thumb Code   422  ff.o(i.f_lseek)
    f_mkdir                                  0x0800ba29   Thumb Code   372  ff.o(i.f_mkdir)
    f_mkfs                                   0x0800bba1   Thumb Code  1332  ff.o(i.f_mkfs)
    f_mount                                  0x0800c0d5   Thumb Code    92  ff.o(i.f_mount)
    f_open                                   0x0800c135   Thumb Code   410  ff.o(i.f_open)
    f_opendir                                0x0800c2d5   Thumb Code   140  ff.o(i.f_opendir)
    f_read                                   0x0800c365   Thumb Code   298  ff.o(i.f_read)
    f_readdir                                0x0800c491   Thumb Code    82  ff.o(i.f_readdir)
    f_sync                                   0x0800c4e9   Thumb Code   124  ff.o(i.f_sync)
    f_unlink                                 0x0800c565   Thumb Code   164  ff.o(i.f_unlink)
    f_write                                  0x0800c60d   Thumb Code   398  ff.o(i.f_write)
    ff_convert                               0x0800c79d   Thumb Code    50  ccsbcs.o(i.ff_convert)
    ff_wtoupper                              0x0800c7d5   Thumb Code    28  ccsbcs.o(i.ff_wtoupper)
    flash_disk_read                          0x0800ca35   Thumb Code    60  spi_flash_interface.o(i.flash_disk_read)
    flash_disk_write                         0x0800ca71   Thumb Code    42  spi_flash_interface.o(i.flash_disk_write)
    flash_initialize                         0x0800cabd   Thumb Code    28  spi_flash_interface.o(i.flash_initialize)
    flash_ioctl                              0x0800cb01   Thumb Code    40  spi_flash_interface.o(i.flash_ioctl)
    flash_mal_read                           0x0800cb29   Thumb Code    44  spi_flash_interface.o(i.flash_mal_read)
    flash_mal_write                          0x0800cb71   Thumb Code   142  spi_flash_interface.o(i.flash_mal_write)
    fputc                                    0x0800cc89   Thumb Code    24  uart_drv.o(i.fputc)
    get_fat                                  0x0800cd29   Thumb Code   188  ff.o(i.get_fat)
    get_fattime                              0x0800cde5   Thumb Code     4  diskio.o(i.get_fattime)
    key_get_cur_display_mode                 0x0800d1a5   Thumb Code     6  key_drv.o(i.key_get_cur_display_mode)
    key_gpio_init                            0x0800d1b1   Thumb Code    42  key_drv.o(i.key_gpio_init)
    key_process                              0x0800d1e5   Thumb Code   124  key_drv.o(i.key_process)
    key_scan                                 0x0800d2d1   Thumb Code   140  key_drv.o(i.key_scan)
    main                                     0x0800d381   Thumb Code    46  main.o(i.main)
    os_timer_arm                             0x0800d475   Thumb Code    38  os_timer.o(i.os_timer_arm)
    put_fat                                  0x0800d565   Thumb Code   238  ff.o(i.put_fat)
    sfud_chip_erase                          0x0800d899   Thumb Code   116  sfud.o(i.sfud_chip_erase)
    sfud_device_init                         0x0800d90d   Thumb Code    22  sfud.o(i.sfud_device_init)
    sfud_erase                               0x0800d923   Thumb Code   228  sfud.o(i.sfud_erase)
    sfud_get_device_table                    0x0800da09   Thumb Code     4  sfud.o(i.sfud_get_device_table)
    sfud_init                                0x0800da11   Thumb Code    38  sfud.o(i.sfud_init)
    sfud_read                                0x0800da3d   Thumb Code   104  sfud.o(i.sfud_read)
    sfud_read_sfdp                           0x0800daa5   Thumb Code   162  sfud_sfdp.o(i.sfud_read_sfdp)
    sfud_read_status                         0x0800db47   Thumb Code    24  sfud.o(i.sfud_read_status)
    sfud_sfdp_get_suitable_eraser            0x0800db5f   Thumb Code    56  sfud_sfdp.o(i.sfud_sfdp_get_suitable_eraser)
    sfud_spi_port_init                       0x0800db99   Thumb Code   180  sfud_port.o(i.sfud_spi_port_init)
    sfud_write                               0x0800dc6d   Thumb Code    42  sfud.o(i.sfud_write)
    sfud_write_status                        0x0800dc97   Thumb Code    74  sfud.o(i.sfud_write_status)
    usb_main                                 0x0800de9d   Thumb Code    52  usbapp.o(i.usb_main)
    MASS_DeviceDescriptor                    0x0800e24c   Data          18  usb_desc.o(.constdata)
    MASS_ConfigDescriptor                    0x0800e25e   Data          32  usb_desc.o(.constdata)
    MASS_StringLangID                        0x0800e27e   Data           4  usb_desc.o(.constdata)
    MASS_StringVendor                        0x0800e282   Data          38  usb_desc.o(.constdata)
    MASS_StringProduct                       0x0800e2a8   Data          38  usb_desc.o(.constdata)
    MASS_StringInterface                     0x0800e2ce   Data          16  usb_desc.o(.constdata)
    SensorNameItem                           0x0800e2e0   Data          58  fatfs_demo.o(.constdata)
    SensorUnitItem                           0x0800e31a   Data          48  fatfs_demo.o(.constdata)
    __ctype_table                            0x0800e948   Data         129  ctype_o.o(.constdata)
    Region$$Table$$Base                      0x0800eaa0   Number         0  anon$$obj.o(Region$$Table)
    Region$$Table$$Limit                     0x0800eac0   Number         0  anon$$obj.o(Region$$Table)
    flag10ms                                 0x20000014   Data           1  timermanager.o(.data)
    gCpuIsBigEndian                          0x20000028   Data           1  os_global.o(.data)
    is_rgb_on                                0x20000062   Data           1  key_drv.o(.data)
    is_debug_on                              0x20000063   Data           1  key_drv.o(.data)
    tDHT                                     0x2000008c   Data           5  dht11.o(.data)
    SystemCoreClock                          0x20000094   Data           4  system_stm32f10x.o(.data)
    AHBPrescTable                            0x20000098   Data          16  system_stm32f10x.o(.data)
    Mass_Block_Size                          0x20000128   Data           4  mass_mal.o(.data)
    Mass_Block_Count                         0x2000012c   Data           4  mass_mal.o(.data)
    Mass_Memory_Size                         0x20000130   Data           8  mass_mal.o(.data)
    TransferState                            0x20000138   Data           1  memory.o(.data)
    USB_STATUS_REG                           0x20000139   Data           1  memory.o(.data)
    Block_Read_count                         0x2000013c   Data           4  memory.o(.data)
    Counter                                  0x20000140   Data           4  memory.o(.data)
    Block_offset                             0x20000144   Data           4  memory.o(.data)
    Idx                                      0x20000148   Data           4  memory.o(.data)
    Page00_Inquiry_Data                      0x20000170   Data           5  scsi_data.o(.data)
    Standard_Inquiry_Data                    0x20000175   Data          36  scsi_data.o(.data)
    Standard_Inquiry_Data2                   0x20000199   Data          36  scsi_data.o(.data)
    Mode_Sense6_data                         0x200001bd   Data           4  scsi_data.o(.data)
    Mode_Sense10_data                        0x200001c1   Data           8  scsi_data.o(.data)
    Scsi_Sense_Data                          0x200001c9   Data          18  scsi_data.o(.data)
    ReadCapacity10_Data                      0x200001db   Data           8  scsi_data.o(.data)
    ReadFormatCapacity_Data                  0x200001e3   Data          12  scsi_data.o(.data)
    Bot_State                                0x200001f0   Data           1  usb_bot.o(.data)
    Data_Len                                 0x200001f2   Data           2  usb_bot.o(.data)
    SCSI_LBA                                 0x200001f4   Data           4  usb_bot.o(.data)
    SCSI_BlkLen                              0x200001f8   Data           4  usb_bot.o(.data)
    MASS_StringSerial                        0x200001fc   Data          26  usb_desc.o(.data)
    pEpInt_IN                                0x20000218   Data          28  usb_istr.o(.data)
    pEpInt_OUT                               0x20000234   Data          28  usb_istr.o(.data)
    wIstr                                    0x20000250   Data           2  usb_istr.o(.data)
    Max_Lun                                  0x20000254   Data           1  usb_prop.o(.data)
    Device_Descriptor                        0x20000258   Data           8  usb_prop.o(.data)
    Config_Descriptor                        0x20000260   Data           8  usb_prop.o(.data)
    Device_Property                          0x20000268   Data          48  usb_prop.o(.data)
    String_Descriptor                        0x20000298   Data          40  usb_prop.o(.data)
    Device_Table                             0x200002c0   Data           2  usb_prop.o(.data)
    User_Standard_Requests                   0x200002c4   Data          36  usb_prop.o(.data)
    bDeviceState                             0x200002e8   Data           4  usb_pwr.o(.data)
    Data_Mul_MaxPacketSize                   0x200002ec   Data           1  usb_core.o(.data)
    StatusInfo                               0x200002ee   Data           2  usb_core.o(.data)
    EPindex                                  0x200002f0   Data           1  usb_init.o(.data)
    pInformation                             0x200002f4   Data           4  usb_init.o(.data)
    pProperty                                0x200002f8   Data           4  usb_init.o(.data)
    pUser_Standard_Requests                  0x200002fc   Data           4  usb_init.o(.data)
    wInterrupt_Mask                          0x20000300   Data           2  usb_init.o(.data)
    SaveRState                               0x20000302   Data           2  usb_int.o(.data)
    SaveTState                               0x20000304   Data           2  usb_int.o(.data)
    FlashDiskPath                            0x20000306   Data           8  fatfs_demo.o(.data)
    UpdateDirPath                            0x2000030e   Data          32  fatfs_demo.o(.data)
    __stdout                                 0x2000033c   Data           4  stdout.o(.data)
    sector_buf                               0x20000344   Data        4096  sdrr.o(.bss)
    spi_flash_buf                            0x200016ec   Data        4096  spi_flash_interface.o(.bss)
    Data_Buffer                              0x20002724   Data        4096  memory.o(.bss)
    Bulk_Data_Buff                           0x20003724   Data          64  usb_bot.o(.bss)
    CBW                                      0x20003764   Data          32  usb_bot.o(.bss)
    CSW                                      0x20003784   Data          16  usb_bot.o(.bss)
    Device_Info                              0x20003794   Data          28  usb_init.o(.bss)
    FlashDiskFatFs                           0x200037b0   Data        4144  fatfs_demo.o(.bss)
    Lfname                                   0x20004820   Data          51  fatfs_demo.o(.bss)
    fileFIL                                  0x20004854   Data          44  fatfs_demo.o(.bss)
    __initial_sp                             0x20004d10   Data           0  startup_stm32f10x_md.o(STACK)



==============================================================================

Memory Map of the image

  Image Entry point : 0x080040ed

  Load Region LR_IROM1 (Base: 0x08004000, Size: 0x0000ae04, Max: 0x00010000, ABSOLUTE, COMPRESSED[0x0000abc0])

    Execution Region ER_IROM1 (Base: 0x08004000, Size: 0x0000aac0, Max: 0x00010000, ABSOLUTE)

    Base Addr    Size         Type   Attr      Idx    E Section Name        Object

    0x08004000   0x000000ec   Data   RO         3640    RESET               startup_stm32f10x_md.o
    0x080040ec   0x00000000   Code   RO         5494  * .ARM.Collect$$$$00000000  mc_w.l(entry.o)
    0x080040ec   0x00000004   Code   RO         5796    .ARM.Collect$$$$00000001  mc_w.l(entry2.o)
    0x080040f0   0x00000004   Code   RO         5799    .ARM.Collect$$$$00000004  mc_w.l(entry5.o)
    0x080040f4   0x00000000   Code   RO         5801    .ARM.Collect$$$$00000008  mc_w.l(entry7b.o)
    0x080040f4   0x00000008   Code   RO         5802    .ARM.Collect$$$$00000009  mc_w.l(entry8.o)
    0x080040fc   0x00000004   Code   RO         5797    .ARM.Collect$$$$00002712  mc_w.l(entry2.o)
    0x08004100   0x00000024   Code   RO         3641    .text               startup_stm32f10x_md.o
    0x08004124   0x00000062   Code   RO         5497    .text               mc_w.l(uldiv.o)
    0x08004186   0x00000024   Code   RO         5499    .text               mc_w.l(memcpya.o)
    0x080041aa   0x00000026   Code   RO         5501    .text               mc_w.l(memseta.o)
    0x080041d0   0x0000002c   Code   RO         5503    .text               mc_w.l(strstr.o)
    0x080041fc   0x00000018   Code   RO         5505    .text               mc_w.l(strncpy.o)
    0x08004214   0x00000010   Code   RO         5507    .text               mc_w.l(strlen.o)
    0x08004224   0x00000020   Code   RO         5509    .text               mc_w.l(strrchr.o)
    0x08004244   0x00000070   Code   RO         5774    .text               mc_w.l(strtol.o)
    0x080042b4   0x000000b0   Code   RO         5776    .text               mf_w.l(fadd.o)
    0x08004364   0x0000014c   Code   RO         5778    .text               mf_w.l(dadd.o)
    0x080044b0   0x000000e0   Code   RO         5780    .text               mf_w.l(dmul.o)
    0x08004590   0x000000de   Code   RO         5782    .text               mf_w.l(ddiv.o)
    0x0800466e   0x0000000a   Code   RO         5784    .text               mf_w.l(ffltui.o)
    0x08004678   0x0000001a   Code   RO         5786    .text               mf_w.l(dfltui.o)
    0x08004692   0x0000002e   Code   RO         5788    .text               mf_w.l(dfixui.o)
    0x080046c0   0x0000002c   Code   RO         5790    .text               mf_w.l(f2d.o)
    0x080046ec   0x00000014   Code   RO         5792    .text               mf_w.l(cfcmple.o)
    0x08004700   0x00000014   Code   RO         5794    .text               mf_w.l(cfrcmple.o)
    0x08004714   0x0000001e   Code   RO         5806    .text               mc_w.l(llshl.o)
    0x08004732   0x00000020   Code   RO         5808    .text               mc_w.l(llushr.o)
    0x08004752   0x00000024   Code   RO         5810    .text               mc_w.l(llsshr.o)
    0x08004776   0x00000002   PAD
    0x08004778   0x00000008   Code   RO         5812    .text               mc_w.l(ctype_o.o)
    0x08004780   0x0000009e   Code   RO         5847    .text               mc_w.l(_strtoul.o)
    0x0800481e   0x00000000   Code   RO         5849    .text               mc_w.l(iusefp.o)
    0x0800481e   0x0000006c   Code   RO         5850    .text               mf_w.l(fepilogue.o)
    0x0800488a   0x000000be   Code   RO         5852    .text               mf_w.l(depilogue.o)
    0x08004948   0x00000024   Code   RO         5858    .text               mc_w.l(init.o)
    0x0800496c   0x0000001c   Code   RO         5860    .text               mc_w.l(_chval.o)
    0x08004988   0x0000005c   Code   RO         5870    .text               mc_w.l(__dczerorl2.o)
    0x080049e4   0x00000128   Code   RO         2580    i.AppInit           application.o
    0x08004b0c   0x0000003c   Code   RO         1908    i.BKP_TamperPinCmd  stm32f10x_bkp.o
    0x08004b48   0x00000048   Code   RO         2878    i.BSP_Init          os_global.o
    0x08004b90   0x00000032   Code   RO         4108    i.Bot_Abort         usb_bot.o
    0x08004bc2   0x00000002   Code   RO         2466    i.BusFault_Handler  stm32f10x_it.o
    0x08004bc4   0x0000000a   Code   RO         4659    i.ByteSwap          usb_regs.o
    0x08004bce   0x00000002   PAD
    0x08004bd0   0x00000198   Code   RO         4109    i.CBW_Decode        usb_bot.o
    0x08004d68   0x00000078   Code   RO         4611    i.CTR_HP            usb_int.o
    0x08004de0   0x0000013c   Code   RO         4612    i.CTR_LP            usb_int.o
    0x08004f1c   0x0000003c   Code   RO         2986    i.CalculateHchoAver  pm25sensor.o
    0x08004f58   0x00000024   Code   RO         4660    i.ClearDTOG_RX      usb_regs.o
    0x08004f7c   0x00000024   Code   RO         4661    i.ClearDTOG_TX      usb_regs.o
    0x08004fa0   0x00000020   Code   RO         4666    i.Clear_Status_Out  usb_regs.o
    0x08004fc0   0x00000068   Code   RO         3523    i.DHT_Init          dht11.o
    0x08005028   0x000000e4   Code   RO         3524    i.DHT_RxByte        dht11.o
    0x0800510c   0x00000028   Code   RO         3525    i.DHT_SetIODir      dht11.o
    0x08005134   0x00000044   Code   RO         3526    i.DHT_Start         dht11.o
    0x08005178   0x000000bc   Code   RO         4466    i.DataStageIn       usb_core.o
    0x08005234   0x000000a8   Code   RO         4467    i.DataStageOut      usb_core.o
    0x080052dc   0x0000019c   Code   RO         4468    i.Data_Setup0       usb_core.o
    0x08005478   0x00000002   Code   RO         2467    i.DebugMon_Handler  stm32f10x_it.o
    0x0800547a   0x00000004   Code   RO         4173    i.EP1_IN_Callback   usb_endp.o
    0x0800547e   0x00000004   Code   RO         4174    i.EP2_OUT_Callback  usb_endp.o
    0x08005482   0x00000002   PAD
    0x08005484   0x00000154   Code   RO         2727    i.F10X_FLASH_WriteAppAttr  f10x_flash_if.o
    0x080055d8   0x0000038c   Code   RO         5085    i.FILE_FormatDisk   fatfs_demo.o
    0x08005964   0x000001b8   Code   RO         5086    i.FILE_GetSensorTotalItems  fatfs_demo.o
    0x08005b1c   0x00000198   Code   RO         5087    i.FILE_Open         fatfs_demo.o
    0x08005cb4   0x0000010c   Code   RO         5088    i.FILE_Scan         fatfs_demo.o
    0x08005dc0   0x000000ac   Code   RO         5089    i.FILE_Write        fatfs_demo.o
    0x08005e6c   0x00000050   Code   RO         1336    i.FLASH_PrefetchBufferCmd  stm32f10x_flash.o
    0x08005ebc   0x00000050   Code   RO         1341    i.FLASH_SetLatency  stm32f10x_flash.o
    0x08005f0c   0x00000004   Code   RO         5090    i.FatFs_Demo        fatfs_demo.o
    0x08005f10   0x0000015c   Code   RO          313    i.GPIO_Init         stm32f10x_gpio.o
    0x0800606c   0x000000e0   Code   RO          317    i.GPIO_ReadInputDataBit  stm32f10x_gpio.o
    0x0800614c   0x00000088   Code   RO          320    i.GPIO_ResetBits    stm32f10x_gpio.o
    0x080061d4   0x00000088   Code   RO          321    i.GPIO_SetBits      stm32f10x_gpio.o
    0x0800625c   0x000000ec   Code   RO          324    i.GPIO_WriteBit     stm32f10x_gpio.o
    0x08006348   0x00000020   Code   RO         4678    i.GetEPRxAddr       usb_regs.o
    0x08006368   0x00000020   Code   RO         4679    i.GetEPRxCount      usb_regs.o
    0x08006388   0x00000014   Code   RO         4680    i.GetEPRxStatus     usb_regs.o
    0x0800639c   0x0000001c   Code   RO         4681    i.GetEPTxAddr       usb_regs.o
    0x080063b8   0x0000001c   Code   RO         4212    i.Get_Max_Lun       usb_prop.o
    0x080063d4   0x00000034   Code   RO         3935    i.Get_SerialNum     hw_config.o
    0x08006408   0x00000060   Code   RO         2987    i.HCHO_CaliSet      pm25sensor.o
    0x08006468   0x0000002c   Code   RO         2988    i.HCHO_CheckSum     pm25sensor.o
    0x08006494   0x000000a4   Code   RO         2989    i.HCHO_DisplayInit  pm25sensor.o
    0x08006538   0x0000006a   Code   RO         2990    i.HCHO_DisplayMassFract  pm25sensor.o
    0x080065a2   0x0000006a   Code   RO         2991    i.HCHO_DisplayPPM   pm25sensor.o
    0x0800660c   0x00000064   Code   RO         2992    i.HCHO_DisplayValue  pm25sensor.o
    0x08006670   0x0000007c   Code   RO         2993    i.HCHO_Indicate     pm25sensor.o
    0x080066ec   0x00000044   Code   RO         2995    i.HCHO_Receive      pm25sensor.o
    0x08006730   0x00000080   Code   RO         2999    i.HCHO_UART_IRQHandler  pm25sensor.o
    0x080067b0   0x00000002   Code   RO         2468    i.HardFault_Handler  stm32f10x_it.o
    0x080067b2   0x00000002   PAD
    0x080067b4   0x0000005c   Code   RO         4469    i.In0_Process       usb_core.o
    0x08006810   0x00000036   Code   RO         3936    i.IntToUnicode      hw_config.o
    0x08006846   0x00000002   PAD
    0x08006848   0x00000024   Code   RO         2879    i.JumpToBootloader  os_global.o
    0x0800686c   0x0000001e   Code   RO         2800    i.LCD1602_ClearScreen  lcd1602_drv.o
    0x0800688a   0x00000002   PAD
    0x0800688c   0x00000098   Code   RO         2801    i.LCD1602_HardwareInit  lcd1602_drv.o
    0x08006924   0x00000104   Code   RO         2802    i.LCD1602_Init      lcd1602_drv.o
    0x08006a28   0x0000000e   Code   RO         2803    i.LCD1602_SetXY     lcd1602_drv.o
    0x08006a36   0x00000002   PAD
    0x08006a38   0x000000a0   Code   RO         2804    i.LCD1602_WriteCmd  lcd1602_drv.o
    0x08006ad8   0x000000a4   Code   RO         2805    i.LCD1602_WriteData  lcd1602_drv.o
    0x08006b7c   0x000000a0   Code   RO         2806    i.LCD1602_WriteInteger  lcd1602_drv.o
    0x08006c1c   0x00000018   Code   RO         2807    i.LCD1602_WriteString  lcd1602_drv.o
    0x08006c34   0x00000060   Code   RO         3000    i.LCD_Display_AQI   pm25sensor.o
    0x08006c94   0x00000064   Code   RO         3001    i.LCD_Display_CC    pm25sensor.o
    0x08006cf8   0x0000001c   Code   RO         2808    i.LCD_enable_wait   lcd1602_drv.o
    0x08006d14   0x0000002c   Code   RO         2809    i.LCD_enable_write  lcd1602_drv.o
    0x08006d40   0x00000028   Code   RO         2810    i.LCD_set_data_dir  lcd1602_drv.o
    0x08006d68   0x00000020   Code   RO         3185    i.LED_AllSet        led_drv.o
    0x08006d88   0x000000b8   Code   RO         3186    i.LED_AqiIndicate   led_drv.o
    0x08006e40   0x00000048   Code   RO         3187    i.LED_Config        led_drv.o
    0x08006e88   0x00000038   Code   RO         3188    i.LED_Flash         led_drv.o
    0x08006ec0   0x0000003c   Code   RO         3002    i.LED_IndicateColorOfHCHO  pm25sensor.o
    0x08006efc   0x00000064   Code   RO         3189    i.LED_Init          led_drv.o
    0x08006f60   0x00000002   Code   RO         3190    i.LED_StopAqiIndicate  led_drv.o
    0x08006f62   0x00000002   PAD
    0x08006f64   0x00000048   Code   RO         3191    i.LedFlashTimer_CallBack  led_drv.o
    0x08006fac   0x00000060   Code   RO         3192    i.LedTimer_CallBack  led_drv.o
    0x0800700c   0x00000030   Code   RO         4008    i.MAL_GetStatus     mass_mal.o
    0x0800703c   0x00000010   Code   RO         4009    i.MAL_Init          mass_mal.o
    0x0800704c   0x00000016   Code   RO         4010    i.MAL_Read          mass_mal.o
    0x08007062   0x00000016   Code   RO         4011    i.MAL_Write         mass_mal.o
    0x08007078   0x00000040   Code   RO         4213    i.MASS_Data_Setup   usb_prop.o
    0x080070b8   0x0000000c   Code   RO         4214    i.MASS_GetConfigDescriptor  usb_prop.o
    0x080070c4   0x0000000c   Code   RO         4215    i.MASS_GetDeviceDescriptor  usb_prop.o
    0x080070d0   0x00000020   Code   RO         4216    i.MASS_GetStringDescriptor  usb_prop.o
    0x080070f0   0x0000000a   Code   RO         4217    i.MASS_Get_Interface_Setting  usb_prop.o
    0x080070fa   0x00000002   PAD
    0x080070fc   0x00000050   Code   RO         4218    i.MASS_NoData_Setup  usb_prop.o
    0x0800714c   0x000000e0   Code   RO         4219    i.MASS_Reset        usb_prop.o
    0x0800722c   0x00000002   Code   RO         4220    i.MASS_Status_In    usb_prop.o
    0x0800722e   0x00000002   Code   RO         4221    i.MASS_Status_Out   usb_prop.o
    0x08007230   0x00000024   Code   RO         4222    i.MASS_init         usb_prop.o
    0x08007254   0x0000001c   Code   RO         4223    i.Mass_Storage_ClearFeature  usb_prop.o
    0x08007270   0x00000080   Code   RO         4110    i.Mass_Storage_In   usb_bot.o
    0x080072f0   0x00000074   Code   RO         4111    i.Mass_Storage_Out  usb_bot.o
    0x08007364   0x00000034   Code   RO         4224    i.Mass_Storage_SetConfiguration  usb_prop.o
    0x08007398   0x0000000c   Code   RO         4225    i.Mass_Storage_SetDeviceAddress  usb_prop.o
    0x080073a4   0x00000002   Code   RO         2469    i.MemManage_Handler  stm32f10x_it.o
    0x080073a6   0x00000002   Code   RO         2470    i.NMI_Handler       stm32f10x_it.o
    0x080073a8   0x00000002   Code   RO         4470    i.NOP_Process       usb_core.o
    0x080073aa   0x0000000a   Code   RO         2581    i.NVIC_Configuration  application.o
    0x080073b4   0x000000ac   Code   RO            1    i.NVIC_Init         misc.o
    0x08007460   0x00000054   Code   RO            2    i.NVIC_PriorityGroupConfig  misc.o
    0x080074b4   0x00000058   Code   RO            3    i.NVIC_SetVectorTable  misc.o
    0x0800750c   0x000000d4   Code   RO         4471    i.NoData_Setup0     usb_core.o
    0x080075e0   0x0000000c   Code   RO         2655    i.OS_GetSysTick     timermanager.o
    0x080075ec   0x00000014   Code   RO         2880    i.OS_IsTimeout      os_global.o
    0x08007600   0x0000000c   Code   RO         2881    i.OS_SetTimeout     os_global.o
    0x0800760c   0x00000040   Code   RO         2936    i.OS_TimerCheck     os_timer.o
    0x0800764c   0x0000001a   Code   RO         2937    i.OS_TimerInit      os_timer.o
    0x08007666   0x00000002   PAD
    0x08007668   0x00000030   Code   RO         2939    i.OS_TimerStart     os_timer.o
    0x08007698   0x00000020   Code   RO         2940    i.OS_TimerStop      os_timer.o
    0x080076b8   0x00000048   Code   RO         4472    i.Out0_Process      usb_core.o
    0x08007700   0x00000114   Code   RO         3003    i.PM25_AqiCalculate  pm25sensor.o
    0x08007814   0x0000009c   Code   RO         3004    i.PM25_Display_Init  pm25sensor.o
    0x080078b0   0x00000070   Code   RO         3005    i.PM25_Display_Value  pm25sensor.o
    0x08007920   0x00000060   Code   RO         3006    i.PM25_Init         pm25sensor.o
    0x08007980   0x0000007c   Code   RO         3007    i.PM25_Receive      pm25sensor.o
    0x080079fc   0x0000007c   Code   RO         3008    i.PM25_UART_IRQHandler  pm25sensor.o
    0x08007a78   0x0000001c   Code   RO         4641    i.PMAToUserBufferCopy  usb_mem.o
    0x08007a94   0x0000003c   Code   RO         1259    i.PWR_BackupAccessCmd  stm32f10x_pwr.o
    0x08007ad0   0x00000002   Code   RO         2471    i.PendSV_Handler    stm32f10x_it.o
    0x08007ad2   0x00000002   PAD
    0x08007ad4   0x00000044   Code   RO         4473    i.Post0_Process     usb_core.o
    0x08007b18   0x0000002c   Code   RO         4320    i.PowerOn           usb_pwr.o
    0x08007b44   0x00000088   Code   RO         3245    i.Queue_UART_IRQHandler  uart_queue.o
    0x08007bcc   0x00000060   Code   RO          109    i.RCC_APB1PeriphClockCmd  stm32f10x_rcc.o
    0x08007c2c   0x00000060   Code   RO          110    i.RCC_APB1PeriphResetCmd  stm32f10x_rcc.o
    0x08007c8c   0x00000060   Code   RO          111    i.RCC_APB2PeriphClockCmd  stm32f10x_rcc.o
    0x08007cec   0x00000060   Code   RO          112    i.RCC_APB2PeriphResetCmd  stm32f10x_rcc.o
    0x08007d4c   0x00000040   Code   RO          118    i.RCC_DeInit        stm32f10x_rcc.o
    0x08007d8c   0x00000098   Code   RO          119    i.RCC_GetClocksFreq  stm32f10x_rcc.o
    0x08007e24   0x00000088   Code   RO          120    i.RCC_GetFlagStatus  stm32f10x_rcc.o
    0x08007eac   0x00000010   Code   RO          122    i.RCC_GetSYSCLKSource  stm32f10x_rcc.o
    0x08007ebc   0x00000064   Code   RO          123    i.RCC_HCLKConfig    stm32f10x_rcc.o
    0x08007f20   0x00000040   Code   RO          125    i.RCC_HSICmd        stm32f10x_rcc.o
    0x08007f60   0x0000005c   Code   RO          127    i.RCC_LSEConfig     stm32f10x_rcc.o
    0x08007fbc   0x0000005c   Code   RO          130    i.RCC_PCLK1Config   stm32f10x_rcc.o
    0x08008018   0x0000005c   Code   RO          131    i.RCC_PCLK2Config   stm32f10x_rcc.o
    0x08008074   0x00000040   Code   RO          132    i.RCC_PLLCmd        stm32f10x_rcc.o
    0x080080b4   0x000000b4   Code   RO          133    i.RCC_PLLConfig     stm32f10x_rcc.o
    0x08008168   0x0000004c   Code   RO          136    i.RCC_SYSCLKConfig  stm32f10x_rcc.o
    0x080081b4   0x00000040   Code   RO          137    i.RCC_USBCLKConfig  stm32f10x_rcc.o
    0x080081f4   0x000000e8   Code   RO         4052    i.Read_Memory       memory.o
    0x080082dc   0x00000074   Code   RO         4364    i.SCSI_Address_Management  usb_scsi.o
    0x08008350   0x00000030   Code   RO         4365    i.SCSI_Format_Cmd   usb_scsi.o
    0x08008380   0x00000034   Code   RO         4366    i.SCSI_Inquiry_Cmd  usb_scsi.o
    0x080083b4   0x00000034   Code   RO         4367    i.SCSI_Invalid_Cmd  usb_scsi.o
    0x080083e8   0x0000000c   Code   RO         4368    i.SCSI_ModeSense10_Cmd  usb_scsi.o
    0x080083f4   0x0000000c   Code   RO         4369    i.SCSI_ModeSense6_Cmd  usb_scsi.o
    0x08008400   0x00000068   Code   RO         4370    i.SCSI_Read10_Cmd   usb_scsi.o
    0x08008468   0x00000070   Code   RO         4371    i.SCSI_ReadCapacity10_Cmd  usb_scsi.o
    0x080084d8   0x0000006c   Code   RO         4372    i.SCSI_ReadFormatCapacity_Cmd  usb_scsi.o
    0x08008544   0x00000018   Code   RO         4373    i.SCSI_RequestSense_Cmd  usb_scsi.o
    0x0800855c   0x00000008   Code   RO         4374    i.SCSI_Start_Stop_Unit_Cmd  usb_scsi.o
    0x08008564   0x00000038   Code   RO         4375    i.SCSI_TestUnitReady_Cmd  usb_scsi.o
    0x0800859c   0x00000034   Code   RO         4377    i.SCSI_Verify10_Cmd  usb_scsi.o
    0x080085d0   0x00000068   Code   RO         4378    i.SCSI_Write10_Cmd  usb_scsi.o
    0x08008638   0x00000044   Code   RO         2689    i.SDRR_Init         sdrr.o
    0x0800867c   0x000000c8   Code   RO         2690    i.SDRR_SaveSensorPoint  sdrr.o
    0x08008744   0x0000013c   Code   RO         2691    i.SDRR_SensorPointToString  sdrr.o
    0x08008880   0x00000088   Code   RO         2692    i.SDRR_WriteRecordToFile  sdrr.o
    0x08008908   0x00000070   Code   RO         1537    i.SPI_CalculateCRC  stm32f10x_spi.o
    0x08008978   0x00000070   Code   RO         1538    i.SPI_Cmd           stm32f10x_spi.o
    0x080089e8   0x00000090   Code   RO         1545    i.SPI_I2S_DeInit    stm32f10x_spi.o
    0x08008a78   0x00000088   Code   RO         1546    i.SPI_I2S_GetFlagStatus  stm32f10x_spi.o
    0x08008b00   0x0000013c   Code   RO         1551    i.SPI_Init          stm32f10x_spi.o
    0x08008c3c   0x00000002   Code   RO         2472    i.SVC_Handler       stm32f10x_it.o
    0x08008c3e   0x00000002   PAD
    0x08008c40   0x00000010   Code   RO         4689    i.SetBTABLE         usb_regs.o
    0x08008c50   0x00000044   Code   RO         4474    i.SetDeviceAddress  usb_core.o
    0x08008c94   0x00000020   Code   RO         4703    i.SetEPRxAddr       usb_regs.o
    0x08008cb4   0x00000040   Code   RO         4704    i.SetEPRxCount      usb_regs.o
    0x08008cf4   0x00000030   Code   RO         4705    i.SetEPRxStatus     usb_regs.o
    0x08008d24   0x00000024   Code   RO         4706    i.SetEPRxValid      usb_regs.o
    0x08008d48   0x00000020   Code   RO         4707    i.SetEPTxAddr       usb_regs.o
    0x08008d68   0x0000001c   Code   RO         4708    i.SetEPTxCount      usb_regs.o
    0x08008d84   0x00000030   Code   RO         4709    i.SetEPTxStatus     usb_regs.o
    0x08008db4   0x0000001c   Code   RO         4711    i.SetEPType         usb_regs.o
    0x08008dd0   0x00000094   Code   RO         3609    i.SetSysClockTo72   system_stm32f10x.o
    0x08008e64   0x00000040   Code   RO         4112    i.Set_CSW           usb_bot.o
    0x08008ea4   0x0000000c   Code   RO         4379    i.Set_Scsi_Sense_Data  usb_scsi.o
    0x08008eb0   0x00000068   Code   RO         4475    i.Setup0_Process    usb_core.o
    0x08008f18   0x000000ec   Code   RO         4476    i.Standard_ClearFeature  usb_core.o
    0x08009004   0x00000028   Code   RO         4477    i.Standard_GetConfiguration  usb_core.o
    0x0800902c   0x0000001c   Code   RO         4478    i.Standard_GetDescriptorData  usb_core.o
    0x08009048   0x00000028   Code   RO         4479    i.Standard_GetInterface  usb_core.o
    0x08009070   0x00000090   Code   RO         4480    i.Standard_GetStatus  usb_core.o
    0x08009100   0x00000038   Code   RO         4481    i.Standard_SetConfiguration  usb_core.o
    0x08009138   0x00000024   Code   RO         4482    i.Standard_SetDeviceFeature  usb_core.o
    0x0800915c   0x00000084   Code   RO         4483    i.Standard_SetEndPointFeature  usb_core.o
    0x080091e0   0x00000048   Code   RO         4484    i.Standard_SetInterface  usb_core.o
    0x08009228   0x00000070   Code   RO         2583    i.SysClockConfig    application.o
    0x08009298   0x00000004   Code   RO         2473    i.SysTick_Handler   stm32f10x_it.o
    0x0800929c   0x00000014   Code   RO         2656    i.SysTick_Increment  timermanager.o
    0x080092b0   0x00000038   Code   RO         2657    i.SysTick_Init      timermanager.o
    0x080092e8   0x00000016   Code   RO         2882    i.Sys_GenSum32      os_global.o
    0x080092fe   0x0000000e   Code   RO         2883    i.Sys_IsBigEndian   os_global.o
    0x0800930c   0x00000050   Code   RO         3611    i.SystemInit        system_stm32f10x.o
    0x0800935c   0x000000f8   Code   RO          735    i.TIM_Cmd           stm32f10x_tim.o
    0x08009454   0x00000178   Code   RO          806    i.TIM_TimeBaseInit  stm32f10x_tim.o
    0x080095cc   0x00000012   Code   RO          807    i.TIM_TimeBaseStructInit  stm32f10x_tim.o
    0x080095de   0x00000060   Code   RO         3009    i.TempHumi_Display  pm25sensor.o
    0x0800963e   0x00000002   PAD
    0x08009640   0x00000148   Code   RO         3010    i.TimerCalculator_CallBack  pm25sensor.o
    0x08009788   0x0000022c   Code   RO         3527    i.TimerDHT_CallBack  dht11.o
    0x080099b4   0x00000054   Code   RO         3528    i.TimerGetTempHumi_CallBack  dht11.o
    0x08009a08   0x00000150   Code   RO         3011    i.TimerSensorTask_CallBack  pm25sensor.o
    0x08009b58   0x00000030   Code   RO         3012    i.TimerSwitchDisplay_CallBack  pm25sensor.o
    0x08009b88   0x00000034   Code   RO         4113    i.Transfer_Data_Request  usb_bot.o
    0x08009bbc   0x00000004   Code   RO         3346    i.USART1_IRQHandler  uart_drv.o
    0x08009bc0   0x00000004   Code   RO         3348    i.USART2_IRQHandler  uart_drv.o
    0x08009bc4   0x00000098   Code   RO         3349    i.USART2_Init       uart_drv.o
    0x08009c5c   0x00000004   Code   RO         3350    i.USART3_IRQHandler  uart_drv.o
    0x08009c60   0x0000009c   Code   RO         3351    i.USART3_Init       uart_drv.o
    0x08009cfc   0x000000a0   Code   RO          541    i.USART_ClearFlag   stm32f10x_usart.o
    0x08009d9c   0x00000088   Code   RO          545    i.USART_Cmd         stm32f10x_usart.o
    0x08009e24   0x00000114   Code   RO          549    i.USART_GetITStatus  stm32f10x_usart.o
    0x08009f38   0x00000108   Code   RO          551    i.USART_ITConfig    stm32f10x_usart.o
    0x0800a040   0x000001b8   Code   RO          552    i.USART_Init        stm32f10x_usart.o
    0x0800a1f8   0x0000006c   Code   RO          559    i.USART_ReceiveData  stm32f10x_usart.o
    0x0800a264   0x00000080   Code   RO          562    i.USART_SendData    stm32f10x_usart.o
    0x0800a2e4   0x00000006   Code   RO         3939    i.USBSet_System     hw_config.o
    0x0800a2ea   0x00000014   Code   RO         3940    i.USBSet_USBClock   hw_config.o
    0x0800a2fe   0x00000002   PAD
    0x0800a300   0x00000018   Code   RO         3941    i.USB_Cable_Config  hw_config.o
    0x0800a318   0x00000004   Code   RO         2474    i.USB_HP_CAN1_TX_IRQHandler  stm32f10x_it.o
    0x0800a31c   0x00000028   Code   RO         4585    i.USB_Init          usb_init.o
    0x0800a344   0x00000042   Code   RO         3942    i.USB_Interrupts_Config  hw_config.o
    0x0800a386   0x00000002   PAD
    0x0800a388   0x00000048   Code   RO         4191    i.USB_Istr          usb_istr.o
    0x0800a3d0   0x00000004   Code   RO         2475    i.USB_LP_CAN1_RX0_IRQHandler  stm32f10x_it.o
    0x0800a3d4   0x00000020   Code   RO         5019    i.USB_SIL_Init      usb_sil.o
    0x0800a3f4   0x00000024   Code   RO         5020    i.USB_SIL_Read      usb_sil.o
    0x0800a418   0x00000028   Code   RO         5021    i.USB_SIL_Write     usb_sil.o
    0x0800a440   0x0000002c   Code   RO         3248    i.Uart_DisableTxInterrupt  uart_queue.o
    0x0800a46c   0x0000002c   Code   RO         3251    i.Uart_Q_Init       uart_queue.o
    0x0800a498   0x00000038   Code   RO         3260    i.Uart_TxQueueOut   uart_queue.o
    0x0800a4d0   0x00000002   Code   RO         2476    i.UsageFault_Handler  stm32f10x_it.o
    0x0800a4d2   0x00000002   PAD
    0x0800a4d4   0x00000028   Code   RO         4642    i.UserToPMABufferCopy  usb_mem.o
    0x0800a4fc   0x0000010c   Code   RO         4053    i.Write_Memory      memory.o
    0x0800a608   0x00000020   Code   RO         5720    i.__0printf$8       mc_w.l(printf8.o)
    0x0800a628   0x00000028   Code   RO         5721    i.__0snprintf$8     mc_w.l(printf8.o)
    0x0800a650   0x00000008   Code   RO         5840    i.__aeabi_errno_addr  mc_w.l(errno.o)
    0x0800a658   0x0000000e   Code   RO         5864    i.__scatterload_copy  mc_w.l(handlers.o)
    0x0800a666   0x00000002   Code   RO         5865    i.__scatterload_null  mc_w.l(handlers.o)
    0x0800a668   0x0000000e   Code   RO         5866    i.__scatterload_zeroinit  mc_w.l(handlers.o)
    0x0800a676   0x00000002   PAD
    0x0800a678   0x00000050   Code   RO         2764    i._init_ms          delay.o
    0x0800a6c8   0x00000050   Code   RO         2765    i._init_us          delay.o
    0x0800a718   0x00000420   Code   RO         5727    i._printf_core      mc_w.l(printf8.o)
    0x0800ab38   0x00000026   Code   RO         5728    i._printf_post_padding  mc_w.l(printf8.o)
    0x0800ab5e   0x00000030   Code   RO         5729    i._printf_pre_padding  mc_w.l(printf8.o)
    0x0800ab8e   0x00000016   Code   RO         5730    i._snputc           mc_w.l(printf8.o)
    0x0800aba4   0x00000018   Code   RO         2766    i._stop_timer       delay.o
    0x0800abbc   0x00000100   Code   RO         3735    i.aai_write         sfud.o
    0x0800acbc   0x00000028   Code   RO         3645    i.assert_failed     bsp.o
    0x0800ace4   0x00000060   Code   RO         5144    i.check_fs          ff.o
    0x0800ad44   0x00000010   Code   RO         5145    i.chk_chr           ff.o
    0x0800ad54   0x00000064   Code   RO         5146    i.chk_lock          ff.o
    0x0800adb8   0x00000024   Code   RO         5147    i.clear_lock        ff.o
    0x0800addc   0x0000002a   Code   RO         5148    i.clmt_clust        ff.o
    0x0800ae06   0x0000001c   Code   RO         5149    i.clust2sect        ff.o
    0x0800ae22   0x000000a4   Code   RO         5150    i.create_chain      ff.o
    0x0800aec6   0x00000002   PAD
    0x0800aec8   0x000001e0   Code   RO         5151    i.create_name       ff.o
    0x0800b0a8   0x0000003c   Code   RO         5152    i.dec_lock          ff.o
    0x0800b0e4   0x0000001e   Code   RO         2767    i.delay_ms          delay.o
    0x0800b102   0x0000001e   Code   RO         2768    i.delay_us          delay.o
    0x0800b120   0x0000012c   Code   RO         5153    i.dir_find          ff.o
    0x0800b24c   0x00000100   Code   RO         5154    i.dir_next          ff.o
    0x0800b34c   0x000000fc   Code   RO         5155    i.dir_read          ff.o
    0x0800b448   0x000001ac   Code   RO         5156    i.dir_register      ff.o
    0x0800b5f4   0x00000066   Code   RO         5157    i.dir_remove        ff.o
    0x0800b65a   0x00000080   Code   RO         5158    i.dir_sdi           ff.o
    0x0800b6da   0x00000016   Code   RO         5043    i.disk_initialize   diskio.o
    0x0800b6f0   0x0000000a   Code   RO         5044    i.disk_ioctl        diskio.o
    0x0800b6fa   0x00000012   Code   RO         5045    i.disk_read         diskio.o
    0x0800b70c   0x00000004   Code   RO         5046    i.disk_status       diskio.o
    0x0800b710   0x00000012   Code   RO         5047    i.disk_write        diskio.o
    0x0800b722   0x00000002   PAD
    0x0800b724   0x00000054   Code   RO         5091    i.exf_getfree       fatfs_demo.o
    0x0800b778   0x00000026   Code   RO         5160    i.f_close           ff.o
    0x0800b79e   0x00000020   Code   RO         5161    i.f_closedir        ff.o
    0x0800b7be   0x000000c4   Code   RO         5162    i.f_getfree         ff.o
    0x0800b882   0x000001a6   Code   RO         5164    i.f_lseek           ff.o
    0x0800ba28   0x00000178   Code   RO         5165    i.f_mkdir           ff.o
    0x0800bba0   0x00000534   Code   RO         5166    i.f_mkfs            ff.o
    0x0800c0d4   0x00000060   Code   RO         5167    i.f_mount           ff.o
    0x0800c134   0x000001a0   Code   RO         5168    i.f_open            ff.o
    0x0800c2d4   0x00000090   Code   RO         5169    i.f_opendir         ff.o
    0x0800c364   0x0000012a   Code   RO         5173    i.f_read            ff.o
    0x0800c48e   0x00000002   PAD
    0x0800c490   0x00000058   Code   RO         5174    i.f_readdir         ff.o
    0x0800c4e8   0x0000007c   Code   RO         5177    i.f_sync            ff.o
    0x0800c564   0x000000a8   Code   RO         5179    i.f_unlink          ff.o
    0x0800c60c   0x0000018e   Code   RO         5181    i.f_write           ff.o
    0x0800c79a   0x00000002   PAD
    0x0800c79c   0x00000038   Code   RO         5465    i.ff_convert        ccsbcs.o
    0x0800c7d4   0x00000024   Code   RO         5466    i.ff_wtoupper       ccsbcs.o
    0x0800c7f8   0x0000023c   Code   RO         5182    i.find_volume       ff.o
    0x0800ca34   0x0000003c   Code   RO         3469    i.flash_disk_read   spi_flash_interface.o
    0x0800ca70   0x0000004c   Code   RO         3470    i.flash_disk_write  spi_flash_interface.o
    0x0800cabc   0x00000044   Code   RO         3471    i.flash_initialize  spi_flash_interface.o
    0x0800cb00   0x00000028   Code   RO         3472    i.flash_ioctl       spi_flash_interface.o
    0x0800cb28   0x00000048   Code   RO         3473    i.flash_mal_read    spi_flash_interface.o
    0x0800cb70   0x000000b0   Code   RO         3474    i.flash_mal_write   spi_flash_interface.o
    0x0800cc20   0x00000066   Code   RO         5183    i.follow_path       ff.o
    0x0800cc86   0x00000002   PAD
    0x0800cc88   0x0000001c   Code   RO         3352    i.fputc             uart_drv.o
    0x0800cca4   0x00000084   Code   RO         5184    i.gen_numname       ff.o
    0x0800cd28   0x000000bc   Code   RO         5185    i.get_fat           ff.o
    0x0800cde4   0x00000004   Code   RO         5048    i.get_fattime       diskio.o
    0x0800cde8   0x000000b6   Code   RO         5186    i.get_fileinfo      ff.o
    0x0800ce9e   0x0000003c   Code   RO         5187    i.get_ldnumber      ff.o
    0x0800ceda   0x00000002   PAD
    0x0800cedc   0x00000094   Code   RO         3673    i.gpio_configuration  sfud_port.o
    0x0800cf70   0x000001a0   Code   RO         3736    i.hardware_init     sfud.o
    0x0800d110   0x00000094   Code   RO         5188    i.inc_lock          ff.o
    0x0800d1a4   0x0000000c   Code   RO         3148    i.key_get_cur_display_mode  key_drv.o
    0x0800d1b0   0x00000034   Code   RO         3149    i.key_gpio_init     key_drv.o
    0x0800d1e4   0x000000ec   Code   RO         3150    i.key_process       key_drv.o
    0x0800d2d0   0x00000098   Code   RO         3151    i.key_scan          key_drv.o
    0x0800d368   0x00000016   Code   RO         5189    i.ld_clust          ff.o
    0x0800d37e   0x00000002   PAD
    0x0800d380   0x00000074   Code   RO         2414    i.main              main.o
    0x0800d3f4   0x0000002a   Code   RO         3737    i.make_adress_byte_array  sfud.o
    0x0800d41e   0x00000010   Code   RO         5190    i.mem_cpy           ff.o
    0x0800d42e   0x0000000e   Code   RO         5191    i.mem_set           ff.o
    0x0800d43c   0x00000038   Code   RO         5192    i.move_window       ff.o
    0x0800d474   0x00000026   Code   RO         2942    i.os_timer_arm      os_timer.o
    0x0800d49a   0x000000ca   Code   RO         3738    i.page256_or_1_byte_write  sfud.o
    0x0800d564   0x000000ee   Code   RO         5193    i.put_fat           ff.o
    0x0800d652   0x00000166   Code   RO         3854    i.read_basic_table  sfud_sfdp.o
    0x0800d7b8   0x0000002e   Code   RO         3855    i.read_sfdp_data    sfud_sfdp.o
    0x0800d7e6   0x00000066   Code   RO         5195    i.remove_chain      ff.o
    0x0800d84c   0x00000008   Code   RO         3674    i.retry_delay_100us  sfud_port.o
    0x0800d854   0x00000044   Code   RO         3739    i.set_write_enabled  sfud.o
    0x0800d898   0x00000074   Code   RO         3740    i.sfud_chip_erase   sfud.o
    0x0800d90c   0x00000016   Code   RO         3741    i.sfud_device_init  sfud.o
    0x0800d922   0x000000e4   Code   RO         3742    i.sfud_erase        sfud.o
    0x0800da06   0x00000002   PAD
    0x0800da08   0x00000008   Code   RO         3746    i.sfud_get_device_table  sfud.o
    0x0800da10   0x0000002c   Code   RO         3747    i.sfud_init         sfud.o
    0x0800da3c   0x00000068   Code   RO         3748    i.sfud_read         sfud.o
    0x0800daa4   0x000000a2   Code   RO         3856    i.sfud_read_sfdp    sfud_sfdp.o
    0x0800db46   0x00000018   Code   RO         3749    i.sfud_read_status  sfud.o
    0x0800db5e   0x00000038   Code   RO         3857    i.sfud_sfdp_get_suitable_eraser  sfud_sfdp.o
    0x0800db96   0x00000002   PAD
    0x0800db98   0x000000d4   Code   RO         3677    i.sfud_spi_port_init  sfud_port.o
    0x0800dc6c   0x0000002a   Code   RO         3750    i.sfud_write        sfud.o
    0x0800dc96   0x0000004a   Code   RO         3751    i.sfud_write_status  sfud.o
    0x0800dce0   0x00000004   Code   RO         3678    i.spi_lock          sfud_port.o
    0x0800dce4   0x00000004   Code   RO         3679    i.spi_unlock        sfud_port.o
    0x0800dce8   0x00000090   Code   RO         3680    i.spi_write_read    sfud_port.o
    0x0800dd78   0x00000010   Code   RO         5196    i.st_clust          ff.o
    0x0800dd88   0x0000001a   Code   RO         5197    i.sum_sfn           ff.o
    0x0800dda2   0x000000a8   Code   RO         5198    i.sync_fs           ff.o
    0x0800de4a   0x00000052   Code   RO         5199    i.sync_window       ff.o
    0x0800de9c   0x00000050   Code   RO         3898    i.usb_main          usbapp.o
    0x0800deec   0x00000026   Code   RO         5200    i.validate          ff.o
    0x0800df12   0x0000002a   Code   RO         3752    i.wait_busy         sfud.o
    0x0800df3c   0x00000041   Data   RO         2584    .constdata          application.o
    0x0800df7d   0x000000fc   Data   RO         3014    .constdata          pm25sensor.o
    0x0800e079   0x00000003   PAD
    0x0800e07c   0x00000050   Data   RO         3530    .constdata          dht11.o
    0x0800e0cc   0x00000180   Data   RO         3753    .constdata          sfud.o
    0x0800e24c   0x00000012   Data   RO         4155    .constdata          usb_desc.o
    0x0800e25e   0x00000020   Data   RO         4156    .constdata          usb_desc.o
    0x0800e27e   0x00000004   Data   RO         4157    .constdata          usb_desc.o
    0x0800e282   0x00000026   Data   RO         4158    .constdata          usb_desc.o
    0x0800e2a8   0x00000026   Data   RO         4159    .constdata          usb_desc.o
    0x0800e2ce   0x00000010   Data   RO         4160    .constdata          usb_desc.o
    0x0800e2de   0x00000002   PAD
    0x0800e2e0   0x000000ed   Data   RO         5093    .constdata          fatfs_demo.o
    0x0800e3cd   0x00000001   PAD
    0x0800e3ce   0x000000ba   Data   RO         5202    .constdata          ff.o
    0x0800e488   0x000004c0   Data   RO         5467    .constdata          ccsbcs.o
    0x0800e948   0x00000081   Data   RO         5813    .constdata          mc_w.l(ctype_o.o)
    0x0800e9c9   0x00000003   PAD
    0x0800e9cc   0x00000004   Data   RO         5814    .constdata          mc_w.l(ctype_o.o)
    0x0800e9d0   0x000000ce   Data   RO         3754    .conststring        sfud.o
    0x0800ea9e   0x00000002   PAD
    0x0800eaa0   0x00000020   Data   RO         5862    Region$$Table       anon$$obj.o


    Execution Region RW_IRAM1 (Base: 0x20000000, Size: 0x00004d10, Max: 0x00005000, ABSOLUTE, COMPRESSED[0x00000100])

    Base Addr    Size         Type   Attr      Idx    E Section Name        Object

    0x20000000   0x00000014   Data   RW          139    .data               stm32f10x_rcc.o
    0x20000014   0x00000008   Data   RW         2658    .data               timermanager.o
    0x2000001c   0x0000000c   Data   RW         2694    .data               sdrr.o
    0x20000028   0x00000001   Data   RW         2885    .data               os_global.o
    0x20000029   0x00000003   PAD
    0x2000002c   0x00000008   Data   RW         2943    .data               os_timer.o
    0x20000034   0x0000002d   Data   RW         3015    .data               pm25sensor.o
    0x20000061   0x00000006   Data   RW         3152    .data               key_drv.o
    0x20000067   0x00000001   PAD
    0x20000068   0x00000004   Data   RW         3194    .data               led_drv.o
    0x2000006c   0x00000014   Data   RW         3262    .data               uart_queue.o
    0x20000080   0x00000011   Data   RW         3531    .data               dht11.o
    0x20000091   0x00000003   PAD
    0x20000094   0x00000014   Data   RW         3612    .data               system_stm32f10x.o
    0x200000a8   0x0000000c   Data   RW         3682    .data               sfud_port.o
    0x200000b4   0x00000074   Data   RW         3755    .data               sfud.o
    0x20000128   0x00000010   Data   RW         4012    .data               mass_mal.o
    0x20000138   0x00000038   Data   RW         4055    .data               memory.o
    0x20000170   0x00000005   Data   RW         4085    .data               scsi_data.o
    0x20000175   0x00000024   Data   RW         4086    .data               scsi_data.o
    0x20000199   0x00000024   Data   RW         4087    .data               scsi_data.o
    0x200001bd   0x00000004   Data   RW         4088    .data               scsi_data.o
    0x200001c1   0x00000008   Data   RW         4089    .data               scsi_data.o
    0x200001c9   0x00000012   Data   RW         4090    .data               scsi_data.o
    0x200001db   0x00000008   Data   RW         4091    .data               scsi_data.o
    0x200001e3   0x0000000c   Data   RW         4092    .data               scsi_data.o
    0x200001ef   0x00000001   PAD
    0x200001f0   0x0000000c   Data   RW         4115    .data               usb_bot.o
    0x200001fc   0x0000001a   Data   RW         4161    .data               usb_desc.o
    0x20000216   0x00000002   PAD
    0x20000218   0x0000001c   Data   RW         4193    .data               usb_istr.o
    0x20000234   0x0000001c   Data   RW         4194    .data               usb_istr.o
    0x20000250   0x00000002   Data   RW         4195    .data               usb_istr.o
    0x20000252   0x00000002   PAD
    0x20000254   0x0000006c   Data   RW         4226    .data               usb_prop.o
    0x200002c0   0x00000002   Data   RW         4227    .data               usb_prop.o
    0x200002c2   0x00000002   PAD
    0x200002c4   0x00000024   Data   RW         4228    .data               usb_prop.o
    0x200002e8   0x00000004   Data   RW         4325    .data               usb_pwr.o
    0x200002ec   0x00000004   Data   RW         4485    .data               usb_core.o
    0x200002f0   0x00000001   Data   RW         4587    .data               usb_init.o
    0x200002f1   0x00000003   PAD
    0x200002f4   0x0000000c   Data   RW         4588    .data               usb_init.o
    0x20000300   0x00000002   Data   RW         4590    .data               usb_init.o
    0x20000302   0x00000004   Data   RW         4613    .data               usb_int.o
    0x20000306   0x00000028   Data   RW         5094    .data               fatfs_demo.o
    0x2000032e   0x00000002   PAD
    0x20000330   0x0000000c   Data   RW         5203    .data               ff.o
    0x2000033c   0x00000004   Data   RW         5803    .data               mc_w.l(stdout.o)
    0x20000340   0x00000004   Data   RW         5843    .data               mc_w.l(errno.o)
    0x20000344   0x00001016   Zero   RW         2693    .bss                sdrr.o
    0x2000135a   0x00000002   PAD
    0x2000135c   0x00000118   Zero   RW         3013    .bss                pm25sensor.o
    0x20001474   0x00000038   Zero   RW         3193    .bss                led_drv.o
    0x200014ac   0x00000240   Zero   RW         3261    .bss                uart_queue.o
    0x200016ec   0x00001000   Zero   RW         3475    .bss                spi_flash_interface.o
    0x200026ec   0x00000038   Zero   RW         3529    .bss                dht11.o
    0x20002724   0x00001000   Zero   RW         4054    .bss                memory.o
    0x20003724   0x00000070   Zero   RW         4114    .bss                usb_bot.o
    0x20003794   0x0000001c   Zero   RW         4586    .bss                usb_init.o
    0x200037b0   0x000010d0   Zero   RW         5092    .bss                fatfs_demo.o
    0x20004880   0x0000008a   Zero   RW         5201    .bss                ff.o
    0x2000490a   0x00000006   PAD
    0x20004910   0x00000400   Zero   RW         3638    STACK               startup_stm32f10x_md.o


==============================================================================

Image component sizes


      Code (inc. data)   RO Data    RW Data    ZI Data      Debug   Object Name

       418         90         65          0          0       4783   application.o
        40         28          0          0          0       1992   bsp.o
        92         14       1216          0          0       2119   ccsbcs.o
         0          0          0          0          0         32   core_cm3.o
       244         14          0          0          0       2710   delay.o
      1080        254         80         17         56       5424   dht11.o
        76          0          0          0          0       3688   diskio.o
       340        194          0          0          0       6826   f10x_flash_if.o
      2284       1156        237         40       4304       9699   fatfs_demo.o
      8778        174        186         12        138      45015   ff.o
       222         12          0          0          0       3482   hw_config.o
       452        140          0          6          0       2452   key_drv.o
      1076         54          0          0          0       6456   lcd1602_drv.o
       614         72          0          4         56       4469   led_drv.o
       116         70          0          0          0       7949   main.o
       108          8          0         16          0       3078   mass_mal.o
       500         50          0         56       4096       3618   memory.o
       344        102          0          0          0     259641   misc.o
       176         54          0          1          0      18519   os_global.o
       208         14          0          8          0       3081   os_timer.o
      2948        428        252         45        280      15940   pm25sensor.o
         0          0          0          0          0        732   rom_flash_interface.o
         0          0          0        127          0        990   scsi_data.o
       720        240          0         12       4118       3744   sdrr.o
      1688         16        590        116          0      18344   sfud.o
       520         52          0         12          0       8721   sfud_port.o
       622          0          0          0          0       4305   sfud_sfdp.o
       492        136          0          0       4096       4993   spi_flash_interface.o
        36          8        236          0       1024        756   startup_stm32f10x_md.o
        60         36          0          0          0        487   stm32f10x_bkp.o
       160         84          0          0          0       1033   stm32f10x_flash.o
      1080        308          0          0          0       4456   stm32f10x_gpio.o
        28          0          0          0          0       7419   stm32f10x_it.o
        60         36          0          0          0        490   stm32f10x_pwr.o
      1576        574          0         20          0      11728   stm32f10x_rcc.o
       820        226          0          0          0       4017   stm32f10x_spi.o
       642        192          0          0          0       2622   stm32f10x_tim.o
      1512        400          0          0          0       6473   stm32f10x_usart.o
       228         26          0         20          0       1685   system_stm32f10x.o
        88         22          0          8          0      16925   timermanager.o
       348         20          0          0          0       3040   uart_drv.o
       280         32          0         20        576       3001   uart_queue.o
       818         78          0         12        112       4923   usb_bot.o
      2170        280          0          4          0      13847   usb_core.o
         0          0        146         26          0        892   usb_desc.o
         8          0          0          0          0        805   usb_endp.o
        40         18          0         15         28       3922   usb_init.o
       436         44          0          4          0       2081   usb_int.o
        72         18          0         58          0       1260   usb_istr.o
        68         10          0          0          0       1656   usb_mem.o
       594        126          0        146          0      10594   usb_prop.o
        44          8          0          4          0       1897   usb_pwr.o
       558        106          0          0          0       8718   usb_regs.o
       872        130          0          0          0       9079   usb_scsi.o
       108          8          0          0          0       1930   usb_sil.o
        80         28          0          0          0        479   usbapp.o

    ----------------------------------------------------------------------
     36992       6190       3048        828      18892     579017   Object Totals
         0          0         32          0          0          0   (incl. Generated)
        48          0          8         19          8          0   (incl. Padding)

    ----------------------------------------------------------------------

      Code (inc. data)   RO Data    RW Data    ZI Data      Debug   Library Member Name

        92          0          0          0          0          0   __dczerorl2.o
        28          0          0          0          0         68   _chval.o
       158          0          0          0          0         92   _strtoul.o
         8          4        133          0          0         68   ctype_o.o
         0          0          0          0          0          0   entry.o
         8          4          0          0          0          0   entry2.o
         4          0          0          0          0          0   entry5.o
         0          0          0          0          0          0   entry7b.o
         8          4          0          0          0          0   entry8.o
         8          4          0          4          0         68   errno.o
        30          0          0          0          0          0   handlers.o
        36          8          0          0          0         68   init.o
         0          0          0          0          0          0   iusefp.o
        30          0          0          0          0         68   llshl.o
        36          0          0          0          0         68   llsshr.o
        32          0          0          0          0         68   llushr.o
        36          0          0          0          0         68   memcpya.o
        38          0          0          0          0        108   memseta.o
      1236         60          0          0          0        504   printf8.o
         0          0          0          4          0          0   stdout.o
        16          0          0          0          0         68   strlen.o
        24          0          0          0          0         76   strncpy.o
        32          0          0          0          0         68   strrchr.o
        44          0          0          0          0         80   strstr.o
       112          0          0          0          0         88   strtol.o
        98          0          0          0          0         92   uldiv.o
        20          0          0          0          0         68   cfcmple.o
        20          0          0          0          0         68   cfrcmple.o
       332          0          0          0          0        148   dadd.o
       222          0          0          0          0        100   ddiv.o
       190          0          0          0          0        176   depilogue.o
        46          0          0          0          0         68   dfixui.o
        26          0          0          0          0         76   dfltui.o
       224          0          0          0          0         96   dmul.o
        44          0          0          0          0         68   f2d.o
       176          0          0          0          0        140   fadd.o
       108          0          0          0          0        168   fepilogue.o
        10          0          0          0          0         68   ffltui.o

    ----------------------------------------------------------------------
      3536         84        136          8          0       2964   Library Totals
         4          0          3          0          0          0   (incl. Padding)

    ----------------------------------------------------------------------

      Code (inc. data)   RO Data    RW Data    ZI Data      Debug   Library Name

      2114         84        133          8          0       1720   mc_w.l
      1418          0          0          0          0       1244   mf_w.l

    ----------------------------------------------------------------------
      3536         84        136          8          0       2964   Library Totals

    ----------------------------------------------------------------------

==============================================================================


      Code (inc. data)   RO Data    RW Data    ZI Data      Debug   

     40528       6274       3184        836      18892     562949   Grand Totals
     40528       6274       3184        256      18892     562949   ELF Image Totals (compressed)
     40528       6274       3184        256          0          0   ROM Totals

==============================================================================

    Total RO  Size (Code + RO Data)                43712 (  42.69kB)
    Total RW  Size (RW Data + ZI Data)             19728 (  19.27kB)
    Total ROM Size (Code + RO Data + RW Data)      43968 (  42.94kB)

==============================================================================

