<html>
<body>
<pre>
<h1>µVision Build Log</h1>
<h2>Project:</h2>
I:\project\GitHub\4-PM25Sensor_C8T6_0513\Project\1_PM25Sensor_0221.uvproj
Project File Date:  06/22/2017

<h2>Output:</h2>
Build target 'Target 1'
compiling main.c...
..\User\src\main.c(25): warning:  #177-D: variable "key_result" was declared but never referenced
linking...
Program Size: Code=11808 RO-data=428 RW-data=640 ZI-data=9608  
FromELF: creating hex file...
".\Obj\1_PM25Sensor_0221.axf" - 0 Error(s), 1 Warning(s).
Build target 'Target 1'
compiling main.c...
linking...
Program Size: Code=40048 RO-data=3184 RW-data=820 ZI-data=18860  
FromELF: creating hex file...
".\Obj\1_PM25Sensor_0221.axf" - 0 Error(s), 0 Warning(s).
