<html>
<body>
<pre>
<h1>µVision Build Log</h1>
<h2>Project:</h2>
I:\project\GitHub\4-PM25Sensor_C8T6_0513\Project\1_PM25Sensor_0221.uvproj
Project File Date:  06/22/2017

<h2>Output:</h2>
Build target 'Target 1'
compiling PM25Sensor.c...
compiling DHT11.c...
linking...
Program Size: Code=40524 RO-data=3184 RW-data=836 ZI-data=18892  
FromELF: creating hex file...
".\Obj\1_PM25Sensor_0221.axf" - 0 Error(s), 0 Warning(s).
Build target 'Target 1'
compiling main.c...
compiling Application.c...
compiling SDRR.c...
compiling F10X_Flash_If.c...
compiling LCD1602_Drv.c...
compiling my_debug.c...
compiling os_global.c...
compiling os_timer.c...
compiling PM25Sensor.c...
compiling Key_Drv.c...
compiling LED_Drv.c...
compiling uart_queue.c...
compiling Uart_Drv.c...
compiling rom_flash_interface.c...
compiling spi_flash_interface.c...
compiling DHT11.c...
compiling stm32f1_temp_sensor.c...
..\Driver\src\stm32f1_temp_sensor.c(120): warning:  #177-D: function "Get_Adc_Average" was declared but never referenced
compiling sfud_port.c...
compiling sfud_demo.c...
compiling UsbApp.c...
compiling hw_config.c...
compiling mass_mal.c...
compiling memory.c...
compiling usb_prop.c...
compiling usb_scsi.c...
compiling diskio.c...
compiling fatfs_demo.c...
linking...
Program Size: Code=40524 RO-data=3184 RW-data=836 ZI-data=18892  
FromELF: creating hex file...
".\Obj\1_PM25Sensor_0221.axf" - 0 Error(s), 1 Warning(s).
Build target 'Target 1'
linking...
Program Size: Code=40524 RO-data=3184 RW-data=836 ZI-data=18892  
FromELF: creating hex file...
".\Obj\1_PM25Sensor_0221.axf" - 0 Error(s), 0 Warning(s).
Load "I:\\project\\GitHub\\4-PM25Sensor_C8T6_0513\\Project\\Obj\\1_PM25Sensor_0221.AXF" 
Load "I:\\project\\GitHub\\4-PM25Sensor_C8T6_0513\\Project\\Obj\\1_PM25Sensor_0221.AXF" 
Erase Done.
Programming Done.
Verify OK.
Build target 'Target 1'
compiling DHT11.c...
linking...
Program Size: Code=40524 RO-data=3184 RW-data=836 ZI-data=18892  
FromELF: creating hex file...
".\Obj\1_PM25Sensor_0221.axf" - 0 Error(s), 0 Warning(s).
Load "I:\\project\\GitHub\\4-PM25Sensor_C8T6_0513\\Project\\Obj\\1_PM25Sensor_0221.AXF" 
Erase Done.
Programming Done.
Verify OK.
Build target 'Target 1'
compiling SDRR.c...
linking...
Program Size: Code=40512 RO-data=3184 RW-data=836 ZI-data=18892  
FromELF: creating hex file...
".\Obj\1_PM25Sensor_0221.axf" - 0 Error(s), 0 Warning(s).
Build target 'Target 1'
linking...
Program Size: Code=40512 RO-data=3184 RW-data=836 ZI-data=18892  
FromELF: creating hex file...
".\Obj\1_PM25Sensor_0221.axf" - 0 Error(s), 0 Warning(s).
Load "I:\\project\\GitHub\\4-PM25Sensor_C8T6_0513\\Project\\Obj\\1_PM25Sensor_0221.AXF" 
Erase Done.
Programming Done.
Verify OK.
Build target 'Target 1'
compiling SDRR.c...
linking...
Program Size: Code=40512 RO-data=3184 RW-data=836 ZI-data=18892  
FromELF: creating hex file...
".\Obj\1_PM25Sensor_0221.axf" - 0 Error(s), 0 Warning(s).
Load "I:\\project\\GitHub\\4-PM25Sensor_C8T6_0513\\Project\\Obj\\1_PM25Sensor_0221.AXF" 
Erase Done.
Programming Done.
Verify OK.
Build target 'Target 1'
compiling main.c...
compiling Application.c...
compiling SDRR.c...
compiling F10X_Flash_If.c...
compiling LCD1602_Drv.c...
compiling my_debug.c...
compiling os_global.c...
compiling os_timer.c...
compiling PM25Sensor.c...
compiling Key_Drv.c...
compiling LED_Drv.c...
compiling uart_queue.c...
compiling Uart_Drv.c...
compiling rom_flash_interface.c...
compiling spi_flash_interface.c...
compiling DHT11.c...
compiling stm32f1_temp_sensor.c...
..\Driver\src\stm32f1_temp_sensor.c(120): warning:  #177-D: function "Get_Adc_Average" was declared but never referenced
compiling sfud_port.c...
compiling sfud_demo.c...
compiling UsbApp.c...
compiling hw_config.c...
compiling mass_mal.c...
compiling memory.c...
compiling usb_prop.c...
compiling usb_scsi.c...
compiling diskio.c...
compiling fatfs_demo.c...
linking...
Program Size: Code=40544 RO-data=3184 RW-data=836 ZI-data=18892  
FromELF: creating hex file...
".\Obj\1_PM25Sensor_0221.axf" - 0 Error(s), 1 Warning(s).
Build target 'Target 1'
linking...
Program Size: Code=40544 RO-data=3184 RW-data=836 ZI-data=18892  
FromELF: creating hex file...
".\Obj\1_PM25Sensor_0221.axf" - 0 Error(s), 0 Warning(s).
