ARM Linker, 4.1 [Build 894] [Professional (MDK + RL-ARM)]

==============================================================================

Section Cross References

    misc.o(i.NVIC_Init) refers to os_global.o(i.assert_failed) for assert_failed
    misc.o(i.NVIC_PriorityGroupConfig) refers to os_global.o(i.assert_failed) for assert_failed
    misc.o(i.NVIC_SetVectorTable) refers to os_global.o(i.assert_failed) for assert_failed
    misc.o(i.NVIC_SystemLPConfig) refers to os_global.o(i.assert_failed) for assert_failed
    misc.o(i.SysTick_CLKSourceConfig) refers to os_global.o(i.assert_failed) for assert_failed
    stm32f10x_rcc.o(i.RCC_ADCCLKConfig) refers to os_global.o(i.assert_failed) for assert_failed
    stm32f10x_rcc.o(i.RCC_AHBPeriphClockCmd) refers to os_global.o(i.assert_failed) for assert_failed
    stm32f10x_rcc.o(i.RCC_APB1PeriphClockCmd) refers to os_global.o(i.assert_failed) for assert_failed
    stm32f10x_rcc.o(i.RCC_APB1PeriphResetCmd) refers to os_global.o(i.assert_failed) for assert_failed
    stm32f10x_rcc.o(i.RCC_APB2PeriphClockCmd) refers to os_global.o(i.assert_failed) for assert_failed
    stm32f10x_rcc.o(i.RCC_APB2PeriphResetCmd) refers to os_global.o(i.assert_failed) for assert_failed
    stm32f10x_rcc.o(i.RCC_AdjustHSICalibrationValue) refers to os_global.o(i.assert_failed) for assert_failed
    stm32f10x_rcc.o(i.RCC_BackupResetCmd) refers to os_global.o(i.assert_failed) for assert_failed
    stm32f10x_rcc.o(i.RCC_ClearITPendingBit) refers to os_global.o(i.assert_failed) for assert_failed
    stm32f10x_rcc.o(i.RCC_ClockSecuritySystemCmd) refers to os_global.o(i.assert_failed) for assert_failed
    stm32f10x_rcc.o(i.RCC_GetClocksFreq) refers to stm32f10x_rcc.o(.data) for .data
    stm32f10x_rcc.o(i.RCC_GetFlagStatus) refers to os_global.o(i.assert_failed) for assert_failed
    stm32f10x_rcc.o(i.RCC_GetITStatus) refers to os_global.o(i.assert_failed) for assert_failed
    stm32f10x_rcc.o(i.RCC_HCLKConfig) refers to os_global.o(i.assert_failed) for assert_failed
    stm32f10x_rcc.o(i.RCC_HSEConfig) refers to os_global.o(i.assert_failed) for assert_failed
    stm32f10x_rcc.o(i.RCC_HSICmd) refers to os_global.o(i.assert_failed) for assert_failed
    stm32f10x_rcc.o(i.RCC_ITConfig) refers to os_global.o(i.assert_failed) for assert_failed
    stm32f10x_rcc.o(i.RCC_LSEConfig) refers to os_global.o(i.assert_failed) for assert_failed
    stm32f10x_rcc.o(i.RCC_LSICmd) refers to os_global.o(i.assert_failed) for assert_failed
    stm32f10x_rcc.o(i.RCC_MCOConfig) refers to os_global.o(i.assert_failed) for assert_failed
    stm32f10x_rcc.o(i.RCC_PCLK1Config) refers to os_global.o(i.assert_failed) for assert_failed
    stm32f10x_rcc.o(i.RCC_PCLK2Config) refers to os_global.o(i.assert_failed) for assert_failed
    stm32f10x_rcc.o(i.RCC_PLLCmd) refers to os_global.o(i.assert_failed) for assert_failed
    stm32f10x_rcc.o(i.RCC_PLLConfig) refers to os_global.o(i.assert_failed) for assert_failed
    stm32f10x_rcc.o(i.RCC_RTCCLKCmd) refers to os_global.o(i.assert_failed) for assert_failed
    stm32f10x_rcc.o(i.RCC_RTCCLKConfig) refers to os_global.o(i.assert_failed) for assert_failed
    stm32f10x_rcc.o(i.RCC_SYSCLKConfig) refers to os_global.o(i.assert_failed) for assert_failed
    stm32f10x_rcc.o(i.RCC_USBCLKConfig) refers to os_global.o(i.assert_failed) for assert_failed
    stm32f10x_rcc.o(i.RCC_WaitForHSEStartUp) refers to stm32f10x_rcc.o(i.RCC_GetFlagStatus) for RCC_GetFlagStatus
    stm32f10x_gpio.o(i.GPIO_AFIODeInit) refers to stm32f10x_rcc.o(i.RCC_APB2PeriphResetCmd) for RCC_APB2PeriphResetCmd
    stm32f10x_gpio.o(i.GPIO_DeInit) refers to os_global.o(i.assert_failed) for assert_failed
    stm32f10x_gpio.o(i.GPIO_DeInit) refers to stm32f10x_rcc.o(i.RCC_APB2PeriphResetCmd) for RCC_APB2PeriphResetCmd
    stm32f10x_gpio.o(i.GPIO_ETH_MediaInterfaceConfig) refers to os_global.o(i.assert_failed) for assert_failed
    stm32f10x_gpio.o(i.GPIO_EXTILineConfig) refers to os_global.o(i.assert_failed) for assert_failed
    stm32f10x_gpio.o(i.GPIO_EventOutputCmd) refers to os_global.o(i.assert_failed) for assert_failed
    stm32f10x_gpio.o(i.GPIO_EventOutputConfig) refers to os_global.o(i.assert_failed) for assert_failed
    stm32f10x_gpio.o(i.GPIO_Init) refers to os_global.o(i.assert_failed) for assert_failed
    stm32f10x_gpio.o(i.GPIO_PinLockConfig) refers to os_global.o(i.assert_failed) for assert_failed
    stm32f10x_gpio.o(i.GPIO_PinRemapConfig) refers to os_global.o(i.assert_failed) for assert_failed
    stm32f10x_gpio.o(i.GPIO_ReadInputData) refers to os_global.o(i.assert_failed) for assert_failed
    stm32f10x_gpio.o(i.GPIO_ReadInputDataBit) refers to os_global.o(i.assert_failed) for assert_failed
    stm32f10x_gpio.o(i.GPIO_ReadOutputData) refers to os_global.o(i.assert_failed) for assert_failed
    stm32f10x_gpio.o(i.GPIO_ReadOutputDataBit) refers to os_global.o(i.assert_failed) for assert_failed
    stm32f10x_gpio.o(i.GPIO_ResetBits) refers to os_global.o(i.assert_failed) for assert_failed
[...]
    uldiv.o(.text) refers to llushr.o(.text) for __aeabi_llsr
    uldiv.o(.text) refers to llshl.o(.text) for __aeabi_llsl
    depilogue.o(.text) refers to llshl.o(.text) for __aeabi_llsl
    depilogue.o(.text) refers to llushr.o(.text) for __aeabi_llsr
    dfixul.o(.text) refers to llushr.o(.text) for __aeabi_llsr
    dfixul.o(.text) refers to llshl.o(.text) for __aeabi_llsl
    init.o(.text) refers to entry5.o(.ARM.Collect$$$$00000004) for __main_after_scatterload


==============================================================================

Removing Unused input sections from the image.

    Removing misc.o(i.NVIC_PriorityGroupConfig), (84 bytes).
    Removing misc.o(i.NVIC_SystemLPConfig), (84 bytes).
    Removing misc.o(i.SysTick_CLKSourceConfig), (64 bytes).
    Removing stm32f10x_rcc.o(i.RCC_ADCCLKConfig), (84 bytes).
    Removing stm32f10x_rcc.o(i.RCC_AHBPeriphClockCmd), (96 bytes).
    Removing stm32f10x_rcc.o(i.RCC_APB1PeriphResetCmd), (96 bytes).
    Removing stm32f10x_rcc.o(i.RCC_APB2PeriphResetCmd), (96 bytes).
    Removing stm32f10x_rcc.o(i.RCC_AdjustHSICalibrationValue), (72 bytes).
    Removing stm32f10x_rcc.o(i.RCC_BackupResetCmd), (64 bytes).
    Removing stm32f10x_rcc.o(i.RCC_ClearFlag), (16 bytes).
    Removing stm32f10x_rcc.o(i.RCC_ClearITPendingBit), (64 bytes).
    Removing stm32f10x_rcc.o(i.RCC_ClockSecuritySystemCmd), (64 bytes).
    Removing stm32f10x_rcc.o(i.RCC_GetITStatus), (92 bytes).
    Removing stm32f10x_rcc.o(i.RCC_HSEConfig), (112 bytes).
    Removing stm32f10x_rcc.o(i.RCC_ITConfig), (92 bytes).
    Removing stm32f10x_rcc.o(i.RCC_LSEConfig), (92 bytes).
    Removing stm32f10x_rcc.o(i.RCC_LSICmd), (64 bytes).
    Removing stm32f10x_rcc.o(i.RCC_MCOConfig), (76 bytes).
    Removing stm32f10x_rcc.o(i.RCC_RTCCLKCmd), (64 bytes).
    Removing stm32f10x_rcc.o(i.RCC_RTCCLKConfig), (80 bytes).
    Removing stm32f10x_rcc.o(i.RCC_USBCLKConfig), (64 bytes).
    Removing stm32f10x_rcc.o(i.RCC_WaitForHSEStartUp), (38 bytes).
    Removing stm32f10x_gpio.o(i.GPIO_AFIODeInit), (22 bytes).
    Removing stm32f10x_gpio.o(i.GPIO_DeInit), (264 bytes).
    Removing stm32f10x_gpio.o(i.GPIO_ETH_MediaInterfaceConfig), (64 bytes).
    Removing stm32f10x_gpio.o(i.GPIO_EXTILineConfig), (184 bytes).
    Removing stm32f10x_gpio.o(i.GPIO_EventOutputCmd), (64 bytes).
    Removing stm32f10x_gpio.o(i.GPIO_EventOutputConfig), (164 bytes).
    Removing stm32f10x_gpio.o(i.GPIO_PinLockConfig), (148 bytes).
    Removing stm32f10x_gpio.o(i.GPIO_PinRemapConfig), (484 bytes).
    Removing stm32f10x_gpio.o(i.GPIO_ReadInputData), (124 bytes).
    Removing stm32f10x_gpio.o(i.GPIO_ReadInputDataBit), (224 bytes).
    Removing stm32f10x_gpio.o(i.GPIO_ReadOutputData), (124 bytes).
    Removing stm32f10x_gpio.o(i.GPIO_ReadOutputDataBit), (224 bytes).
    Removing stm32f10x_gpio.o(i.GPIO_StructInit), (16 bytes).
    Removing stm32f10x_gpio.o(i.GPIO_Write), (124 bytes).
    Removing stm32f10x_fsmc.o(i.FSMC_ClearFlag), (124 bytes).
    Removing stm32f10x_fsmc.o(i.FSMC_ClearITPendingBit), (128 bytes).
    Removing stm32f10x_fsmc.o(i.FSMC_GetECC), (18 bytes).
    Removing stm32f10x_fsmc.o(i.FSMC_GetFlagStatus), (136 bytes).
    Removing stm32f10x_fsmc.o(i.FSMC_GetITStatus), (136 bytes).
    Removing stm32f10x_fsmc.o(i.FSMC_ITConfig), (184 bytes).
    Removing stm32f10x_fsmc.o(i.FSMC_NANDCmd), (128 bytes).
    Removing stm32f10x_fsmc.o(i.FSMC_NANDDeInit), (92 bytes).
    Removing stm32f10x_fsmc.o(i.FSMC_NANDECCCmd), (128 bytes).
    Removing stm32f10x_fsmc.o(i.FSMC_NANDInit), (436 bytes).
    Removing stm32f10x_fsmc.o(i.FSMC_NANDStructInit), (54 bytes).
    Removing stm32f10x_fsmc.o(i.FSMC_NORSRAMCmd), (108 bytes).
    Removing stm32f10x_fsmc.o(i.FSMC_NORSRAMDeInit), (92 bytes).
    Removing stm32f10x_fsmc.o(i.FSMC_NORSRAMInit), (712 bytes).
    Removing stm32f10x_fsmc.o(i.FSMC_NORSRAMStructInit), (98 bytes).
    Removing stm32f10x_fsmc.o(i.FSMC_PCCARDCmd), (80 bytes).
    Removing stm32f10x_fsmc.o(i.FSMC_PCCARDDeInit), (28 bytes).
    Removing stm32f10x_fsmc.o(i.FSMC_PCCARDInit), (416 bytes).
    Removing stm32f10x_fsmc.o(i.FSMC_PCCARDStructInit), (60 bytes).
    Removing stm32f10x_usart.o(i.USART_ClearFlag), (160 bytes).
    Removing stm32f10x_usart.o(i.USART_ClearITPendingBit), (188 bytes).
    Removing stm32f10x_usart.o(i.USART_ClockInit), (192 bytes).
    Removing stm32f10x_usart.o(i.USART_ClockStructInit), (12 bytes).
    Removing stm32f10x_usart.o(i.USART_DMACmd), (152 bytes).
    Removing stm32f10x_usart.o(i.USART_DeInit), (192 bytes).
    Removing stm32f10x_usart.o(i.USART_GetFlagStatus), (196 bytes).
    Removing stm32f10x_usart.o(i.USART_HalfDuplexCmd), (136 bytes).
    Removing stm32f10x_usart.o(i.USART_IrDACmd), (136 bytes).
    Removing stm32f10x_usart.o(i.USART_IrDAConfig), (136 bytes).
    Removing stm32f10x_usart.o(i.USART_LINBreakDetectLengthConfig), (136 bytes).
    Removing stm32f10x_usart.o(i.USART_LINCmd), (136 bytes).
    Removing stm32f10x_usart.o(i.USART_OneBitMethodCmd), (136 bytes).
    Removing stm32f10x_usart.o(i.USART_OverSampling8Cmd), (136 bytes).
    Removing stm32f10x_usart.o(i.USART_ReceiverWakeUpCmd), (136 bytes).
    Removing stm32f10x_usart.o(i.USART_SendBreak), (112 bytes).
    Removing stm32f10x_usart.o(i.USART_SetAddress), (132 bytes).
    Removing stm32f10x_usart.o(i.USART_SetGuardTime), (100 bytes).
    Removing stm32f10x_usart.o(i.USART_SetPrescaler), (120 bytes).
    Removing stm32f10x_usart.o(i.USART_SmartCardCmd), (116 bytes).
    Removing stm32f10x_usart.o(i.USART_SmartCardNACKCmd), (116 bytes).
    Removing stm32f10x_usart.o(i.USART_StructInit), (22 bytes).
    Removing stm32f10x_usart.o(i.USART_WakeUpConfig), (136 bytes).
    Removing stm32f10x_tim.o(i.TI1_Config), (104 bytes).
    Removing stm32f10x_tim.o(i.TI2_Config), (120 bytes).
    Removing stm32f10x_tim.o(i.TIM_ARRPreloadConfig), (248 bytes).
    Removing stm32f10x_tim.o(i.TIM_BDTRConfig), (264 bytes).
    Removing stm32f10x_tim.o(i.TIM_BDTRStructInit), (18 bytes).
    Removing stm32f10x_tim.o(i.TIM_CCPreloadControl), (148 bytes).
    Removing stm32f10x_tim.o(i.TIM_CCxCmd), (256 bytes).
    Removing stm32f10x_tim.o(i.TIM_CCxNCmd), (156 bytes).
    Removing stm32f10x_tim.o(i.TIM_ClearFlag), (240 bytes).
    Removing stm32f10x_tim.o(i.TIM_ClearITPendingBit), (236 bytes).
    Removing stm32f10x_tim.o(i.TIM_ClearOC1Ref), (132 bytes).
    Removing stm32f10x_tim.o(i.TIM_ClearOC2Ref), (136 bytes).
    Removing stm32f10x_tim.o(i.TIM_ClearOC3Ref), (132 bytes).
    Removing stm32f10x_tim.o(i.TIM_ClearOC4Ref), (136 bytes).
    Removing stm32f10x_tim.o(i.TIM_CounterModeConfig), (144 bytes).
    Removing stm32f10x_tim.o(i.TIM_CtrlPWMOutputs), (136 bytes).
    Removing stm32f10x_tim.o(i.TIM_DMACmd), (204 bytes).
    Removing stm32f10x_tim.o(i.TIM_DMAConfig), (344 bytes).
    Removing stm32f10x_tim.o(i.TIM_DeInit), (512 bytes).
    Removing stm32f10x_tim.o(i.TIM_ETRClockMode1Config), (196 bytes).
    Removing stm32f10x_tim.o(i.TIM_ETRClockMode2Config), (196 bytes).
    Removing stm32f10x_tim.o(i.TIM_ETRConfig), (192 bytes).
    Removing stm32f10x_tim.o(i.TIM_EncoderInterfaceConfig), (220 bytes).
    Removing stm32f10x_tim.o(i.TIM_ForcedOC1Config), (224 bytes).
    Removing stm32f10x_tim.o(i.TIM_ForcedOC2Config), (168 bytes).
    Removing stm32f10x_tim.o(i.TIM_ForcedOC3Config), (136 bytes).
    Removing stm32f10x_tim.o(i.TIM_ForcedOC4Config), (136 bytes).
    Removing stm32f10x_tim.o(i.TIM_GenerateEvent), (236 bytes).
    Removing stm32f10x_tim.o(i.TIM_GetCapture1), (196 bytes).
    Removing stm32f10x_tim.o(i.TIM_GetCapture2), (136 bytes).
    Removing stm32f10x_tim.o(i.TIM_GetCapture3), (108 bytes).
    Removing stm32f10x_tim.o(i.TIM_GetCapture4), (108 bytes).
    Removing stm32f10x_tim.o(i.TIM_GetCounter), (216 bytes).
    Removing stm32f10x_tim.o(i.TIM_GetFlagStatus), (296 bytes).
    Removing stm32f10x_tim.o(i.TIM_GetITStatus), (280 bytes).
    Removing stm32f10x_tim.o(i.TIM_GetPrescaler), (216 bytes).
    Removing stm32f10x_tim.o(i.TIM_ICInit), (776 bytes).
    Removing stm32f10x_tim.o(i.TIM_ICStructInit), (16 bytes).
    Removing stm32f10x_tim.o(i.TIM_ITConfig), (264 bytes).
    Removing stm32f10x_tim.o(i.TIM_ITRxExternalClockConfig), (176 bytes).
    Removing stm32f10x_tim.o(i.TIM_InternalClockConfig), (144 bytes).
    Removing stm32f10x_tim.o(i.TIM_OC1FastConfig), (224 bytes).
    Removing stm32f10x_tim.o(i.TIM_OC1Init), (452 bytes).
    Removing stm32f10x_tim.o(i.TIM_OC1NPolarityConfig), (128 bytes).
    Removing stm32f10x_tim.o(i.TIM_OC1PolarityConfig), (224 bytes).
    Removing stm32f10x_tim.o(i.TIM_OC1PreloadConfig), (224 bytes).
    Removing stm32f10x_tim.o(i.TIM_OC2FastConfig), (164 bytes).
    Removing stm32f10x_tim.o(i.TIM_OC2Init), (400 bytes).
    Removing stm32f10x_tim.o(i.TIM_OC2NPolarityConfig), (100 bytes).
    Removing stm32f10x_tim.o(i.TIM_OC2PolarityConfig), (164 bytes).
    Removing stm32f10x_tim.o(i.TIM_OC2PreloadConfig), (164 bytes).
    Removing stm32f10x_tim.o(i.TIM_OC3FastConfig), (132 bytes).
    Removing stm32f10x_tim.o(i.TIM_OC3Init), (368 bytes).
    Removing stm32f10x_tim.o(i.TIM_OC3NPolarityConfig), (100 bytes).
    Removing stm32f10x_tim.o(i.TIM_OC3PolarityConfig), (136 bytes).
    Removing stm32f10x_tim.o(i.TIM_OC3PreloadConfig), (132 bytes).
    Removing stm32f10x_tim.o(i.TIM_OC4FastConfig), (136 bytes).
    Removing stm32f10x_tim.o(i.TIM_OC4Init), (284 bytes).
    Removing stm32f10x_tim.o(i.TIM_OC4PolarityConfig), (136 bytes).
    Removing stm32f10x_tim.o(i.TIM_OC4PreloadConfig), (136 bytes).
    Removing stm32f10x_tim.o(i.TIM_OCStructInit), (20 bytes).
    Removing stm32f10x_tim.o(i.TIM_PWMIConfig), (236 bytes).
    Removing stm32f10x_tim.o(i.TIM_PrescalerConfig), (240 bytes).
    Removing stm32f10x_tim.o(i.TIM_SelectCCDMA), (168 bytes).
    Removing stm32f10x_tim.o(i.TIM_SelectCOM), (132 bytes).
    Removing stm32f10x_tim.o(i.TIM_SelectHallSensor), (168 bytes).
    Removing stm32f10x_tim.o(i.TIM_SelectInputTrigger), (188 bytes).
    Removing stm32f10x_tim.o(i.TIM_SelectMasterSlaveMode), (168 bytes).
    Removing stm32f10x_tim.o(i.TIM_SelectOCxM), (328 bytes).
    Removing stm32f10x_tim.o(i.TIM_SelectOnePulseMode), (248 bytes).
    Removing stm32f10x_tim.o(i.TIM_SelectOutputTrigger), (212 bytes).
    Removing stm32f10x_tim.o(i.TIM_SelectSlaveMode), (176 bytes).
    Removing stm32f10x_tim.o(i.TIM_SetAutoreload), (220 bytes).
    Removing stm32f10x_tim.o(i.TIM_SetClockDivision), (236 bytes).
    Removing stm32f10x_tim.o(i.TIM_SetCompare1), (200 bytes).
    Removing stm32f10x_tim.o(i.TIM_SetCompare2), (140 bytes).
    Removing stm32f10x_tim.o(i.TIM_SetCompare3), (108 bytes).
    Removing stm32f10x_tim.o(i.TIM_SetCompare4), (112 bytes).
    Removing stm32f10x_tim.o(i.TIM_SetCounter), (220 bytes).
    Removing stm32f10x_tim.o(i.TIM_SetIC1Prescaler), (236 bytes).
    Removing stm32f10x_tim.o(i.TIM_SetIC2Prescaler), (176 bytes).
    Removing stm32f10x_tim.o(i.TIM_SetIC3Prescaler), (144 bytes).
    Removing stm32f10x_tim.o(i.TIM_SetIC4Prescaler), (148 bytes).
    Removing stm32f10x_tim.o(i.TIM_TIxExternalClockConfig), (236 bytes).
    Removing stm32f10x_tim.o(i.TIM_UpdateDisableConfig), (248 bytes).
    Removing stm32f10x_tim.o(i.TIM_UpdateRequestConfig), (248 bytes).
    Removing stm32f10x_pwr.o(i.PWR_BackupAccessCmd), (60 bytes).
    Removing stm32f10x_pwr.o(i.PWR_ClearFlag), (72 bytes).
    Removing stm32f10x_pwr.o(i.PWR_DeInit), (24 bytes).
    Removing stm32f10x_pwr.o(i.PWR_EnterSTANDBYMode), (40 bytes).
    Removing stm32f10x_pwr.o(i.PWR_EnterSTOPMode), (120 bytes).
    Removing stm32f10x_pwr.o(i.PWR_GetFlagStatus), (80 bytes).
    Removing stm32f10x_pwr.o(i.PWR_PVDCmd), (60 bytes).
    Removing stm32f10x_pwr.o(i.PWR_PVDLevelConfig), (92 bytes).
    Removing stm32f10x_pwr.o(i.PWR_WakeUpPinCmd), (60 bytes).
    Removing stm32f10x_flash.o(i.FLASH_ClearFlag), (68 bytes).
    Removing stm32f10x_flash.o(i.FLASH_EnableWriteProtection), (224 bytes).
    Removing stm32f10x_flash.o(i.FLASH_EraseAllBank1Pages), (56 bytes).
    Removing stm32f10x_flash.o(i.FLASH_EraseAllPages), (56 bytes).
    Removing stm32f10x_flash.o(i.FLASH_EraseOptionBytes), (124 bytes).
    Removing stm32f10x_flash.o(i.FLASH_ErasePage), (120 bytes).
    Removing stm32f10x_flash.o(i.FLASH_GetBank1Status), (40 bytes).
    Removing stm32f10x_flash.o(i.FLASH_GetFlagStatus), (92 bytes).
    Removing stm32f10x_flash.o(i.FLASH_GetPrefetchBufferStatus), (20 bytes).
    Removing stm32f10x_flash.o(i.FLASH_GetReadOutProtectionStatus), (20 bytes).
    Removing stm32f10x_flash.o(i.FLASH_GetStatus), (40 bytes).
    Removing stm32f10x_flash.o(i.FLASH_GetUserOptionByte), (12 bytes).
    Removing stm32f10x_flash.o(i.FLASH_GetWriteProtectionOptionByte), (12 bytes).
    Removing stm32f10x_flash.o(i.FLASH_HalfCycleAccessCmd), (80 bytes).
    Removing stm32f10x_flash.o(i.FLASH_ITConfig), (96 bytes).
    Removing stm32f10x_flash.o(i.FLASH_Lock), (16 bytes).
    Removing stm32f10x_flash.o(i.FLASH_LockBank1), (16 bytes).
    Removing stm32f10x_flash.o(i.FLASH_ProgramHalfWord), (116 bytes).
    Removing stm32f10x_flash.o(i.FLASH_ProgramOptionByteData), (140 bytes).
    Removing stm32f10x_flash.o(i.FLASH_ProgramWord), (132 bytes).
    Removing stm32f10x_flash.o(i.FLASH_ReadOutProtection), (188 bytes).
    Removing stm32f10x_flash.o(i.FLASH_Unlock), (24 bytes).
    Removing stm32f10x_flash.o(i.FLASH_UnlockBank1), (24 bytes).
    Removing stm32f10x_flash.o(i.FLASH_UserOptionByteConfig), (180 bytes).
    Removing stm32f10x_flash.o(i.FLASH_WaitForLastBank1Operation), (34 bytes).
    Removing stm32f10x_flash.o(i.FLASH_WaitForLastOperation), (34 bytes).
    Removing stm32f10x_iwdg.o(i.IWDG_Enable), (16 bytes).
    Removing stm32f10x_iwdg.o(i.IWDG_GetFlagStatus), (72 bytes).
    Removing stm32f10x_iwdg.o(i.IWDG_ReloadCounter), (16 bytes).
    Removing stm32f10x_iwdg.o(i.IWDG_SetPrescaler), (80 bytes).
    Removing stm32f10x_iwdg.o(i.IWDG_SetReload), (60 bytes).
    Removing stm32f10x_iwdg.o(i.IWDG_WriteAccessCmd), (64 bytes).
    Removing stm32f10x_spi.o(i.I2S_Cmd), (104 bytes).
    Removing stm32f10x_spi.o(i.I2S_Init), (368 bytes).
    Removing stm32f10x_spi.o(i.I2S_StructInit), (18 bytes).
    Removing stm32f10x_spi.o(i.SPI_BiDirectionalLineConfig), (128 bytes).
    Removing stm32f10x_spi.o(i.SPI_CalculateCRC), (112 bytes).
    Removing stm32f10x_spi.o(i.SPI_Cmd), (112 bytes).
    Removing stm32f10x_spi.o(i.SPI_DataSizeConfig), (112 bytes).
    Removing stm32f10x_spi.o(i.SPI_GetCRC), (104 bytes).
    Removing stm32f10x_spi.o(i.SPI_GetCRCPolynomial), (80 bytes).
    Removing stm32f10x_spi.o(i.SPI_I2S_ClearFlag), (100 bytes).
    Removing stm32f10x_spi.o(i.SPI_I2S_ClearITPendingBit), (108 bytes).
    Removing stm32f10x_spi.o(i.SPI_I2S_DMACmd), (128 bytes).
    Removing stm32f10x_spi.o(i.SPI_I2S_DeInit), (144 bytes).
    Removing stm32f10x_spi.o(i.SPI_I2S_GetFlagStatus), (136 bytes).
    Removing stm32f10x_spi.o(i.SPI_I2S_GetITStatus), (152 bytes).
    Removing stm32f10x_spi.o(i.SPI_I2S_ITConfig), (140 bytes).
    Removing stm32f10x_spi.o(i.SPI_I2S_ReceiveData), (80 bytes).
    Removing stm32f10x_spi.o(i.SPI_I2S_SendData), (84 bytes).
    Removing stm32f10x_spi.o(i.SPI_Init), (316 bytes).
    Removing stm32f10x_spi.o(i.SPI_NSSInternalSoftwareConfig), (124 bytes).
    Removing stm32f10x_spi.o(i.SPI_SSOutputCmd), (112 bytes).
    Removing stm32f10x_spi.o(i.SPI_StructInit), (24 bytes).
    Removing stm32f10x_spi.o(i.SPI_TransmitCRC), (88 bytes).
    Removing stm32f10x_adc.o(i.ADC_AnalogWatchdogCmd), (152 bytes).
    Removing stm32f10x_adc.o(i.ADC_AnalogWatchdogSingleChannelConfig), (172 bytes).
    Removing stm32f10x_adc.o(i.ADC_AnalogWatchdogThresholdsConfig), (124 bytes).
    Removing stm32f10x_adc.o(i.ADC_AutoInjectedConvCmd), (112 bytes).
    Removing stm32f10x_adc.o(i.ADC_ClearFlag), (100 bytes).
    Removing stm32f10x_adc.o(i.ADC_ClearITPendingBit), (104 bytes).
    Removing stm32f10x_adc.o(i.ADC_Cmd), (112 bytes).
    Removing stm32f10x_adc.o(i.ADC_DMACmd), (104 bytes).
    Removing stm32f10x_adc.o(i.ADC_DeInit), (128 bytes).
    Removing stm32f10x_adc.o(i.ADC_DiscModeChannelCountConfig), (112 bytes).
    Removing stm32f10x_adc.o(i.ADC_DiscModeCmd), (112 bytes).
    Removing stm32f10x_adc.o(i.ADC_ExternalTrigConvCmd), (112 bytes).
    Removing stm32f10x_adc.o(i.ADC_ExternalTrigInjectedConvCmd), (112 bytes).
    Removing stm32f10x_adc.o(i.ADC_ExternalTrigInjectedConvConfig), (144 bytes).
    Removing stm32f10x_adc.o(i.ADC_GetCalibrationStatus), (92 bytes).
    Removing stm32f10x_adc.o(i.ADC_GetConversionValue), (84 bytes).
    Removing stm32f10x_adc.o(i.ADC_GetDualModeConversionValue), (12 bytes).
    Removing stm32f10x_adc.o(i.ADC_GetFlagStatus), (124 bytes).
    Removing stm32f10x_adc.o(i.ADC_GetITStatus), (132 bytes).
    Removing stm32f10x_adc.o(i.ADC_GetInjectedConversionValue), (112 bytes).
    Removing stm32f10x_adc.o(i.ADC_GetResetCalibrationStatus), (92 bytes).
    Removing stm32f10x_adc.o(i.ADC_GetSoftwareStartConvStatus), (92 bytes).
    Removing stm32f10x_adc.o(i.ADC_GetSoftwareStartInjectedConvCmdStatus), (92 bytes).
    Removing stm32f10x_adc.o(i.ADC_ITConfig), (132 bytes).
    Removing stm32f10x_adc.o(i.ADC_Init), (332 bytes).
    Removing stm32f10x_adc.o(i.ADC_InjectedChannelConfig), (296 bytes).
    Removing stm32f10x_adc.o(i.ADC_InjectedDiscModeCmd), (112 bytes).
    Removing stm32f10x_adc.o(i.ADC_InjectedSequencerLengthConfig), (112 bytes).
    Removing stm32f10x_adc.o(i.ADC_RegularChannelConfig), (340 bytes).
    Removing stm32f10x_adc.o(i.ADC_ResetCalibration), (88 bytes).
    Removing stm32f10x_adc.o(i.ADC_SetInjectedOffset), (128 bytes).
    Removing stm32f10x_adc.o(i.ADC_SoftwareStartConvCmd), (112 bytes).
    Removing stm32f10x_adc.o(i.ADC_SoftwareStartInjectedConvCmd), (112 bytes).
    Removing stm32f10x_adc.o(i.ADC_StartCalibration), (88 bytes).
    Removing stm32f10x_adc.o(i.ADC_StructInit), (18 bytes).
    Removing stm32f10x_adc.o(i.ADC_TempSensorVrefintCmd), (76 bytes).
    Removing stm32f10x_bkp.o(i.BKP_ClearFlag), (16 bytes).
    Removing stm32f10x_bkp.o(i.BKP_ClearITPendingBit), (16 bytes).
    Removing stm32f10x_bkp.o(i.BKP_DeInit), (18 bytes).
    Removing stm32f10x_bkp.o(i.BKP_GetFlagStatus), (12 bytes).
    Removing stm32f10x_bkp.o(i.BKP_GetITStatus), (12 bytes).
    Removing stm32f10x_bkp.o(i.BKP_ITConfig), (60 bytes).
    Removing stm32f10x_bkp.o(i.BKP_RTCOutputConfig), (80 bytes).
    Removing stm32f10x_bkp.o(i.BKP_ReadBackupRegister), (224 bytes).
    Removing stm32f10x_bkp.o(i.BKP_SetRTCCalibrationValue), (68 bytes).
    Removing stm32f10x_bkp.o(i.BKP_TamperPinCmd), (60 bytes).
    Removing stm32f10x_bkp.o(i.BKP_TamperPinLevelConfig), (60 bytes).
    Removing stm32f10x_bkp.o(i.BKP_WriteBackupRegister), (224 bytes).
    Removing stm32f10x_can.o(i.CAN_CancelTransmit), (120 bytes).
    Removing stm32f10x_can.o(i.CAN_ClearFlag), (196 bytes).
    Removing stm32f10x_can.o(i.CAN_ClearITPendingBit), (260 bytes).
    Removing stm32f10x_can.o(i.CAN_DBGFreeze), (104 bytes).
    Removing stm32f10x_can.o(i.CAN_DeInit), (100 bytes).
    Removing stm32f10x_can.o(i.CAN_FIFORelease), (104 bytes).
    Removing stm32f10x_can.o(i.CAN_FilterInit), (320 bytes).
    Removing stm32f10x_can.o(i.CAN_GetFlagStatus), (244 bytes).
    Removing stm32f10x_can.o(i.CAN_GetITStatus), (328 bytes).
    Removing stm32f10x_can.o(i.CAN_GetLSBTransmitErrorCounter), (76 bytes).
    Removing stm32f10x_can.o(i.CAN_GetLastErrorCode), (76 bytes).
    Removing stm32f10x_can.o(i.CAN_GetReceiveErrorCounter), (72 bytes).
    Removing stm32f10x_can.o(i.CAN_ITConfig), (180 bytes).
    Removing stm32f10x_can.o(i.CAN_Init), (488 bytes).
    Removing stm32f10x_can.o(i.CAN_MessagePending), (104 bytes).
    Removing stm32f10x_can.o(i.CAN_OperatingModeRequest), (224 bytes).
    Removing stm32f10x_can.o(i.CAN_Receive), (224 bytes).
    Removing stm32f10x_can.o(i.CAN_SlaveStartBank), (96 bytes).
    Removing stm32f10x_can.o(i.CAN_Sleep), (96 bytes).
    Removing stm32f10x_can.o(i.CAN_StructInit), (32 bytes).
    Removing stm32f10x_can.o(i.CAN_TTComModeCmd), (172 bytes).
    Removing stm32f10x_can.o(i.CAN_Transmit), (308 bytes).
    Removing stm32f10x_can.o(i.CAN_TransmitStatus), (192 bytes).
    Removing stm32f10x_can.o(i.CAN_WakeUp), (108 bytes).
    Removing stm32f10x_can.o(i.CheckITStatus), (12 bytes).
    Removing stm32f10x_cec.o(i.CEC_ClearFlag), (84 bytes).
    Removing stm32f10x_cec.o(i.CEC_ClearITPendingBit), (92 bytes).
    Removing stm32f10x_cec.o(i.CEC_Cmd), (76 bytes).
    Removing stm32f10x_cec.o(i.CEC_DeInit), (24 bytes).
    Removing stm32f10x_cec.o(i.CEC_EndOfMessageCmd), (64 bytes).
    Removing stm32f10x_cec.o(i.CEC_GetFlagStatus), (172 bytes).
    Removing stm32f10x_cec.o(i.CEC_GetITStatus), (96 bytes).
    Removing stm32f10x_cec.o(i.CEC_ITConfig), (60 bytes).
    Removing stm32f10x_cec.o(i.CEC_Init), (92 bytes).
    Removing stm32f10x_cec.o(i.CEC_OwnAddressConfig), (60 bytes).
    Removing stm32f10x_cec.o(i.CEC_ReceiveDataByte), (12 bytes).
    Removing stm32f10x_cec.o(i.CEC_SendDataByte), (12 bytes).
    Removing stm32f10x_cec.o(i.CEC_SetPrescaler), (60 bytes).
    Removing stm32f10x_cec.o(i.CEC_StartOfMessage), (12 bytes).
    Removing stm32f10x_crc.o(i.CRC_CalcBlockCRC), (28 bytes).
    Removing stm32f10x_crc.o(i.CRC_CalcCRC), (12 bytes).
    Removing stm32f10x_crc.o(i.CRC_GetCRC), (12 bytes).
    Removing stm32f10x_crc.o(i.CRC_GetIDRegister), (12 bytes).
    Removing stm32f10x_crc.o(i.CRC_ResetDR), (12 bytes).
    Removing stm32f10x_crc.o(i.CRC_SetIDRegister), (12 bytes).
    Removing stm32f10x_dac.o(i.DAC_Cmd), (96 bytes).
    Removing stm32f10x_dac.o(i.DAC_DMACmd), (96 bytes).
    Removing stm32f10x_dac.o(i.DAC_DeInit), (24 bytes).
    Removing stm32f10x_dac.o(i.DAC_DualSoftwareTriggerCmd), (76 bytes).
    Removing stm32f10x_dac.o(i.DAC_GetDataOutputValue), (68 bytes).
    Removing stm32f10x_dac.o(i.DAC_Init), (236 bytes).
    Removing stm32f10x_dac.o(i.DAC_SetChannel1Data), (88 bytes).
    Removing stm32f10x_dac.o(i.DAC_SetChannel2Data), (88 bytes).
    Removing stm32f10x_dac.o(i.DAC_SetDualChannelData), (124 bytes).
    Removing stm32f10x_dac.o(i.DAC_SoftwareTriggerCmd), (100 bytes).
    Removing stm32f10x_dac.o(i.DAC_StructInit), (12 bytes).
    Removing stm32f10x_dac.o(i.DAC_WaveGenerationCmd), (116 bytes).
    Removing stm32f10x_dma.o(i.DMA_ClearFlag), (88 bytes).
    Removing stm32f10x_dma.o(i.DMA_ClearITPendingBit), (88 bytes).
    Removing stm32f10x_dma.o(i.DMA_Cmd), (184 bytes).
    Removing stm32f10x_dma.o(i.DMA_DeInit), (356 bytes).
    Removing stm32f10x_dma.o(i.DMA_GetCurrDataCounter), (152 bytes).
    Removing stm32f10x_dma.o(i.DMA_GetFlagStatus), (388 bytes).
    Removing stm32f10x_dma.o(i.DMA_GetITStatus), (388 bytes).
    Removing stm32f10x_dma.o(i.DMA_ITConfig), (200 bytes).
    Removing stm32f10x_dma.o(i.DMA_Init), (384 bytes).
    Removing stm32f10x_dma.o(i.DMA_SetCurrDataCounter), (152 bytes).
    Removing stm32f10x_dma.o(i.DMA_StructInit), (26 bytes).
    Removing application.o(i.Set_USBClock), (20 bytes).
    Removing lcd1602_drv.o(i.LCD1602_WriteInteger), (160 bytes).
    Removing os_global.o(i.JumpToBootloader), (36 bytes).
    Removing os_global.o(i.Sys_GenSum32), (22 bytes).
    Removing os_global.o(i.Util_NumToString), (144 bytes).
    Removing os_timer.o(i.OS_TimerIsStop), (10 bytes).
    Removing os_timer.o(i.OS_TimerTickIncrease), (16 bytes).
    Removing pm25sensor.o(i.HCHO_CaliSet), (2 bytes).
    Removing pm25sensor.o(i.LCD_Display_AQI), (72 bytes).
    Removing pm25sensor.o(i.LCD_Display_CC), (100 bytes).
    Removing pm25sensor.o(i.LED_IndicateColorOfHCHO), (2 bytes).
    Removing pm25sensor.o(i.PM25_AqiCalculate), (276 bytes).
    Removing pm25sensor.o(i.PM25_Display_Init), (148 bytes).
    Removing pm25sensor.o(i.PM25_Display_Value), (104 bytes).
    Removing pm25sensor.o(.constdata), (266 bytes).
    Removing core_cm3.o(.emb_text), (32 bytes).
    Removing system_stm32f10x.o(i.SystemCoreClockUpdate), (104 bytes).
    Removing startup_stm32f10x_md.o(HEAP), (1024 bytes).
    Removing fadd.o(.text), (176 bytes).
    Removing dadd.o(.text), (332 bytes).
    Removing ffltui.o(.text), (10 bytes).
    Removing f2d.o(.text), (44 bytes).
    Removing cfcmple.o(.text), (20 bytes).
    Removing cfrcmple.o(.text), (20 bytes).
    Removing fepilogue.o(.text), (108 bytes).
    Removing dfixul.o(.text), (48 bytes).
    Removing cdrcmple.o(.text), (40 bytes).

371 unused section(s) (total 50330 bytes) removed from the image.

==============================================================================

Image Symbol Table

    Local Symbols

    Symbol Name                              Value     Ov Type        Size  Object(Section)

    ../../microlib/division.c                0x00000000   Number         0  uldiv.o ABSOLUTE
    ../../microlib/division.c                0x00000000   Number         0  uidiv.o ABSOLUTE
    ../../microlib/f2d.c                     0x00000000   Number         0  f2d.o ABSOLUTE
    ../../microlib/fpadd.c                   0x00000000   Number         0  dadd.o ABSOLUTE
    ../../microlib/fpadd.c                   0x00000000   Number         0  fadd.o ABSOLUTE
    ../../microlib/fpdiv.c                   0x00000000   Number         0  ddiv.o ABSOLUTE
    ../../microlib/fpepilogue.c              0x00000000   Number         0  depilogue.o ABSOLUTE
    ../../microlib/fpepilogue.c              0x00000000   Number         0  fepilogue.o ABSOLUTE
    ../../microlib/fpfix.c                   0x00000000   Number         0  dfixul.o ABSOLUTE
    ../../microlib/fpfix.c                   0x00000000   Number         0  dfixui.o ABSOLUTE
    ../../microlib/fpflt.c                   0x00000000   Number         0  ffltui.o ABSOLUTE
    ../../microlib/fpflt.c                   0x00000000   Number         0  dfltui.o ABSOLUTE
    ../../microlib/fpmul.c                   0x00000000   Number         0  dmul.o ABSOLUTE
    ../../microlib/init/entry.s              0x00000000   Number         0  entry8.o ABSOLUTE
    ../../microlib/init/entry.s              0x00000000   Number         0  entry5.o ABSOLUTE
    ../../microlib/init/entry.s              0x00000000   Number         0  entry2.o ABSOLUTE
    ../../microlib/init/entry.s              0x00000000   Number         0  entry7a.o ABSOLUTE
    ../../microlib/init/entry.s              0x00000000   Number         0  entry7b.o ABSOLUTE
    ../../microlib/init/entry.s              0x00000000   Number         0  entry.o ABSOLUTE
    ../../microlib/longlong.c                0x00000000   Number         0  llushr.o ABSOLUTE
    ../../microlib/longlong.c                0x00000000   Number         0  llshl.o ABSOLUTE
    ../../microlib/longlong.c                0x00000000   Number         0  llsshr.o ABSOLUTE
    ../../microlib/printf/printf.c           0x00000000   Number         0  printf0.o ABSOLUTE
    ../../microlib/printf/printf.c           0x00000000   Number         0  printf3.o ABSOLUTE
    ../../microlib/printf/printf.c           0x00000000   Number         0  printf2.o ABSOLUTE
    ../../microlib/printf/printf.c           0x00000000   Number         0  printfa.o ABSOLUTE
    ../../microlib/printf/printf.c           0x00000000   Number         0  printf1.o ABSOLUTE
    ../../microlib/printf/printf.c           0x00000000   Number         0  printf4.o ABSOLUTE
    ../../microlib/printf/printf.c           0x00000000   Number         0  printfb.o ABSOLUTE
    ../../microlib/printf/printf.c           0x00000000   Number         0  printf5.o ABSOLUTE
    ../../microlib/printf/printf.c           0x00000000   Number         0  printf6.o ABSOLUTE
    ../../microlib/printf/printf.c           0x00000000   Number         0  printf7.o ABSOLUTE
    ../../microlib/printf/printf.c           0x00000000   Number         0  printf8.o ABSOLUTE
    ../../microlib/printf/stubs.s            0x00000000   Number         0  stubs.o ABSOLUTE
    ../../microlib/stdio/streams.c           0x00000000   Number         0  stdout.o ABSOLUTE
    ../../microlib/string/memcpy.c           0x00000000   Number         0  memcpyb.o ABSOLUTE
    ../../microlib/string/memcpy.c           0x00000000   Number         0  memcpya.o ABSOLUTE
    ../../microlib/string/memset.c           0x00000000   Number         0  memseta.o ABSOLUTE
    ../../microlib/string/strncpy.c          0x00000000   Number         0  strncpy.o ABSOLUTE
    ../../microlib/stubs.s                   0x00000000   Number         0  iusefp.o ABSOLUTE
    ..\Driver\src\DHT11.c                    0x00000000   Number         0  dht11.o ABSOLUTE
    ..\Driver\src\LCD1602_Drv.c              0x00000000   Number         0  lcd1602_drv.o ABSOLUTE
    ..\Driver\src\PM25Sensor.c               0x00000000   Number         0  pm25sensor.o ABSOLUTE
    ..\Driver\src\TimerManager.c             0x00000000   Number         0  timermanager.o ABSOLUTE
    ..\Driver\src\Uart_Drv.c                 0x00000000   Number         0  uart_drv.o ABSOLUTE
    ..\Driver\src\delay.c                    0x00000000   Number         0  delay.o ABSOLUTE
    ..\Library\src\misc.c                    0x00000000   Number         0  misc.o ABSOLUTE
    ..\Library\src\stm32f10x_adc.c           0x00000000   Number         0  stm32f10x_adc.o ABSOLUTE
    ..\Library\src\stm32f10x_bkp.c           0x00000000   Number         0  stm32f10x_bkp.o ABSOLUTE
    ..\Library\src\stm32f10x_can.c           0x00000000   Number         0  stm32f10x_can.o ABSOLUTE
    ..\Library\src\stm32f10x_cec.c           0x00000000   Number         0  stm32f10x_cec.o ABSOLUTE
    ..\Library\src\stm32f10x_crc.c           0x00000000   Number         0  stm32f10x_crc.o ABSOLUTE
    ..\Library\src\stm32f10x_dac.c           0x00000000   Number         0  stm32f10x_dac.o ABSOLUTE
    ..\Library\src\stm32f10x_dma.c           0x00000000   Number         0  stm32f10x_dma.o ABSOLUTE
    ..\Library\src\stm32f10x_flash.c         0x00000000   Number         0  stm32f10x_flash.o ABSOLUTE
    ..\Library\src\stm32f10x_fsmc.c          0x00000000   Number         0  stm32f10x_fsmc.o ABSOLUTE
    ..\Library\src\stm32f10x_gpio.c          0x00000000   Number         0  stm32f10x_gpio.o ABSOLUTE
    ..\Library\src\stm32f10x_iwdg.c          0x00000000   Number         0  stm32f10x_iwdg.o ABSOLUTE
    ..\Library\src\stm32f10x_pwr.c           0x00000000   Number         0  stm32f10x_pwr.o ABSOLUTE
    ..\Library\src\stm32f10x_rcc.c           0x00000000   Number         0  stm32f10x_rcc.o ABSOLUTE
    ..\Library\src\stm32f10x_spi.c           0x00000000   Number         0  stm32f10x_spi.o ABSOLUTE
    ..\Library\src\stm32f10x_tim.c           0x00000000   Number         0  stm32f10x_tim.o ABSOLUTE
    ..\Library\src\stm32f10x_usart.c         0x00000000   Number         0  stm32f10x_usart.o ABSOLUTE
    ..\OS\src\os_global.c                    0x00000000   Number         0  os_global.o ABSOLUTE
    ..\OS\src\os_timer.c                     0x00000000   Number         0  os_timer.o ABSOLUTE
    ..\System\CMSIS\core_cm3.c               0x00000000   Number         0  core_cm3.o ABSOLUTE
    ..\System\CMSIS\system_stm32f10x.c       0x00000000   Number         0  system_stm32f10x.o ABSOLUTE
    ..\System\startup\startup_stm32f10x_md.s 0x00000000   Number         0  startup_stm32f10x_md.o ABSOLUTE
    ..\User\src\Application.c                0x00000000   Number         0  application.o ABSOLUTE
    ..\User\src\main.c                       0x00000000   Number         0  main.o ABSOLUTE
    ..\User\src\stm32f10x_it.c               0x00000000   Number         0  stm32f10x_it.o ABSOLUTE
    ..\\System\\CMSIS\\core_cm3.c            0x00000000   Number         0  core_cm3.o ABSOLUTE
    cdrcmple.s                               0x00000000   Number         0  cdrcmple.o ABSOLUTE
    cfcmple.s                                0x00000000   Number         0  cfcmple.o ABSOLUTE
    cfrcmple.s                               0x00000000   Number         0  cfrcmple.o ABSOLUTE
    dc.s                                     0x00000000   Number         0  dc.o ABSOLUTE
    handlers.s                               0x00000000   Number         0  handlers.o ABSOLUTE
    init.s                                   0x00000000   Number         0  init.o ABSOLUTE
    RESET                                    0x08000000   Section      236  startup_stm32f10x_md.o(RESET)
    .ARM.Collect$$$$00000000                 0x080000ec   Section        0  entry.o(.ARM.Collect$$$$00000000)
    .ARM.Collect$$$$00000001                 0x080000ec   Section        4  entry2.o(.ARM.Collect$$$$00000001)
    .ARM.Collect$$$$00000004                 0x080000f0   Section        4  entry5.o(.ARM.Collect$$$$00000004)
    .ARM.Collect$$$$00000008                 0x080000f4   Section        0  entry7b.o(.ARM.Collect$$$$00000008)
    .ARM.Collect$$$$00000009                 0x080000f4   Section        8  entry8.o(.ARM.Collect$$$$00000009)
    .ARM.Collect$$$$00002712                 0x080000fc   Section        4  entry2.o(.ARM.Collect$$$$00002712)
    __lit__00000000                          0x080000fc   Data           4  entry2.o(.ARM.Collect$$$$00002712)
    .text                                    0x08000100   Section       36  startup_stm32f10x_md.o(.text)
    .text                                    0x08000124   Section        0  strncpy.o(.text)
    .text                                    0x0800013c   Section        0  dmul.o(.text)
    .text                                    0x0800021c   Section        0  ddiv.o(.text)
    .text                                    0x080002fa   Section        0  dfltui.o(.text)
    .text                                    0x08000314   Section        0  dfixui.o(.text)
    .text                                    0x08000342   Section        0  uldiv.o(.text)
    .text                                    0x080003a4   Section        0  llshl.o(.text)
    .text                                    0x080003c2   Section        0  llushr.o(.text)
    .text                                    0x080003e2   Section        0  iusefp.o(.text)
    .text                                    0x080003e2   Section        0  depilogue.o(.text)
    .text                                    0x080004a0   Section       36  init.o(.text)
    i.AppInit                                0x080004c4   Section        0  application.o(i.AppInit)
    i.BSP_Init                               0x080005e4   Section        0  os_global.o(i.BSP_Init)
    i.BusFault_Handler                       0x0800062c   Section        0  stm32f10x_it.o(i.BusFault_Handler)
    i.CalculateHchoAver                      0x08000630   Section        0  pm25sensor.o(i.CalculateHchoAver)
    CalculateHchoAver                        0x08000631   Thumb Code    54  pm25sensor.o(i.CalculateHchoAver)
    i.DHT_Init                               0x0800066c   Section        0  dht11.o(i.DHT_Init)
    i.DHT_RxByte                             0x080006d4   Section        0  dht11.o(i.DHT_RxByte)
    DHT_RxByte                               0x080006d5   Thumb Code   158  dht11.o(i.DHT_RxByte)
    i.DHT_SetIODir                           0x080007b8   Section        0  dht11.o(i.DHT_SetIODir)
    DHT_SetIODir                             0x080007b9   Thumb Code    36  dht11.o(i.DHT_SetIODir)
    i.DHT_Start                              0x080007e0   Section        0  dht11.o(i.DHT_Start)
    i.DebugMon_Handler                       0x08000824   Section        0  stm32f10x_it.o(i.DebugMon_Handler)
    i.FLASH_PrefetchBufferCmd                0x08000828   Section        0  stm32f10x_flash.o(i.FLASH_PrefetchBufferCmd)
    i.FLASH_SetLatency                       0x08000878   Section        0  stm32f10x_flash.o(i.FLASH_SetLatency)
    i.GPIO_Init                              0x080008c8   Section        0  stm32f10x_gpio.o(i.GPIO_Init)
    i.GPIO_ResetBits                         0x08000a24   Section        0  stm32f10x_gpio.o(i.GPIO_ResetBits)
    i.GPIO_SetBits                           0x08000aac   Section        0  stm32f10x_gpio.o(i.GPIO_SetBits)
    i.GPIO_WriteBit                          0x08000b34   Section        0  stm32f10x_gpio.o(i.GPIO_WriteBit)
    i.HCHO_CheckSum                          0x08000c20   Section        0  pm25sensor.o(i.HCHO_CheckSum)
    i.HCHO_DisplayInit                       0x08000c4c   Section        0  pm25sensor.o(i.HCHO_DisplayInit)
    i.HCHO_DisplayMassFract                  0x08000ce0   Section        0  pm25sensor.o(i.HCHO_DisplayMassFract)
    HCHO_DisplayMassFract                    0x08000ce1   Thumb Code   106  pm25sensor.o(i.HCHO_DisplayMassFract)
    i.HCHO_DisplayPPM                        0x08000d4a   Section        0  pm25sensor.o(i.HCHO_DisplayPPM)
    HCHO_DisplayPPM                          0x08000d4b   Thumb Code   106  pm25sensor.o(i.HCHO_DisplayPPM)
    i.HCHO_DisplayValue                      0x08000db4   Section        0  pm25sensor.o(i.HCHO_DisplayValue)
    HCHO_DisplayValue                        0x08000db5   Thumb Code    80  pm25sensor.o(i.HCHO_DisplayValue)
    i.HCHO_Indicate                          0x08000e08   Section        0  pm25sensor.o(i.HCHO_Indicate)
    i.HCHO_Receive                           0x08000e48   Section        0  pm25sensor.o(i.HCHO_Receive)
    i.HCHO_UART_IRQHandler                   0x08000e8c   Section        0  pm25sensor.o(i.HCHO_UART_IRQHandler)
    i.HardFault_Handler                      0x08000f0c   Section        0  stm32f10x_it.o(i.HardFault_Handler)
    i.LCD1602_ClearScreen                    0x08000f0e   Section        0  lcd1602_drv.o(i.LCD1602_ClearScreen)
    i.LCD1602_HardwareInit                   0x08000f2c   Section        0  lcd1602_drv.o(i.LCD1602_HardwareInit)
    i.LCD1602_Init                           0x08000fc4   Section        0  lcd1602_drv.o(i.LCD1602_Init)
    i.LCD1602_SetXY                          0x080010c8   Section        0  lcd1602_drv.o(i.LCD1602_SetXY)
    i.LCD1602_WriteCmd                       0x080010d8   Section        0  lcd1602_drv.o(i.LCD1602_WriteCmd)
    i.LCD1602_WriteData                      0x08001178   Section        0  lcd1602_drv.o(i.LCD1602_WriteData)
    i.LCD1602_WriteString                    0x0800121c   Section        0  lcd1602_drv.o(i.LCD1602_WriteString)
    i.LCD_enable_wait                        0x08001234   Section        0  lcd1602_drv.o(i.LCD_enable_wait)
    LCD_enable_wait                          0x08001235   Thumb Code    22  lcd1602_drv.o(i.LCD_enable_wait)
    i.LCD_enable_write                       0x08001250   Section        0  lcd1602_drv.o(i.LCD_enable_write)
    LCD_enable_write                         0x08001251   Thumb Code    40  lcd1602_drv.o(i.LCD_enable_write)
    i.LCD_set_data_dir                       0x0800127c   Section        0  lcd1602_drv.o(i.LCD_set_data_dir)
    LCD_set_data_dir                         0x0800127d   Thumb Code    36  lcd1602_drv.o(i.LCD_set_data_dir)
    i.MemManage_Handler                      0x080012a4   Section        0  stm32f10x_it.o(i.MemManage_Handler)
    i.NMI_Handler                            0x080012a6   Section        0  stm32f10x_it.o(i.NMI_Handler)
    i.NVIC_Configuration                     0x080012a8   Section        0  application.o(i.NVIC_Configuration)
    i.NVIC_Init                              0x080012b4   Section        0  misc.o(i.NVIC_Init)
    i.NVIC_SetVectorTable                    0x08001360   Section        0  misc.o(i.NVIC_SetVectorTable)
    i.OS_GetSysTick                          0x080013b8   Section        0  timermanager.o(i.OS_GetSysTick)
    i.OS_IsTimeout                           0x080013c4   Section        0  os_global.o(i.OS_IsTimeout)
    i.OS_SetTimeout                          0x080013d8   Section        0  os_global.o(i.OS_SetTimeout)
    i.OS_TimerCheck                          0x080013e4   Section        0  os_timer.o(i.OS_TimerCheck)
    i.OS_TimerInit                           0x08001424   Section        0  os_timer.o(i.OS_TimerInit)
    i.OS_TimerStart                          0x08001440   Section        0  os_timer.o(i.OS_TimerStart)
    i.OS_TimerStop                           0x08001470   Section        0  os_timer.o(i.OS_TimerStop)
    i.PM25_Init                              0x08001490   Section        0  pm25sensor.o(i.PM25_Init)
    i.PM25_Receive                           0x080014f0   Section        0  pm25sensor.o(i.PM25_Receive)
    i.PM25_UART_IRQHandler                   0x0800156c   Section        0  pm25sensor.o(i.PM25_UART_IRQHandler)
    i.PendSV_Handler                         0x080015e8   Section        0  stm32f10x_it.o(i.PendSV_Handler)
    i.RCC_APB1PeriphClockCmd                 0x080015ec   Section        0  stm32f10x_rcc.o(i.RCC_APB1PeriphClockCmd)
    i.RCC_APB2PeriphClockCmd                 0x0800164c   Section        0  stm32f10x_rcc.o(i.RCC_APB2PeriphClockCmd)
    i.RCC_DeInit                             0x080016ac   Section        0  stm32f10x_rcc.o(i.RCC_DeInit)
    i.RCC_GetClocksFreq                      0x080016ec   Section        0  stm32f10x_rcc.o(i.RCC_GetClocksFreq)
    i.RCC_GetFlagStatus                      0x08001784   Section        0  stm32f10x_rcc.o(i.RCC_GetFlagStatus)
    i.RCC_GetSYSCLKSource                    0x0800180c   Section        0  stm32f10x_rcc.o(i.RCC_GetSYSCLKSource)
    i.RCC_HCLKConfig                         0x0800181c   Section        0  stm32f10x_rcc.o(i.RCC_HCLKConfig)
    i.RCC_HSICmd                             0x08001880   Section        0  stm32f10x_rcc.o(i.RCC_HSICmd)
    i.RCC_PCLK1Config                        0x080018c0   Section        0  stm32f10x_rcc.o(i.RCC_PCLK1Config)
    i.RCC_PCLK2Config                        0x0800191c   Section        0  stm32f10x_rcc.o(i.RCC_PCLK2Config)
    i.RCC_PLLCmd                             0x08001978   Section        0  stm32f10x_rcc.o(i.RCC_PLLCmd)
    i.RCC_PLLConfig                          0x080019b8   Section        0  stm32f10x_rcc.o(i.RCC_PLLConfig)
    i.RCC_SYSCLKConfig                       0x08001a6c   Section        0  stm32f10x_rcc.o(i.RCC_SYSCLKConfig)
    i.SVC_Handler                            0x08001ab8   Section        0  stm32f10x_it.o(i.SVC_Handler)
    i.SetSysClockTo72                        0x08001abc   Section        0  system_stm32f10x.o(i.SetSysClockTo72)
    SetSysClockTo72                          0x08001abd   Thumb Code   138  system_stm32f10x.o(i.SetSysClockTo72)
    i.SysClockConfig                         0x08001b50   Section        0  application.o(i.SysClockConfig)
    SysClockConfig                           0x08001b51   Thumb Code   102  application.o(i.SysClockConfig)
    i.SysTick_Handler                        0x08001bc0   Section        0  stm32f10x_it.o(i.SysTick_Handler)
    i.SysTick_Increment                      0x08001bc4   Section        0  timermanager.o(i.SysTick_Increment)
    i.SysTick_Init                           0x08001bd8   Section        0  timermanager.o(i.SysTick_Init)
    i.Sys_IsBigEndian                        0x08001c10   Section        0  os_global.o(i.Sys_IsBigEndian)
    i.SystemInit                             0x08001c20   Section        0  system_stm32f10x.o(i.SystemInit)
    i.TIM_Cmd                                0x08001c70   Section        0  stm32f10x_tim.o(i.TIM_Cmd)
    i.TIM_TimeBaseInit                       0x08001d68   Section        0  stm32f10x_tim.o(i.TIM_TimeBaseInit)
    i.TIM_TimeBaseStructInit                 0x08001ee0   Section        0  stm32f10x_tim.o(i.TIM_TimeBaseStructInit)
    i.TempHumi_Display                       0x08001ef2   Section        0  pm25sensor.o(i.TempHumi_Display)
    TempHumi_Display                         0x08001ef3   Thumb Code    96  pm25sensor.o(i.TempHumi_Display)
    i.TimerCalculator_CallBack               0x08001f54   Section        0  pm25sensor.o(i.TimerCalculator_CallBack)
    TimerCalculator_CallBack                 0x08001f55   Thumb Code   192  pm25sensor.o(i.TimerCalculator_CallBack)
    i.TimerDHT_CallBack                      0x08002024   Section        0  dht11.o(i.TimerDHT_CallBack)
    TimerDHT_CallBack                        0x08002025   Thumb Code   374  dht11.o(i.TimerDHT_CallBack)
    i.TimerGetTempHumi_CallBack              0x080021e8   Section        0  dht11.o(i.TimerGetTempHumi_CallBack)
    TimerGetTempHumi_CallBack                0x080021e9   Thumb Code    42  dht11.o(i.TimerGetTempHumi_CallBack)
    i.TimerSensorTask_CallBack               0x0800221c   Section        0  pm25sensor.o(i.TimerSensorTask_CallBack)
    TimerSensorTask_CallBack                 0x0800221d   Thumb Code   208  pm25sensor.o(i.TimerSensorTask_CallBack)
    i.TimerSwitchDisplay_CallBack            0x08002330   Section        0  pm25sensor.o(i.TimerSwitchDisplay_CallBack)
    TimerSwitchDisplay_CallBack              0x08002331   Thumb Code    38  pm25sensor.o(i.TimerSwitchDisplay_CallBack)
    i.USART1_IRQHandler                      0x08002360   Section        0  uart_drv.o(i.USART1_IRQHandler)
    i.USART1_Init                            0x08002364   Section        0  uart_drv.o(i.USART1_Init)
    i.USART2_IRQHandler                      0x08002404   Section        0  uart_drv.o(i.USART2_IRQHandler)
    i.USART2_Init                            0x08002408   Section        0  uart_drv.o(i.USART2_Init)
    i.USART3_IRQHandler                      0x080024a0   Section        0  uart_drv.o(i.USART3_IRQHandler)
    i.USART3_Init                            0x080024a4   Section        0  uart_drv.o(i.USART3_Init)
    i.USART_Cmd                              0x08002540   Section        0  stm32f10x_usart.o(i.USART_Cmd)
    i.USART_GetITStatus                      0x080025c8   Section        0  stm32f10x_usart.o(i.USART_GetITStatus)
    i.USART_ITConfig                         0x080026dc   Section        0  stm32f10x_usart.o(i.USART_ITConfig)
    i.USART_Init                             0x080027e4   Section        0  stm32f10x_usart.o(i.USART_Init)
    i.USART_ReceiveData                      0x0800299c   Section        0  stm32f10x_usart.o(i.USART_ReceiveData)
    i.USART_SendData                         0x08002a08   Section        0  stm32f10x_usart.o(i.USART_SendData)
    i.USB_HP_CAN1_TX_IRQHandler              0x08002a88   Section        0  stm32f10x_it.o(i.USB_HP_CAN1_TX_IRQHandler)
    i.USB_LP_CAN1_RX0_IRQHandler             0x08002a8a   Section        0  stm32f10x_it.o(i.USB_LP_CAN1_RX0_IRQHandler)
    i.UsageFault_Handler                     0x08002a8c   Section        0  stm32f10x_it.o(i.UsageFault_Handler)
    i.__0printf$5                            0x08002a90   Section        0  printf5.o(i.__0printf$5)
    i.__0snprintf$5                          0x08002ab0   Section        0  printf5.o(i.__0snprintf$5)
    i.__scatterload_copy                     0x08002ad8   Section       14  handlers.o(i.__scatterload_copy)
    i.__scatterload_null                     0x08002ae6   Section        2  handlers.o(i.__scatterload_null)
    i.__scatterload_zeroinit                 0x08002ae8   Section       14  handlers.o(i.__scatterload_zeroinit)
    i._init_ms                               0x08002af8   Section        0  delay.o(i._init_ms)
    i._init_us                               0x08002b48   Section        0  delay.o(i._init_us)
    i._printf_core                           0x08002b98   Section        0  printf5.o(i._printf_core)
    _printf_core                             0x08002b99   Thumb Code   676  printf5.o(i._printf_core)
    i._snputc                                0x08002e68   Section        0  printf5.o(i._snputc)
    _snputc                                  0x08002e69   Thumb Code    22  printf5.o(i._snputc)
    i._stop_timer                            0x08002e7e   Section        0  delay.o(i._stop_timer)
    i.assert_failed                          0x08002e98   Section        0  os_global.o(i.assert_failed)
    i.delay_ms                               0x08002ec0   Section        0  delay.o(i.delay_ms)
    i.delay_us                               0x08002ede   Section        0  delay.o(i.delay_us)
    i.fputc                                  0x08002efc   Section        0  uart_drv.o(i.fputc)
    i.main                                   0x08002f18   Section        0  main.o(i.main)
    i.os_timer_arm                           0x08002f34   Section        0  os_timer.o(i.os_timer_arm)
    .constdata                               0x08002f5c   Section       65  application.o(.constdata)
    .constdata                               0x08002fa0   Section       80  dht11.o(.constdata)
    .data                                    0x20000000   Section       20  stm32f10x_rcc.o(.data)
    ADCPrescTable                            0x20000000   Data           4  stm32f10x_rcc.o(.data)
    APBAHBPrescTable                         0x20000004   Data          16  stm32f10x_rcc.o(.data)
    .data                                    0x20000014   Section        8  timermanager.o(.data)
    sSysTick                                 0x20000018   Data           4  timermanager.o(.data)
    .data                                    0x2000001c   Section        1  os_global.o(.data)
    .data                                    0x20000020   Section        8  os_timer.o(.data)
    head_handle                              0x20000020   Data           4  os_timer.o(.data)
    timer_tick                               0x20000024   Data           4  os_timer.o(.data)
    .data                                    0x20000028   Section       36  pm25sensor.o(.data)
    rx_pm25                                  0x20000028   Data           1  pm25sensor.o(.data)
    is_using                                 0x20000029   Data           1  pm25sensor.o(.data)
    rx_count                                 0x2000002a   Data           1  pm25sensor.o(.data)
    is_power_first                           0x2000002b   Data           1  pm25sensor.o(.data)
    rx_hcho                                  0x2000002c   Data           1  pm25sensor.o(.data)
    is_disp_hcho                             0x2000002d   Data           1  pm25sensor.o(.data)
    which_to_display                         0x2000002e   Data           1  pm25sensor.o(.data)
    need_to_clear_screen                     0x2000002f   Data           1  pm25sensor.o(.data)
    is_cal                                   0x20000030   Data           1  pm25sensor.o(.data)
    last_pm25_val                            0x20000031   Data           1  pm25sensor.o(.data)
    last_hcho_val                            0x20000032   Data           1  pm25sensor.o(.data)
    new_ppb                                  0x20000034   Data           2  pm25sensor.o(.data)
    aver_ppb                                 0x20000036   Data           2  pm25sensor.o(.data)
    cali_ppb                                 0x20000038   Data           2  pm25sensor.o(.data)
    cali_mass                                0x2000003a   Data           2  pm25sensor.o(.data)
    pm25_rx_buf_count                        0x2000003c   Data           2  pm25sensor.o(.data)
    hcho_rx_buf_count                        0x2000003e   Data           2  pm25sensor.o(.data)
    last_temp                                0x20000040   Data           2  pm25sensor.o(.data)
    last_humi                                0x20000042   Data           2  pm25sensor.o(.data)
    mass_fraction                            0x20000044   Data           2  pm25sensor.o(.data)
    sec                                      0x20000048   Data           4  pm25sensor.o(.data)
    .data                                    0x2000004c   Section       17  dht11.o(.data)
    timing_count                             0x2000004c   Data           1  dht11.o(.data)
    dht_sta                                  0x2000004d   Data           1  dht11.o(.data)
    dht_is_busy                              0x2000004e   Data           1  dht11.o(.data)
    dht_time_count                           0x20000050   Data           4  dht11.o(.data)
    save_tick                                0x20000054   Data           4  dht11.o(.data)
    .data                                    0x20000060   Section       20  system_stm32f10x.o(.data)
    .data                                    0x20000074   Section        4  stdout.o(.data)
    .bss                                     0x20000078   Section      280  pm25sensor.o(.bss)
    tPM25                                    0x20000078   Data          32  pm25sensor.o(.bss)
    hcho_ppb                                 0x20000098   Data          36  pm25sensor.o(.bss)
    tTimerCalculator                         0x200000bc   Data          28  pm25sensor.o(.bss)
    tTimerSwitchDisplay                      0x200000d8   Data          28  pm25sensor.o(.bss)
    tTimerSensorTask                         0x200000f4   Data          28  pm25sensor.o(.bss)
    Pm25_Rx_Buf                              0x20000110   Data          64  pm25sensor.o(.bss)
    Hcho_Rx_Buf                              0x20000150   Data          64  pm25sensor.o(.bss)
    .bss                                     0x20000190   Section       56  dht11.o(.bss)
    tTimerDHT                                0x20000190   Data          28  dht11.o(.bss)
    tTimerGetTempHumi                        0x200001ac   Data          28  dht11.o(.bss)
    STACK                                    0x200001c8   Section     1024  startup_stm32f10x_md.o(STACK)

    Global Symbols

    Symbol Name                              Value     Ov Type        Size  Object(Section)

    BuildAttributes$$THM_ISAv4$P$D$K$B$S$PE$A:L22UL41UL21$X:L11$S22US41US21$IEEE1$IW$USESV6$~STKCKD$USESV7$~SHL$OTIME$ROPI$EBA8$MICROLIB$REQ8$PRES8$EABIv2 0x00000000   Number         0  anon$$obj.o ABSOLUTE
    __ARM_use_no_argv                        0x00000000   Number         0  main.o ABSOLUTE
    _printf_a                                0x00000000   Number         0  stubs.o ABSOLUTE
    _printf_c                                0x00000000   Number         0  stubs.o ABSOLUTE
    _printf_charcount                        0x00000000   Number         0  stubs.o ABSOLUTE
    _printf_d                                0x00000000   Number         0  stubs.o ABSOLUTE
    _printf_e                                0x00000000   Number         0  stubs.o ABSOLUTE
    _printf_f                                0x00000000   Number         0  stubs.o ABSOLUTE
    _printf_flags                            0x00000000   Number         0  stubs.o ABSOLUTE
    _printf_fp_dec                           0x00000000   Number         0  stubs.o ABSOLUTE
    _printf_fp_hex                           0x00000000   Number         0  stubs.o ABSOLUTE
    _printf_g                                0x00000000   Number         0  stubs.o ABSOLUTE
    _printf_i                                0x00000000   Number         0  stubs.o ABSOLUTE
    _printf_int_dec                          0x00000000   Number         0  stubs.o ABSOLUTE
    _printf_l                                0x00000000   Number         0  stubs.o ABSOLUTE
    _printf_lc                               0x00000000   Number         0  stubs.o ABSOLUTE
    _printf_ll                               0x00000000   Number         0  stubs.o ABSOLUTE
    _printf_lld                              0x00000000   Number         0  stubs.o ABSOLUTE
    _printf_lli                              0x00000000   Number         0  stubs.o ABSOLUTE
    _printf_llo                              0x00000000   Number         0  stubs.o ABSOLUTE
    _printf_llu                              0x00000000   Number         0  stubs.o ABSOLUTE
    _printf_llx                              0x00000000   Number         0  stubs.o ABSOLUTE
    _printf_longlong_dec                     0x00000000   Number         0  stubs.o ABSOLUTE
    _printf_longlong_hex                     0x00000000   Number         0  stubs.o ABSOLUTE
    _printf_longlong_oct                     0x00000000   Number         0  stubs.o ABSOLUTE
    _printf_ls                               0x00000000   Number         0  stubs.o ABSOLUTE
    _printf_mbtowc                           0x00000000   Number         0  stubs.o ABSOLUTE
    _printf_n                                0x00000000   Number         0  stubs.o ABSOLUTE
    _printf_o                                0x00000000   Number         0  stubs.o ABSOLUTE
    _printf_p                                0x00000000   Number         0  stubs.o ABSOLUTE
    _printf_percent                          0x00000000   Number         0  stubs.o ABSOLUTE
    _printf_pre_padding                      0x00000000   Number         0  stubs.o ABSOLUTE
    _printf_return_value                     0x00000000   Number         0  stubs.o ABSOLUTE
    _printf_s                                0x00000000   Number         0  stubs.o ABSOLUTE
    _printf_sizespec                         0x00000000   Number         0  stubs.o ABSOLUTE
    _printf_str                              0x00000000   Number         0  stubs.o ABSOLUTE
    _printf_truncate_signed                  0x00000000   Number         0  stubs.o ABSOLUTE
    _printf_truncate_unsigned                0x00000000   Number         0  stubs.o ABSOLUTE
    _printf_u                                0x00000000   Number         0  stubs.o ABSOLUTE
    _printf_wc                               0x00000000   Number         0  stubs.o ABSOLUTE
    _printf_wctomb                           0x00000000   Number         0  stubs.o ABSOLUTE
    _printf_widthprec                        0x00000000   Number         0  stubs.o ABSOLUTE
    _printf_x                                0x00000000   Number         0  stubs.o ABSOLUTE
    __decompress                              - Undefined Weak Reference
    _clock_init                               - Undefined Weak Reference
    __Vectors_Size                           0x000000ec   Number         0  startup_stm32f10x_md.o ABSOLUTE
    __Vectors                                0x08000000   Data           4  startup_stm32f10x_md.o(RESET)
    __Vectors_End                            0x080000ec   Data           0  startup_stm32f10x_md.o(RESET)
    __main                                   0x080000ed   Thumb Code     0  entry.o(.ARM.Collect$$$$00000000)
    _main_stk                                0x080000ed   Thumb Code     0  entry2.o(.ARM.Collect$$$$00000001)
    _main_scatterload                        0x080000f1   Thumb Code     0  entry5.o(.ARM.Collect$$$$00000004)
    __main_after_scatterload                 0x080000f5   Thumb Code     0  entry5.o(.ARM.Collect$$$$00000004)
    _main_clock                              0x080000f5   Thumb Code     0  entry7b.o(.ARM.Collect$$$$00000008)
    _main_init                               0x080000f5   Thumb Code     0  entry8.o(.ARM.Collect$$$$00000009)
    Reset_Handler                            0x08000101   Thumb Code     8  startup_stm32f10x_md.o(.text)
    ADC1_2_IRQHandler                        0x0800011b   Thumb Code     0  startup_stm32f10x_md.o(.text)
    CAN1_RX1_IRQHandler                      0x0800011b   Thumb Code     0  startup_stm32f10x_md.o(.text)
    CAN1_SCE_IRQHandler                      0x0800011b   Thumb Code     0  startup_stm32f10x_md.o(.text)
    DMA1_Channel1_IRQHandler                 0x0800011b   Thumb Code     0  startup_stm32f10x_md.o(.text)
    DMA1_Channel2_IRQHandler                 0x0800011b   Thumb Code     0  startup_stm32f10x_md.o(.text)
    DMA1_Channel3_IRQHandler                 0x0800011b   Thumb Code     0  startup_stm32f10x_md.o(.text)
    DMA1_Channel4_IRQHandler                 0x0800011b   Thumb Code     0  startup_stm32f10x_md.o(.text)
    DMA1_Channel5_IRQHandler                 0x0800011b   Thumb Code     0  startup_stm32f10x_md.o(.text)
    DMA1_Channel6_IRQHandler                 0x0800011b   Thumb Code     0  startup_stm32f10x_md.o(.text)
    DMA1_Channel7_IRQHandler                 0x0800011b   Thumb Code     0  startup_stm32f10x_md.o(.text)
    EXTI0_IRQHandler                         0x0800011b   Thumb Code     0  startup_stm32f10x_md.o(.text)
    EXTI15_10_IRQHandler                     0x0800011b   Thumb Code     0  startup_stm32f10x_md.o(.text)
    EXTI1_IRQHandler                         0x0800011b   Thumb Code     0  startup_stm32f10x_md.o(.text)
    EXTI2_IRQHandler                         0x0800011b   Thumb Code     0  startup_stm32f10x_md.o(.text)
    EXTI3_IRQHandler                         0x0800011b   Thumb Code     0  startup_stm32f10x_md.o(.text)
    EXTI4_IRQHandler                         0x0800011b   Thumb Code     0  startup_stm32f10x_md.o(.text)
    EXTI9_5_IRQHandler                       0x0800011b   Thumb Code     0  startup_stm32f10x_md.o(.text)
    FLASH_IRQHandler                         0x0800011b   Thumb Code     0  startup_stm32f10x_md.o(.text)
    I2C1_ER_IRQHandler                       0x0800011b   Thumb Code     0  startup_stm32f10x_md.o(.text)
    I2C1_EV_IRQHandler                       0x0800011b   Thumb Code     0  startup_stm32f10x_md.o(.text)
    I2C2_ER_IRQHandler                       0x0800011b   Thumb Code     0  startup_stm32f10x_md.o(.text)
    I2C2_EV_IRQHandler                       0x0800011b   Thumb Code     0  startup_stm32f10x_md.o(.text)
    PVD_IRQHandler                           0x0800011b   Thumb Code     0  startup_stm32f10x_md.o(.text)
    RCC_IRQHandler                           0x0800011b   Thumb Code     0  startup_stm32f10x_md.o(.text)
    RTCAlarm_IRQHandler                      0x0800011b   Thumb Code     0  startup_stm32f10x_md.o(.text)
    RTC_IRQHandler                           0x0800011b   Thumb Code     0  startup_stm32f10x_md.o(.text)
    SPI1_IRQHandler                          0x0800011b   Thumb Code     0  startup_stm32f10x_md.o(.text)
    SPI2_IRQHandler                          0x0800011b   Thumb Code     0  startup_stm32f10x_md.o(.text)
    TAMPER_IRQHandler                        0x0800011b   Thumb Code     0  startup_stm32f10x_md.o(.text)
    TIM1_BRK_IRQHandler                      0x0800011b   Thumb Code     0  startup_stm32f10x_md.o(.text)
    TIM1_CC_IRQHandler                       0x0800011b   Thumb Code     0  startup_stm32f10x_md.o(.text)
    TIM1_TRG_COM_IRQHandler                  0x0800011b   Thumb Code     0  startup_stm32f10x_md.o(.text)
    TIM1_UP_IRQHandler                       0x0800011b   Thumb Code     0  startup_stm32f10x_md.o(.text)
    TIM2_IRQHandler                          0x0800011b   Thumb Code     0  startup_stm32f10x_md.o(.text)
    TIM3_IRQHandler                          0x0800011b   Thumb Code     0  startup_stm32f10x_md.o(.text)
    TIM4_IRQHandler                          0x0800011b   Thumb Code     0  startup_stm32f10x_md.o(.text)
    USBWakeUp_IRQHandler                     0x0800011b   Thumb Code     0  startup_stm32f10x_md.o(.text)
    WWDG_IRQHandler                          0x0800011b   Thumb Code     0  startup_stm32f10x_md.o(.text)
    strncpy                                  0x08000125   Thumb Code    24  strncpy.o(.text)
    __aeabi_dmul                             0x0800013d   Thumb Code   224  dmul.o(.text)
    __aeabi_ddiv                             0x0800021d   Thumb Code   222  ddiv.o(.text)
    __aeabi_ui2d                             0x080002fb   Thumb Code    26  dfltui.o(.text)
    __aeabi_d2uiz                            0x08000315   Thumb Code    46  dfixui.o(.text)
    __aeabi_uldivmod                         0x08000343   Thumb Code    98  uldiv.o(.text)
    __aeabi_llsl                             0x080003a5   Thumb Code    30  llshl.o(.text)
    _ll_shift_l                              0x080003a5   Thumb Code     0  llshl.o(.text)
    __aeabi_llsr                             0x080003c3   Thumb Code    32  llushr.o(.text)
    _ll_ushift_r                             0x080003c3   Thumb Code     0  llushr.o(.text)
    __I$use$fp                               0x080003e3   Thumb Code     0  iusefp.o(.text)
    _double_round                            0x080003e3   Thumb Code    26  depilogue.o(.text)
    _double_epilogue                         0x080003fd   Thumb Code   164  depilogue.o(.text)
    __scatterload                            0x080004a1   Thumb Code    28  init.o(.text)
    __scatterload_rt2                        0x080004a1   Thumb Code     0  init.o(.text)
    AppInit                                  0x080004c5   Thumb Code   202  application.o(i.AppInit)
    BSP_Init                                 0x080005e5   Thumb Code    28  os_global.o(i.BSP_Init)
    BusFault_Handler                         0x0800062d   Thumb Code     2  stm32f10x_it.o(i.BusFault_Handler)
    DHT_Init                                 0x0800066d   Thumb Code    88  dht11.o(i.DHT_Init)
    DHT_Start                                0x080007e1   Thumb Code    54  dht11.o(i.DHT_Start)
    DebugMon_Handler                         0x08000825   Thumb Code     2  stm32f10x_it.o(i.DebugMon_Handler)
    FLASH_PrefetchBufferCmd                  0x08000829   Thumb Code    38  stm32f10x_flash.o(i.FLASH_PrefetchBufferCmd)
    FLASH_SetLatency                         0x08000879   Thumb Code    38  stm32f10x_flash.o(i.FLASH_SetLatency)
    GPIO_Init                                0x080008c9   Thumb Code   288  stm32f10x_gpio.o(i.GPIO_Init)
    GPIO_ResetBits                           0x08000a25   Thumb Code    74  stm32f10x_gpio.o(i.GPIO_ResetBits)
    GPIO_SetBits                             0x08000aad   Thumb Code    74  stm32f10x_gpio.o(i.GPIO_SetBits)
    GPIO_WriteBit                            0x08000b35   Thumb Code   174  stm32f10x_gpio.o(i.GPIO_WriteBit)
    HCHO_CheckSum                            0x08000c21   Thumb Code    44  pm25sensor.o(i.HCHO_CheckSum)
    HCHO_DisplayInit                         0x08000c4d   Thumb Code   120  pm25sensor.o(i.HCHO_DisplayInit)
    HCHO_Indicate                            0x08000e09   Thumb Code    28  pm25sensor.o(i.HCHO_Indicate)
    HCHO_Receive                             0x08000e49   Thumb Code    58  pm25sensor.o(i.HCHO_Receive)
    HCHO_UART_IRQHandler                     0x08000e8d   Thumb Code   114  pm25sensor.o(i.HCHO_UART_IRQHandler)
    HardFault_Handler                        0x08000f0d   Thumb Code     2  stm32f10x_it.o(i.HardFault_Handler)
    LCD1602_ClearScreen                      0x08000f0f   Thumb Code    30  lcd1602_drv.o(i.LCD1602_ClearScreen)
    LCD1602_HardwareInit                     0x08000f2d   Thumb Code   144  lcd1602_drv.o(i.LCD1602_HardwareInit)
    LCD1602_Init                             0x08000fc5   Thumb Code   254  lcd1602_drv.o(i.LCD1602_Init)
    LCD1602_SetXY                            0x080010c9   Thumb Code    14  lcd1602_drv.o(i.LCD1602_SetXY)
    LCD1602_WriteCmd                         0x080010d9   Thumb Code   150  lcd1602_drv.o(i.LCD1602_WriteCmd)
    LCD1602_WriteData                        0x08001179   Thumb Code   154  lcd1602_drv.o(i.LCD1602_WriteData)
    LCD1602_WriteString                      0x0800121d   Thumb Code    24  lcd1602_drv.o(i.LCD1602_WriteString)
    MemManage_Handler                        0x080012a5   Thumb Code     2  stm32f10x_it.o(i.MemManage_Handler)
    NMI_Handler                              0x080012a7   Thumb Code     2  stm32f10x_it.o(i.NMI_Handler)
    NVIC_Configuration                       0x080012a9   Thumb Code    10  application.o(i.NVIC_Configuration)
    NVIC_Init                                0x080012b5   Thumb Code   138  misc.o(i.NVIC_Init)
    NVIC_SetVectorTable                      0x08001361   Thumb Code    52  misc.o(i.NVIC_SetVectorTable)
    OS_GetSysTick                            0x080013b9   Thumb Code     6  timermanager.o(i.OS_GetSysTick)
    OS_IsTimeout                             0x080013c5   Thumb Code    20  os_global.o(i.OS_IsTimeout)
    OS_SetTimeout                            0x080013d9   Thumb Code    12  os_global.o(i.OS_SetTimeout)
    OS_TimerCheck                            0x080013e5   Thumb Code    60  os_timer.o(i.OS_TimerCheck)
    OS_TimerInit                             0x08001425   Thumb Code    26  os_timer.o(i.OS_TimerInit)
    OS_TimerStart                            0x08001441   Thumb Code    44  os_timer.o(i.OS_TimerStart)
    OS_TimerStop                             0x08001471   Thumb Code    26  os_timer.o(i.OS_TimerStop)
    PM25_Init                                0x08001491   Thumb Code    78  pm25sensor.o(i.PM25_Init)
    PM25_Receive                             0x080014f1   Thumb Code   116  pm25sensor.o(i.PM25_Receive)
    PM25_UART_IRQHandler                     0x0800156d   Thumb Code   112  pm25sensor.o(i.PM25_UART_IRQHandler)
    PendSV_Handler                           0x080015e9   Thumb Code     2  stm32f10x_it.o(i.PendSV_Handler)
    RCC_APB1PeriphClockCmd                   0x080015ed   Thumb Code    56  stm32f10x_rcc.o(i.RCC_APB1PeriphClockCmd)
    RCC_APB2PeriphClockCmd                   0x0800164d   Thumb Code    56  stm32f10x_rcc.o(i.RCC_APB2PeriphClockCmd)
    RCC_DeInit                               0x080016ad   Thumb Code    50  stm32f10x_rcc.o(i.RCC_DeInit)
    RCC_GetClocksFreq                        0x080016ed   Thumb Code   134  stm32f10x_rcc.o(i.RCC_GetClocksFreq)
    RCC_GetFlagStatus                        0x08001785   Thumb Code   100  stm32f10x_rcc.o(i.RCC_GetFlagStatus)
    RCC_GetSYSCLKSource                      0x0800180d   Thumb Code    10  stm32f10x_rcc.o(i.RCC_GetSYSCLKSource)
    RCC_HCLKConfig                           0x0800181d   Thumb Code    62  stm32f10x_rcc.o(i.RCC_HCLKConfig)
    RCC_HSICmd                               0x08001881   Thumb Code    26  stm32f10x_rcc.o(i.RCC_HSICmd)
    RCC_PCLK1Config                          0x080018c1   Thumb Code    54  stm32f10x_rcc.o(i.RCC_PCLK1Config)
    RCC_PCLK2Config                          0x0800191d   Thumb Code    56  stm32f10x_rcc.o(i.RCC_PCLK2Config)
    RCC_PLLCmd                               0x08001979   Thumb Code    26  stm32f10x_rcc.o(i.RCC_PLLCmd)
    RCC_PLLConfig                            0x080019b9   Thumb Code   142  stm32f10x_rcc.o(i.RCC_PLLConfig)
    RCC_SYSCLKConfig                         0x08001a6d   Thumb Code    38  stm32f10x_rcc.o(i.RCC_SYSCLKConfig)
    SVC_Handler                              0x08001ab9   Thumb Code     2  stm32f10x_it.o(i.SVC_Handler)
    SysTick_Handler                          0x08001bc1   Thumb Code     4  stm32f10x_it.o(i.SysTick_Handler)
    SysTick_Increment                        0x08001bc5   Thumb Code    14  timermanager.o(i.SysTick_Increment)
    SysTick_Init                             0x08001bd9   Thumb Code    46  timermanager.o(i.SysTick_Init)
    Sys_IsBigEndian                          0x08001c11   Thumb Code    14  os_global.o(i.Sys_IsBigEndian)
    SystemInit                               0x08001c21   Thumb Code    64  system_stm32f10x.o(i.SystemInit)
    TIM_Cmd                                  0x08001c71   Thumb Code   152  stm32f10x_tim.o(i.TIM_Cmd)
    TIM_TimeBaseInit                         0x08001d69   Thumb Code   280  stm32f10x_tim.o(i.TIM_TimeBaseInit)
    TIM_TimeBaseStructInit                   0x08001ee1   Thumb Code    18  stm32f10x_tim.o(i.TIM_TimeBaseStructInit)
    USART1_IRQHandler                        0x08002361   Thumb Code     4  uart_drv.o(i.USART1_IRQHandler)
    USART1_Init                              0x08002365   Thumb Code   150  uart_drv.o(i.USART1_Init)
    USART2_IRQHandler                        0x08002405   Thumb Code     2  uart_drv.o(i.USART2_IRQHandler)
    USART2_Init                              0x08002409   Thumb Code   144  uart_drv.o(i.USART2_Init)
    USART3_IRQHandler                        0x080024a1   Thumb Code     4  uart_drv.o(i.USART3_IRQHandler)
    USART3_Init                              0x080024a5   Thumb Code   148  uart_drv.o(i.USART3_Init)
    USART_Cmd                                0x08002541   Thumb Code    80  stm32f10x_usart.o(i.USART_Cmd)
    USART_GetITStatus                        0x080025c9   Thumb Code   220  stm32f10x_usart.o(i.USART_GetITStatus)
    USART_ITConfig                           0x080026dd   Thumb Code   208  stm32f10x_usart.o(i.USART_ITConfig)
    USART_Init                               0x080027e5   Thumb Code   380  stm32f10x_usart.o(i.USART_Init)
    USART_ReceiveData                        0x0800299d   Thumb Code    52  stm32f10x_usart.o(i.USART_ReceiveData)
    USART_SendData                           0x08002a09   Thumb Code    70  stm32f10x_usart.o(i.USART_SendData)
    USB_HP_CAN1_TX_IRQHandler                0x08002a89   Thumb Code     2  stm32f10x_it.o(i.USB_HP_CAN1_TX_IRQHandler)
    USB_LP_CAN1_RX0_IRQHandler               0x08002a8b   Thumb Code     2  stm32f10x_it.o(i.USB_LP_CAN1_RX0_IRQHandler)
    UsageFault_Handler                       0x08002a8d   Thumb Code     2  stm32f10x_it.o(i.UsageFault_Handler)
    __0printf$5                              0x08002a91   Thumb Code    22  printf5.o(i.__0printf$5)
    __1printf$5                              0x08002a91   Thumb Code     0  printf5.o(i.__0printf$5)
    __2printf                                0x08002a91   Thumb Code     0  printf5.o(i.__0printf$5)
    __0snprintf$5                            0x08002ab1   Thumb Code    36  printf5.o(i.__0snprintf$5)
    __1snprintf$5                            0x08002ab1   Thumb Code     0  printf5.o(i.__0snprintf$5)
    __2snprintf                              0x08002ab1   Thumb Code     0  printf5.o(i.__0snprintf$5)
    __scatterload_copy                       0x08002ad9   Thumb Code    14  handlers.o(i.__scatterload_copy)
    __scatterload_null                       0x08002ae7   Thumb Code     2  handlers.o(i.__scatterload_null)
    __scatterload_zeroinit                   0x08002ae9   Thumb Code    14  handlers.o(i.__scatterload_zeroinit)
    _init_ms                                 0x08002af9   Thumb Code    74  delay.o(i._init_ms)
    _init_us                                 0x08002b49   Thumb Code    72  delay.o(i._init_us)
    _stop_timer                              0x08002e7f   Thumb Code    24  delay.o(i._stop_timer)
    assert_failed                            0x08002e99   Thumb Code    12  os_global.o(i.assert_failed)
    delay_ms                                 0x08002ec1   Thumb Code    30  delay.o(i.delay_ms)
    delay_us                                 0x08002edf   Thumb Code    30  delay.o(i.delay_us)
    fputc                                    0x08002efd   Thumb Code    24  uart_drv.o(i.fputc)
    main                                     0x08002f19   Thumb Code    22  main.o(i.main)
    os_timer_arm                             0x08002f35   Thumb Code    38  os_timer.o(i.os_timer_arm)
    Region$$Table$$Base                      0x08002ff0   Number         0  anon$$obj.o(Region$$Table)
    Region$$Table$$Limit                     0x08003010   Number         0  anon$$obj.o(Region$$Table)
    flag10ms                                 0x20000014   Data           1  timermanager.o(.data)
    gCpuIsBigEndian                          0x2000001c   Data           1  os_global.o(.data)
    tDHT                                     0x20000058   Data           5  dht11.o(.data)
    SystemCoreClock                          0x20000060   Data           4  system_stm32f10x.o(.data)
    AHBPrescTable                            0x20000064   Data          16  system_stm32f10x.o(.data)
    __stdout                                 0x20000074   Data           4  stdout.o(.data)
    __initial_sp                             0x200005c8   Data           0  startup_stm32f10x_md.o(STACK)



==============================================================================

Memory Map of the image

  Image Entry point : 0x080000ed

  Load Region LR_IROM1 (Base: 0x08000000, Size: 0x00003088, Max: 0x00010000, ABSOLUTE)

    Execution Region ER_IROM1 (Base: 0x08000000, Size: 0x00003010, Max: 0x00010000, ABSOLUTE)

    Base Addr    Size         Type   Attr      Idx    E Section Name        Object

    0x08000000   0x000000ec   Data   RO         3106    RESET               startup_stm32f10x_md.o
    0x080000ec   0x00000000   Code   RO         3111  * .ARM.Collect$$$$00000000  mc_w.l(entry.o)
    0x080000ec   0x00000004   Code   RO         3403    .ARM.Collect$$$$00000001  mc_w.l(entry2.o)
    0x080000f0   0x00000004   Code   RO         3406    .ARM.Collect$$$$00000004  mc_w.l(entry5.o)
    0x080000f4   0x00000000   Code   RO         3408    .ARM.Collect$$$$00000008  mc_w.l(entry7b.o)
    0x080000f4   0x00000008   Code   RO         3409    .ARM.Collect$$$$00000009  mc_w.l(entry8.o)
    0x080000fc   0x00000004   Code   RO         3404    .ARM.Collect$$$$00002712  mc_w.l(entry2.o)
    0x08000100   0x00000024   Code   RO         3107    .text               startup_stm32f10x_md.o
    0x08000124   0x00000018   Code   RO         3118    .text               mc_w.l(strncpy.o)
    0x0800013c   0x000000e0   Code   RO         3387    .text               mf_w.l(dmul.o)
    0x0800021c   0x000000de   Code   RO         3389    .text               mf_w.l(ddiv.o)
    0x080002fa   0x0000001a   Code   RO         3393    .text               mf_w.l(dfltui.o)
    0x08000314   0x0000002e   Code   RO         3395    .text               mf_w.l(dfixui.o)
    0x08000342   0x00000062   Code   RO         3413    .text               mc_w.l(uldiv.o)
    0x080003a4   0x0000001e   Code   RO         3415    .text               mc_w.l(llshl.o)
    0x080003c2   0x00000020   Code   RO         3417    .text               mc_w.l(llushr.o)
    0x080003e2   0x00000000   Code   RO         3421    .text               mc_w.l(iusefp.o)
    0x080003e2   0x000000be   Code   RO         3424    .text               mf_w.l(depilogue.o)
    0x080004a0   0x00000024   Code   RO         3430    .text               mc_w.l(init.o)
    0x080004c4   0x00000120   Code   RO         2531    i.AppInit           application.o
    0x080005e4   0x00000048   Code   RO         2716    i.BSP_Init          os_global.o
    0x0800062c   0x00000002   Code   RO         2456    i.BusFault_Handler  stm32f10x_it.o
    0x0800062e   0x00000002   PAD
    0x08000630   0x0000003c   Code   RO         2830    i.CalculateHchoAver  pm25sensor.o
    0x0800066c   0x00000068   Code   RO         3018    i.DHT_Init          dht11.o
    0x080006d4   0x000000e4   Code   RO         3019    i.DHT_RxByte        dht11.o
    0x080007b8   0x00000028   Code   RO         3020    i.DHT_SetIODir      dht11.o
    0x080007e0   0x00000044   Code   RO         3021    i.DHT_Start         dht11.o
    0x08000824   0x00000002   Code   RO         2457    i.DebugMon_Handler  stm32f10x_it.o
    0x08000826   0x00000002   PAD
    0x08000828   0x00000050   Code   RO         1336    i.FLASH_PrefetchBufferCmd  stm32f10x_flash.o
    0x08000878   0x00000050   Code   RO         1341    i.FLASH_SetLatency  stm32f10x_flash.o
    0x080008c8   0x0000015c   Code   RO          313    i.GPIO_Init         stm32f10x_gpio.o
    0x08000a24   0x00000088   Code   RO          320    i.GPIO_ResetBits    stm32f10x_gpio.o
    0x08000aac   0x00000088   Code   RO          321    i.GPIO_SetBits      stm32f10x_gpio.o
    0x08000b34   0x000000ec   Code   RO          324    i.GPIO_WriteBit     stm32f10x_gpio.o
    0x08000c20   0x0000002c   Code   RO         2832    i.HCHO_CheckSum     pm25sensor.o
    0x08000c4c   0x00000094   Code   RO         2833    i.HCHO_DisplayInit  pm25sensor.o
    0x08000ce0   0x0000006a   Code   RO         2834    i.HCHO_DisplayMassFract  pm25sensor.o
    0x08000d4a   0x0000006a   Code   RO         2835    i.HCHO_DisplayPPM   pm25sensor.o
    0x08000db4   0x00000054   Code   RO         2836    i.HCHO_DisplayValue  pm25sensor.o
    0x08000e08   0x00000040   Code   RO         2837    i.HCHO_Indicate     pm25sensor.o
    0x08000e48   0x00000044   Code   RO         2838    i.HCHO_Receive      pm25sensor.o
    0x08000e8c   0x00000080   Code   RO         2839    i.HCHO_UART_IRQHandler  pm25sensor.o
    0x08000f0c   0x00000002   Code   RO         2458    i.HardFault_Handler  stm32f10x_it.o
    0x08000f0e   0x0000001e   Code   RO         2644    i.LCD1602_ClearScreen  lcd1602_drv.o
    0x08000f2c   0x00000098   Code   RO         2645    i.LCD1602_HardwareInit  lcd1602_drv.o
    0x08000fc4   0x00000104   Code   RO         2646    i.LCD1602_Init      lcd1602_drv.o
    0x080010c8   0x0000000e   Code   RO         2647    i.LCD1602_SetXY     lcd1602_drv.o
    0x080010d6   0x00000002   PAD
    0x080010d8   0x000000a0   Code   RO         2648    i.LCD1602_WriteCmd  lcd1602_drv.o
    0x08001178   0x000000a4   Code   RO         2649    i.LCD1602_WriteData  lcd1602_drv.o
    0x0800121c   0x00000018   Code   RO         2651    i.LCD1602_WriteString  lcd1602_drv.o
    0x08001234   0x0000001c   Code   RO         2652    i.LCD_enable_wait   lcd1602_drv.o
    0x08001250   0x0000002c   Code   RO         2653    i.LCD_enable_write  lcd1602_drv.o
    0x0800127c   0x00000028   Code   RO         2654    i.LCD_set_data_dir  lcd1602_drv.o
    0x080012a4   0x00000002   Code   RO         2459    i.MemManage_Handler  stm32f10x_it.o
    0x080012a6   0x00000002   Code   RO         2460    i.NMI_Handler       stm32f10x_it.o
    0x080012a8   0x0000000a   Code   RO         2532    i.NVIC_Configuration  application.o
    0x080012b2   0x00000002   PAD
    0x080012b4   0x000000ac   Code   RO            1    i.NVIC_Init         misc.o
    0x08001360   0x00000058   Code   RO            3    i.NVIC_SetVectorTable  misc.o
    0x080013b8   0x0000000c   Code   RO         2574    i.OS_GetSysTick     timermanager.o
    0x080013c4   0x00000014   Code   RO         2718    i.OS_IsTimeout      os_global.o
    0x080013d8   0x0000000c   Code   RO         2719    i.OS_SetTimeout     os_global.o
    0x080013e4   0x00000040   Code   RO         2780    i.OS_TimerCheck     os_timer.o
    0x08001424   0x0000001a   Code   RO         2781    i.OS_TimerInit      os_timer.o
    0x0800143e   0x00000002   PAD
    0x08001440   0x00000030   Code   RO         2783    i.OS_TimerStart     os_timer.o
    0x08001470   0x00000020   Code   RO         2784    i.OS_TimerStop      os_timer.o
    0x08001490   0x00000060   Code   RO         2846    i.PM25_Init         pm25sensor.o
    0x080014f0   0x0000007c   Code   RO         2847    i.PM25_Receive      pm25sensor.o
    0x0800156c   0x0000007c   Code   RO         2848    i.PM25_UART_IRQHandler  pm25sensor.o
    0x080015e8   0x00000002   Code   RO         2461    i.PendSV_Handler    stm32f10x_it.o
    0x080015ea   0x00000002   PAD
    0x080015ec   0x00000060   Code   RO          109    i.RCC_APB1PeriphClockCmd  stm32f10x_rcc.o
    0x0800164c   0x00000060   Code   RO          111    i.RCC_APB2PeriphClockCmd  stm32f10x_rcc.o
    0x080016ac   0x00000040   Code   RO          118    i.RCC_DeInit        stm32f10x_rcc.o
    0x080016ec   0x00000098   Code   RO          119    i.RCC_GetClocksFreq  stm32f10x_rcc.o
    0x08001784   0x00000088   Code   RO          120    i.RCC_GetFlagStatus  stm32f10x_rcc.o
    0x0800180c   0x00000010   Code   RO          122    i.RCC_GetSYSCLKSource  stm32f10x_rcc.o
    0x0800181c   0x00000064   Code   RO          123    i.RCC_HCLKConfig    stm32f10x_rcc.o
    0x08001880   0x00000040   Code   RO          125    i.RCC_HSICmd        stm32f10x_rcc.o
    0x080018c0   0x0000005c   Code   RO          130    i.RCC_PCLK1Config   stm32f10x_rcc.o
    0x0800191c   0x0000005c   Code   RO          131    i.RCC_PCLK2Config   stm32f10x_rcc.o
    0x08001978   0x00000040   Code   RO          132    i.RCC_PLLCmd        stm32f10x_rcc.o
    0x080019b8   0x000000b4   Code   RO          133    i.RCC_PLLConfig     stm32f10x_rcc.o
    0x08001a6c   0x0000004c   Code   RO          136    i.RCC_SYSCLKConfig  stm32f10x_rcc.o
    0x08001ab8   0x00000002   Code   RO         2462    i.SVC_Handler       stm32f10x_it.o
    0x08001aba   0x00000002   PAD
    0x08001abc   0x00000094   Code   RO         3075    i.SetSysClockTo72   system_stm32f10x.o
    0x08001b50   0x00000070   Code   RO         2534    i.SysClockConfig    application.o
    0x08001bc0   0x00000004   Code   RO         2463    i.SysTick_Handler   stm32f10x_it.o
    0x08001bc4   0x00000014   Code   RO         2575    i.SysTick_Increment  timermanager.o
    0x08001bd8   0x00000038   Code   RO         2576    i.SysTick_Init      timermanager.o
    0x08001c10   0x0000000e   Code   RO         2721    i.Sys_IsBigEndian   os_global.o
    0x08001c1e   0x00000002   PAD
    0x08001c20   0x00000050   Code   RO         3077    i.SystemInit        system_stm32f10x.o
    0x08001c70   0x000000f8   Code   RO          735    i.TIM_Cmd           stm32f10x_tim.o
    0x08001d68   0x00000178   Code   RO          806    i.TIM_TimeBaseInit  stm32f10x_tim.o
    0x08001ee0   0x00000012   Code   RO          807    i.TIM_TimeBaseStructInit  stm32f10x_tim.o
    0x08001ef2   0x00000060   Code   RO         2849    i.TempHumi_Display  pm25sensor.o
    0x08001f52   0x00000002   PAD
    0x08001f54   0x000000d0   Code   RO         2850    i.TimerCalculator_CallBack  pm25sensor.o
    0x08002024   0x000001c4   Code   RO         3022    i.TimerDHT_CallBack  dht11.o
    0x080021e8   0x00000034   Code   RO         3023    i.TimerGetTempHumi_CallBack  dht11.o
    0x0800221c   0x00000114   Code   RO         2851    i.TimerSensorTask_CallBack  pm25sensor.o
    0x08002330   0x00000030   Code   RO         2852    i.TimerSwitchDisplay_CallBack  pm25sensor.o
    0x08002360   0x00000004   Code   RO         2970    i.USART1_IRQHandler  uart_drv.o
    0x08002364   0x000000a0   Code   RO         2971    i.USART1_Init       uart_drv.o
    0x08002404   0x00000002   Code   RO         2972    i.USART2_IRQHandler  uart_drv.o
    0x08002406   0x00000002   PAD
    0x08002408   0x00000098   Code   RO         2973    i.USART2_Init       uart_drv.o
    0x080024a0   0x00000004   Code   RO         2974    i.USART3_IRQHandler  uart_drv.o
    0x080024a4   0x0000009c   Code   RO         2975    i.USART3_Init       uart_drv.o
    0x08002540   0x00000088   Code   RO          545    i.USART_Cmd         stm32f10x_usart.o
    0x080025c8   0x00000114   Code   RO          549    i.USART_GetITStatus  stm32f10x_usart.o
    0x080026dc   0x00000108   Code   RO          551    i.USART_ITConfig    stm32f10x_usart.o
    0x080027e4   0x000001b8   Code   RO          552    i.USART_Init        stm32f10x_usart.o
    0x0800299c   0x0000006c   Code   RO          559    i.USART_ReceiveData  stm32f10x_usart.o
    0x08002a08   0x00000080   Code   RO          562    i.USART_SendData    stm32f10x_usart.o
    0x08002a88   0x00000002   Code   RO         2464    i.USB_HP_CAN1_TX_IRQHandler  stm32f10x_it.o
    0x08002a8a   0x00000002   Code   RO         2465    i.USB_LP_CAN1_RX0_IRQHandler  stm32f10x_it.o
    0x08002a8c   0x00000002   Code   RO         2466    i.UsageFault_Handler  stm32f10x_it.o
    0x08002a8e   0x00000002   PAD
    0x08002a90   0x00000020   Code   RO         3255    i.__0printf$5       mc_w.l(printf5.o)
    0x08002ab0   0x00000028   Code   RO         3256    i.__0snprintf$5     mc_w.l(printf5.o)
    0x08002ad8   0x0000000e   Code   RO         3434    i.__scatterload_copy  mc_w.l(handlers.o)
    0x08002ae6   0x00000002   Code   RO         3435    i.__scatterload_null  mc_w.l(handlers.o)
    0x08002ae8   0x0000000e   Code   RO         3436    i.__scatterload_zeroinit  mc_w.l(handlers.o)
    0x08002af6   0x00000002   PAD
    0x08002af8   0x00000050   Code   RO         2608    i._init_ms          delay.o
    0x08002b48   0x00000050   Code   RO         2609    i._init_us          delay.o
    0x08002b98   0x000002d0   Code   RO         3262    i._printf_core      mc_w.l(printf5.o)
    0x08002e68   0x00000016   Code   RO         3263    i._snputc           mc_w.l(printf5.o)
    0x08002e7e   0x00000018   Code   RO         2610    i._stop_timer       delay.o
    0x08002e96   0x00000002   PAD
    0x08002e98   0x00000028   Code   RO         2723    i.assert_failed     os_global.o
    0x08002ec0   0x0000001e   Code   RO         2611    i.delay_ms          delay.o
    0x08002ede   0x0000001e   Code   RO         2612    i.delay_us          delay.o
    0x08002efc   0x0000001c   Code   RO         2976    i.fputc             uart_drv.o
    0x08002f18   0x0000001c   Code   RO         2414    i.main              main.o
    0x08002f34   0x00000026   Code   RO         2786    i.os_timer_arm      os_timer.o
    0x08002f5a   0x00000002   PAD
    0x08002f5c   0x00000041   Data   RO         2535    .constdata          application.o
    0x08002f9d   0x00000003   PAD
    0x08002fa0   0x00000050   Data   RO         3025    .constdata          dht11.o
    0x08002ff0   0x00000020   Data   RO         3432    Region$$Table       anon$$obj.o


    Execution Region RW_IRAM1 (Base: 0x20000000, Size: 0x000005c8, Max: 0x00005000, ABSOLUTE)

    Base Addr    Size         Type   Attr      Idx    E Section Name        Object

    0x20000000   0x00000014   Data   RW          139    .data               stm32f10x_rcc.o
    0x20000014   0x00000008   Data   RW         2577    .data               timermanager.o
    0x2000001c   0x00000001   Data   RW         2724    .data               os_global.o
    0x2000001d   0x00000003   PAD
    0x20000020   0x00000008   Data   RW         2787    .data               os_timer.o
    0x20000028   0x00000024   Data   RW         2855    .data               pm25sensor.o
    0x2000004c   0x00000011   Data   RW         3026    .data               dht11.o
    0x2000005d   0x00000003   PAD
    0x20000060   0x00000014   Data   RW         3078    .data               system_stm32f10x.o
    0x20000074   0x00000004   Data   RW         3410    .data               mc_w.l(stdout.o)
    0x20000078   0x00000118   Zero   RW         2853    .bss                pm25sensor.o
    0x20000190   0x00000038   Zero   RW         3024    .bss                dht11.o
    0x200001c8   0x00000400   Zero   RW         3104    STACK               startup_stm32f10x_md.o


==============================================================================

Image component sizes


      Code (inc. data)   RO Data    RW Data    ZI Data      Debug   Object Name

       410         96         65          0          0       3199   application.o
         0          0          0          0          0         32   core_cm3.o
       244         14          0          0          0       2646   delay.o
       944        192         80         17         56       5234   dht11.o
       916         48          0          0          0       5321   lcd1602_drv.o
        28          6          0          0          0       7265   main.o
       260         70          0          0          0     252166   misc.o
       158         72          0          1          0       2850   os_global.o
       208         14          0          8          0       2997   os_timer.o
      1780        230          0         36        280      11043   pm25sensor.o
        36          8        236          0       1024        764   startup_stm32f10x_md.o
       160         84          0          0          0       1009   stm32f10x_flash.o
       856        246          0          0          0       3704   stm32f10x_gpio.o
        24          0          0          0          0       4147   stm32f10x_it.o
      1228        418          0         20          0       9367   stm32f10x_rcc.o
       642        192          0          0          0       2574   stm32f10x_tim.o
      1352        342          0          0          0       5791   stm32f10x_usart.o
       228         26          0         20          0       1645   system_stm32f10x.o
        88         22          0          8          0      16857   timermanager.o
       506         30          0          0          0       3630   uart_drv.o

    ----------------------------------------------------------------------
     10094       2110        416        116       1360     342241   Object Totals
         0          0         32          0          0          0   (incl. Generated)
        26          0          3          6          0          0   (incl. Padding)

    ----------------------------------------------------------------------

      Code (inc. data)   RO Data    RW Data    ZI Data      Debug   Library Member Name

         0          0          0          0          0          0   entry.o
         8          4          0          0          0          0   entry2.o
         4          0          0          0          0          0   entry5.o
         0          0          0          0          0          0   entry7b.o
         8          4          0          0          0          0   entry8.o
        30          0          0          0          0          0   handlers.o
        36          8          0          0          0         68   init.o
         0          0          0          0          0          0   iusefp.o
        30          0          0          0          0         68   llshl.o
        32          0          0          0          0         68   llushr.o
       814         58          0          0          0        336   printf5.o
         0          0          0          4          0          0   stdout.o
        24          0          0          0          0         76   strncpy.o
        98          0          0          0          0         92   uldiv.o
       222          0          0          0          0        100   ddiv.o
       190          0          0          0          0        176   depilogue.o
        46          0          0          0          0         68   dfixui.o
        26          0          0          0          0         76   dfltui.o
       224          0          0          0          0         96   dmul.o

    ----------------------------------------------------------------------
      1794         74          0          4          0       1224   Library Totals
         2          0          0          0          0          0   (incl. Padding)

    ----------------------------------------------------------------------

      Code (inc. data)   RO Data    RW Data    ZI Data      Debug   Library Name

      1084         74          0          4          0        708   mc_w.l
       708          0          0          0          0        516   mf_w.l

    ----------------------------------------------------------------------
      1794         74          0          4          0       1224   Library Totals

    ----------------------------------------------------------------------

==============================================================================


      Code (inc. data)   RO Data    RW Data    ZI Data      Debug   

     11888       2184        416        120       1360     337589   Grand Totals
     11888       2184        416        120       1360     337589   ELF Image Totals
     11888       2184        416        120          0          0   ROM Totals

==============================================================================

    Total RO  Size (Code + RO Data)                12304 (  12.02kB)
    Total RW  Size (RW Data + ZI Data)              1480 (   1.45kB)
    Total ROM Size (Code + RO Data + RW Data)      12424 (  12.13kB)

==============================================================================

